stm32f4xx_ll_bus.h:411:22:LL_AHB1_GRP1_EnableClock	8	static
sim7600_uart_dma.h:84:22:stringContain.constprop	8	static
sim7600_uart_dma.c:41:6:sim7600_gpio_init	32	static
sim7600_uart_dma.c:150:6:sim7600_powerON	16	static
sim7600_uart_dma.c:58:6:sim7600_init	88	static
sim7600_uart_dma.c:162:6:sim7600_powerOFF	16	static
sim7600_uart_dma.c:174:6:sim7600_reset	16	static
sim7600_uart_dma.c:251:6:sim7600_sync_timer_udp	0	static
sim7600_uart_dma.c:282:6:sim7600_update_response	8	static
sim7600_uart_dma.c:327:6:sim7600_get_ipv4	0	static
sim7600_uart_dma.c:457:6:sim7600_uart_send_byte	0	static
sim7600_uart_dma.c:440:6:sim7600_usart_send_string	8	static
sim7600_uart_dma.c:291:6:sim7600_open_tcp_connect	32	static
sim7600_uart_dma.c:378:6:sim7600_send_cmd	48	static
sim7600_uart_dma.c:506:6:sim7600_handle_received_data	24	static
sim7600_uart_dma.c:478:6:sim7600_usart_rx_check	24	static
sim7600_uart_dma.c:656:10:sim7600_check_sum_data	0	static
sim7600_uart_dma.c:685:6:CheckSumCMD	16	static
sim7600_uart_dma.c:694:6:sim7600_handle_tcp_packet	0	static
sim7600_uart_dma.c:786:6:sim7600_usart_IRQHandler	8	static
sim7600_uart_dma.c:807:6:sim7600_change_baud	8	static
sim7600_uart_dma.c:189:6:sim7600_config	16	static
sim7600_uart_dma.c:409:6:sim7600_restart	16	static
sim7600_uart_dma.c:336:6:sim7600_handle_error	16	static
