Archive member included to satisfy reference by file (symbol)

c:/st/stm32cubeide_1.6.1/stm32cubeide/plugins/com.st.stm32cube.ide.mcu.externaltools.gnu-tools-for-stm32.9-2020-q2-update.win32_1.5.0.202011040924/tools/bin/../lib/gcc/arm-none-eabi/9.3.1/../../../../arm-none-eabi/lib/thumb/v7e-m+fp/hard\libc_nano.a(lib_a-errno.o)
                              Core/Src/syscalls.o (__errno)
c:/st/stm32cubeide_1.6.1/stm32cubeide/plugins/com.st.stm32cube.ide.mcu.externaltools.gnu-tools-for-stm32.9-2020-q2-update.win32_1.5.0.202011040924/tools/bin/../lib/gcc/arm-none-eabi/9.3.1/../../../../arm-none-eabi/lib/thumb/v7e-m+fp/hard\libc_nano.a(lib_a-exit.o)
                              c:/st/stm32cubeide_1.6.1/stm32cubeide/plugins/com.st.stm32cube.ide.mcu.externaltools.gnu-tools-for-stm32.9-2020-q2-update.win32_1.5.0.202011040924/tools/bin/../lib/gcc/arm-none-eabi/9.3.1/../../../../arm-none-eabi/lib/thumb/v7e-m+fp/hard/crt0.o (exit)
c:/st/stm32cubeide_1.6.1/stm32cubeide/plugins/com.st.stm32cube.ide.mcu.externaltools.gnu-tools-for-stm32.9-2020-q2-update.win32_1.5.0.202011040924/tools/bin/../lib/gcc/arm-none-eabi/9.3.1/../../../../arm-none-eabi/lib/thumb/v7e-m+fp/hard\libc_nano.a(lib_a-impure.o)
                              c:/st/stm32cubeide_1.6.1/stm32cubeide/plugins/com.st.stm32cube.ide.mcu.externaltools.gnu-tools-for-stm32.9-2020-q2-update.win32_1.5.0.202011040924/tools/bin/../lib/gcc/arm-none-eabi/9.3.1/../../../../arm-none-eabi/lib/thumb/v7e-m+fp/hard\libc_nano.a(lib_a-exit.o) (_global_impure_ptr)
c:/st/stm32cubeide_1.6.1/stm32cubeide/plugins/com.st.stm32cube.ide.mcu.externaltools.gnu-tools-for-stm32.9-2020-q2-update.win32_1.5.0.202011040924/tools/bin/../lib/gcc/arm-none-eabi/9.3.1/../../../../arm-none-eabi/lib/thumb/v7e-m+fp/hard\libc_nano.a(lib_a-init.o)
                              c:/st/stm32cubeide_1.6.1/stm32cubeide/plugins/com.st.stm32cube.ide.mcu.externaltools.gnu-tools-for-stm32.9-2020-q2-update.win32_1.5.0.202011040924/tools/bin/../lib/gcc/arm-none-eabi/9.3.1/../../../../arm-none-eabi/lib/thumb/v7e-m+fp/hard/crt0.o (__libc_init_array)
c:/st/stm32cubeide_1.6.1/stm32cubeide/plugins/com.st.stm32cube.ide.mcu.externaltools.gnu-tools-for-stm32.9-2020-q2-update.win32_1.5.0.202011040924/tools/bin/../lib/gcc/arm-none-eabi/9.3.1/../../../../arm-none-eabi/lib/thumb/v7e-m+fp/hard\libc_nano.a(lib_a-memcpy-stub.o)
                              Middlewares/Third_Party/FreeRTOS/Source/queue.o (memcpy)
c:/st/stm32cubeide_1.6.1/stm32cubeide/plugins/com.st.stm32cube.ide.mcu.externaltools.gnu-tools-for-stm32.9-2020-q2-update.win32_1.5.0.202011040924/tools/bin/../lib/gcc/arm-none-eabi/9.3.1/../../../../arm-none-eabi/lib/thumb/v7e-m+fp/hard\libc_nano.a(lib_a-memset.o)
                              c:/st/stm32cubeide_1.6.1/stm32cubeide/plugins/com.st.stm32cube.ide.mcu.externaltools.gnu-tools-for-stm32.9-2020-q2-update.win32_1.5.0.202011040924/tools/bin/../lib/gcc/arm-none-eabi/9.3.1/../../../../arm-none-eabi/lib/thumb/v7e-m+fp/hard/crt0.o (memset)
c:/st/stm32cubeide_1.6.1/stm32cubeide/plugins/com.st.stm32cube.ide.mcu.externaltools.gnu-tools-for-stm32.9-2020-q2-update.win32_1.5.0.202011040924/tools/bin/../lib/gcc/arm-none-eabi/9.3.1/../../../../arm-none-eabi/lib/thumb/v7e-m+fp/hard\libc_nano.a(lib_a-puts.o)
                              sim7600_driver/src/sim7600_uart_dma.o (puts)
c:/st/stm32cubeide_1.6.1/stm32cubeide/plugins/com.st.stm32cube.ide.mcu.externaltools.gnu-tools-for-stm32.9-2020-q2-update.win32_1.5.0.202011040924/tools/bin/../lib/gcc/arm-none-eabi/9.3.1/../../../../arm-none-eabi/lib/thumb/v7e-m+fp/hard\libc_nano.a(lib_a-sprintf.o)
                              sim7600_driver/src/sim7600_uart_dma.o (sprintf)
c:/st/stm32cubeide_1.6.1/stm32cubeide/plugins/com.st.stm32cube.ide.mcu.externaltools.gnu-tools-for-stm32.9-2020-q2-update.win32_1.5.0.202011040924/tools/bin/../lib/gcc/arm-none-eabi/9.3.1/../../../../arm-none-eabi/lib/thumb/v7e-m+fp/hard\libc_nano.a(lib_a-strlen.o)
                              sim7600_driver/src/sim7600_uart_dma.o (strlen)
c:/st/stm32cubeide_1.6.1/stm32cubeide/plugins/com.st.stm32cube.ide.mcu.externaltools.gnu-tools-for-stm32.9-2020-q2-update.win32_1.5.0.202011040924/tools/bin/../lib/gcc/arm-none-eabi/9.3.1/../../../../arm-none-eabi/lib/thumb/v7e-m+fp/hard\libc_nano.a(lib_a-strstr.o)
                              sim7600_driver/src/sim7600_uart_dma.o (strstr)
c:/st/stm32cubeide_1.6.1/stm32cubeide/plugins/com.st.stm32cube.ide.mcu.externaltools.gnu-tools-for-stm32.9-2020-q2-update.win32_1.5.0.202011040924/tools/bin/../lib/gcc/arm-none-eabi/9.3.1/../../../../arm-none-eabi/lib/thumb/v7e-m+fp/hard\libc_nano.a(lib_a-wbuf.o)
                              c:/st/stm32cubeide_1.6.1/stm32cubeide/plugins/com.st.stm32cube.ide.mcu.externaltools.gnu-tools-for-stm32.9-2020-q2-update.win32_1.5.0.202011040924/tools/bin/../lib/gcc/arm-none-eabi/9.3.1/../../../../arm-none-eabi/lib/thumb/v7e-m+fp/hard\libc_nano.a(lib_a-puts.o) (__swbuf_r)
[...]
Memory Configuration

Name             Origin             Length             Attributes
CCMRAM           0x0000000010000000 0x0000000000010000 xrw
RAM              0x0000000020000000 0x0000000000020000 xrw
FLASH            0x0000000008000000 0x0000000000080000 xr
*default*        0x0000000000000000 0xffffffffffffffff

Linker script and memory map

LOAD c:/st/stm32cubeide_1.6.1/stm32cubeide/plugins/com.st.stm32cube.ide.mcu.externaltools.gnu-tools-for-stm32.9-2020-q2-update.win32_1.5.0.202011040924/tools/bin/../lib/gcc/arm-none-eabi/9.3.1/thumb/v7e-m+fp/hard/crti.o
LOAD c:/st/stm32cubeide_1.6.1/stm32cubeide/plugins/com.st.stm32cube.ide.mcu.externaltools.gnu-tools-for-stm32.9-2020-q2-update.win32_1.5.0.202011040924/tools/bin/../lib/gcc/arm-none-eabi/9.3.1/thumb/v7e-m+fp/hard/crtbegin.o
LOAD c:/st/stm32cubeide_1.6.1/stm32cubeide/plugins/com.st.stm32cube.ide.mcu.externaltools.gnu-tools-for-stm32.9-2020-q2-update.win32_1.5.0.202011040924/tools/bin/../lib/gcc/arm-none-eabi/9.3.1/../../../../arm-none-eabi/lib/thumb/v7e-m+fp/hard/crt0.o
LOAD Core/Src/freertos.o
LOAD Core/Src/main.o
LOAD Core/Src/stm32f4xx_hal_msp.o
LOAD Core/Src/stm32f4xx_hal_timebase_tim.o
LOAD Core/Src/stm32f4xx_it.o
LOAD Core/Src/syscalls.o
LOAD Core/Src/sysmem.o
LOAD Core/Src/system_stm32f4xx.o
LOAD Core/Startup/startup_stm32f407vetx.o
LOAD Drivers/STM32F4xx_HAL_Driver/Src/stm32f4xx_hal.o
LOAD Drivers/STM32F4xx_HAL_Driver/Src/stm32f4xx_hal_cortex.o
LOAD Drivers/STM32F4xx_HAL_Driver/Src/stm32f4xx_hal_dma.o
LOAD Drivers/STM32F4xx_HAL_Driver/Src/stm32f4xx_hal_dma_ex.o
LOAD Drivers/STM32F4xx_HAL_Driver/Src/stm32f4xx_hal_exti.o
LOAD Drivers/STM32F4xx_HAL_Driver/Src/stm32f4xx_hal_flash.o
LOAD Drivers/STM32F4xx_HAL_Driver/Src/stm32f4xx_hal_flash_ex.o
LOAD Drivers/STM32F4xx_HAL_Driver/Src/stm32f4xx_hal_flash_ramfunc.o
LOAD Drivers/STM32F4xx_HAL_Driver/Src/stm32f4xx_hal_gpio.o
LOAD Drivers/STM32F4xx_HAL_Driver/Src/stm32f4xx_hal_pwr.o
LOAD Drivers/STM32F4xx_HAL_Driver/Src/stm32f4xx_hal_pwr_ex.o
LOAD Drivers/STM32F4xx_HAL_Driver/Src/stm32f4xx_hal_rcc.o
LOAD Drivers/STM32F4xx_HAL_Driver/Src/stm32f4xx_hal_rcc_ex.o
LOAD Drivers/STM32F4xx_HAL_Driver/Src/stm32f4xx_hal_spi.o
LOAD Drivers/STM32F4xx_HAL_Driver/Src/stm32f4xx_hal_tim.o
LOAD Drivers/STM32F4xx_HAL_Driver/Src/stm32f4xx_hal_tim_ex.o
LOAD Drivers/STM32F4xx_HAL_Driver/Src/stm32f4xx_ll_dma.o
LOAD Drivers/STM32F4xx_HAL_Driver/Src/stm32f4xx_ll_exti.o
LOAD Drivers/STM32F4xx_HAL_Driver/Src/stm32f4xx_ll_gpio.o
LOAD Drivers/STM32F4xx_HAL_Driver/Src/stm32f4xx_ll_rcc.o
LOAD Drivers/STM32F4xx_HAL_Driver/Src/stm32f4xx_ll_usart.o
LOAD Drivers/STM32F4xx_HAL_Driver/Src/stm32f4xx_ll_utils.o
LOAD Middlewares/Third_Party/FreeRTOS/Source/CMSIS_RTOS/cmsis_os.o
LOAD Middlewares/Third_Party/FreeRTOS/Source/croutine.o
LOAD Middlewares/Third_Party/FreeRTOS/Source/event_groups.o
LOAD Middlewares/Third_Party/FreeRTOS/Source/list.o
LOAD Middlewares/Third_Party/FreeRTOS/Source/queue.o
LOAD Middlewares/Third_Party/FreeRTOS/Source/stream_buffer.o
LOAD Middlewares/Third_Party/FreeRTOS/Source/tasks.o
LOAD Middlewares/Third_Party/FreeRTOS/Source/timers.o
LOAD Middlewares/Third_Party/FreeRTOS/Source/portable/GCC/ARM_CM4F/port.o
LOAD Middlewares/Third_Party/FreeRTOS/Source/portable/MemMang/heap_4.o
LOAD sim7600_driver/src/sim7600_uart_dma.o
LOAD vs1003/src/vs1003.o
START GROUP
LOAD c:/st/stm32cubeide_1.6.1/stm32cubeide/plugins/com.st.stm32cube.ide.mcu.externaltools.gnu-tools-for-stm32.9-2020-q2-update.win32_1.5.0.202011040924/tools/bin/../lib/gcc/arm-none-eabi/9.3.1/../../../../arm-none-eabi/lib/thumb/v7e-m+fp/hard\libc_nano.a
LOAD c:/st/stm32cubeide_1.6.1/stm32cubeide/plugins/com.st.stm32cube.ide.mcu.externaltools.gnu-tools-for-stm32.9-2020-q2-update.win32_1.5.0.202011040924/tools/bin/../lib/gcc/arm-none-eabi/9.3.1/../../../../arm-none-eabi/lib/thumb/v7e-m+fp/hard\libm.a
END GROUP
START GROUP
LOAD c:/st/stm32cubeide_1.6.1/stm32cubeide/plugins/com.st.stm32cube.ide.mcu.externaltools.gnu-tools-for-stm32.9-2020-q2-update.win32_1.5.0.202011040924/tools/bin/../lib/gcc/arm-none-eabi/9.3.1/thumb/v7e-m+fp/hard\libgcc.a
LOAD c:/st/stm32cubeide_1.6.1/stm32cubeide/plugins/com.st.stm32cube.ide.mcu.externaltools.gnu-tools-for-stm32.9-2020-q2-update.win32_1.5.0.202011040924/tools/bin/../lib/gcc/arm-none-eabi/9.3.1/../../../../arm-none-eabi/lib/thumb/v7e-m+fp/hard\libc_nano.a
END GROUP
START GROUP
LOAD c:/st/stm32cubeide_1.6.1/stm32cubeide/plugins/com.st.stm32cube.ide.mcu.externaltools.gnu-tools-for-stm32.9-2020-q2-update.win32_1.5.0.202011040924/tools/bin/../lib/gcc/arm-none-eabi/9.3.1/thumb/v7e-m+fp/hard\libgcc.a
LOAD c:/st/stm32cubeide_1.6.1/stm32cubeide/plugins/com.st.stm32cube.ide.mcu.externaltools.gnu-tools-for-stm32.9-2020-q2-update.win32_1.5.0.202011040924/tools/bin/../lib/gcc/arm-none-eabi/9.3.1/../../../../arm-none-eabi/lib/thumb/v7e-m+fp/hard\libc_nano.a
LOAD c:/st/stm32cubeide_1.6.1/stm32cubeide/plugins/com.st.stm32cube.ide.mcu.externaltools.gnu-tools-for-stm32.9-2020-q2-update.win32_1.5.0.202011040924/tools/bin/../lib/gcc/arm-none-eabi/9.3.1/../../../../arm-none-eabi/lib/thumb/v7e-m+fp/hard\libnosys.a
END GROUP
START GROUP
LOAD c:/st/stm32cubeide_1.6.1/stm32cubeide/plugins/com.st.stm32cube.ide.mcu.externaltools.gnu-tools-for-stm32.9-2020-q2-update.win32_1.5.0.202011040924/tools/bin/../lib/gcc/arm-none-eabi/9.3.1/thumb/v7e-m+fp/hard\libgcc.a
LOAD c:/st/stm32cubeide_1.6.1/stm32cubeide/plugins/com.st.stm32cube.ide.mcu.externaltools.gnu-tools-for-stm32.9-2020-q2-update.win32_1.5.0.202011040924/tools/bin/../lib/gcc/arm-none-eabi/9.3.1/../../../../arm-none-eabi/lib/thumb/v7e-m+fp/hard\libc_nano.a
LOAD c:/st/stm32cubeide_1.6.1/stm32cubeide/plugins/com.st.stm32cube.ide.mcu.externaltools.gnu-tools-for-stm32.9-2020-q2-update.win32_1.5.0.202011040924/tools/bin/../lib/gcc/arm-none-eabi/9.3.1/../../../../arm-none-eabi/lib/thumb/v7e-m+fp/hard\libnosys.a
END GROUP
LOAD c:/st/stm32cubeide_1.6.1/stm32cubeide/plugins/com.st.stm32cube.ide.mcu.externaltools.gnu-tools-for-stm32.9-2020-q2-update.win32_1.5.0.202011040924/tools/bin/../lib/gcc/arm-none-eabi/9.3.1/thumb/v7e-m+fp/hard/crtend.o
LOAD c:/st/stm32cubeide_1.6.1/stm32cubeide/plugins/com.st.stm32cube.ide.mcu.externaltools.gnu-tools-for-stm32.9-2020-q2-update.win32_1.5.0.202011040924/tools/bin/../lib/gcc/arm-none-eabi/9.3.1/thumb/v7e-m+fp/hard/crtn.o
                0x0000000020020000                _estack = (ORIGIN (RAM) + LENGTH (RAM))
                0x0000000000000200                _Min_Heap_Size = 0x200
                0x0000000000000400                _Min_Stack_Size = 0x400

.isr_vector     0x0000000008000000      0x188
                0x0000000008000000                . = ALIGN (0x4)
 *(.isr_vector)
 .isr_vector    0x0000000008000000      0x188 Core/Startup/startup_stm32f407vetx.o
                0x0000000008000000                g_pfnVectors
                0x0000000008000188                . = ALIGN (0x4)

.text           0x0000000008000190     0x9fac
                0x0000000008000190                . = ALIGN (0x4)
 *(.text)
 .text          0x0000000008000190       0x40 c:/st/stm32cubeide_1.6.1/stm32cubeide/plugins/com.st.stm32cube.ide.mcu.externaltools.gnu-tools-for-stm32.9-2020-q2-update.win32_1.5.0.202011040924/tools/bin/../lib/gcc/arm-none-eabi/9.3.1/thumb/v7e-m+fp/hard/crtbegin.o
 .text          0x00000000080001d0       0x10 c:/st/stm32cubeide_1.6.1/stm32cubeide/plugins/com.st.stm32cube.ide.mcu.externaltools.gnu-tools-for-stm32.9-2020-q2-update.win32_1.5.0.202011040924/tools/bin/../lib/gcc/arm-none-eabi/9.3.1/../../../../arm-none-eabi/lib/thumb/v7e-m+fp/hard\libc_nano.a(lib_a-strlen.o)
                0x00000000080001d0                strlen
 .text          0x00000000080001e0       0xa0 c:/st/stm32cubeide_1.6.1/stm32cubeide/plugins/com.st.stm32cube.ide.mcu.externaltools.gnu-tools-for-stm32.9-2020-q2-update.win32_1.5.0.202011040924/tools/bin/../lib/gcc/arm-none-eabi/9.3.1/../../../../arm-none-eabi/lib/thumb/v7e-m+fp/hard\libc_nano.a(lib_a-memchr.o)
                0x00000000080001e0                memchr
 .text          0x0000000008000280       0x30 c:/st/stm32cubeide_1.6.1/stm32cubeide/plugins/com.st.stm32cube.ide.mcu.externaltools.gnu-tools-for-stm32.9-2020-q2-update.win32_1.5.0.202011040924/tools/bin/../lib/gcc/arm-none-eabi/9.3.1/thumb/v7e-m+fp/hard\libgcc.a(_aeabi_uldivmod.o)
                0x0000000008000280                __aeabi_uldivmod
 .text          0x00000000080002b0      0x2c4 c:/st/stm32cubeide_1.6.1/stm32cubeide/plugins/com.st.stm32cube.ide.mcu.externaltools.gnu-tools-for-stm32.9-2020-q2-update.win32_1.5.0.202011040924/tools/bin/../lib/gcc/arm-none-eabi/9.3.1/thumb/v7e-m+fp/hard\libgcc.a(_udivmoddi4.o)
                0x00000000080002b0                __udivmoddi4
 .text          0x0000000008000574        0x4 c:/st/stm32cubeide_1.6.1/stm32cubeide/plugins/com.st.stm32cube.ide.mcu.externaltools.gnu-tools-for-stm32.9-2020-q2-update.win32_1.5.0.202011040924/tools/bin/../lib/gcc/arm-none-eabi/9.3.1/thumb/v7e-m+fp/hard\libgcc.a(_dvmd_tls.o)
                0x0000000008000574                __aeabi_idiv0
                0x0000000008000574                __aeabi_ldiv0
 *(.text*)
 .text.vApplicationGetIdleTaskMemory
                0x0000000008000578       0x34 Core/Src/freertos.o
                0x0000000008000578                vApplicationGetIdleTaskMemory
 .text.__NVIC_GetPriorityGrouping
                0x00000000080005ac       0x1c Core/Src/main.o
 .text.__NVIC_EnableIRQ
                0x00000000080005c8       0x3c Core/Src/main.o
 .text.__NVIC_SetPriority
                0x0000000008000604       0x54 Core/Src/main.o
 .text.NVIC_EncodePriority
                0x0000000008000658       0x66 Core/Src/main.o
 .text.ITM_SendChar
                0x00000000080006be       0x4e Core/Src/main.o
 .text.LL_DMA_DisableStream
                0x000000000800070c       0x40 Core/Src/main.o
 .text.LL_DMA_IsEnabledStream
                0x000000000800074c       0x38 Core/Src/main.o
 .text.LL_DMA_IsActiveFlag_HT2
                0x0000000008000784       0x28 Core/Src/main.o
 .text.LL_DMA_IsActiveFlag_TC2
                0x00000000080007ac       0x28 Core/Src/main.o
 .text.LL_DMA_ClearFlag_HT2
                0x00000000080007d4       0x1c Core/Src/main.o
 .text.LL_DMA_ClearFlag_TC2
                0x00000000080007f0       0x1c Core/Src/main.o
 .text.LL_DMA_IsEnabledIT_HT
                0x000000000800080c       0x38 Core/Src/main.o
 .text.LL_DMA_IsEnabledIT_TC
                0x0000000008000844       0x38 Core/Src/main.o
 .text.LL_RCC_HSE_Enable
                0x000000000800087c       0x20 Core/Src/main.o
 .text.LL_RCC_HSE_IsReady
                0x000000000800089c       0x28 Core/Src/main.o
 .text.LL_RCC_SetSysClkSource
                0x00000000080008c4       0x28 Core/Src/main.o
 .text.LL_RCC_GetSysClkSource
                0x00000000080008ec       0x1c Core/Src/main.o
 .text.LL_RCC_SetAHBPrescaler
                0x0000000008000908       0x28 Core/Src/main.o
 .text.LL_RCC_SetAPB1Prescaler
                0x0000000008000930       0x28 Core/Src/main.o
 .text.LL_RCC_SetAPB2Prescaler
                0x0000000008000958       0x28 Core/Src/main.o
 .text.LL_RCC_PLL_Enable
                0x0000000008000980       0x20 Core/Src/main.o
 .text.LL_RCC_PLL_IsReady
                0x00000000080009a0       0x28 Core/Src/main.o
 .text.LL_RCC_PLL_ConfigDomain_SYS
                0x00000000080009c8       0x4c Core/Src/main.o
 .text.LL_AHB1_GRP1_EnableClock
                0x0000000008000a14       0x30 Core/Src/main.o
 .text.LL_SYSCFG_SetEXTISource
                0x0000000008000a44       0x5c Core/Src/main.o
 .text.LL_FLASH_SetLatency
                0x0000000008000aa0       0x28 Core/Src/main.o
 .text.LL_FLASH_GetLatency
                0x0000000008000ac8       0x1c Core/Src/main.o
 .text.LL_PWR_SetRegulVoltageScaling
                0x0000000008000ae4       0x28 Core/Src/main.o
 .text.LL_GPIO_SetPinMode
                0x0000000008000b0c       0x5e Core/Src/main.o
 .text.LL_GPIO_SetPinPull
                0x0000000008000b6a       0x5e Core/Src/main.o
 .text.LL_GPIO_SetOutputPin
                0x0000000008000bc8       0x1c Core/Src/main.o
 .text.LL_GPIO_ResetOutputPin
                0x0000000008000be4       0x1e Core/Src/main.o
 .text.LL_GPIO_TogglePin
                0x0000000008000c02       0x32 Core/Src/main.o
 .text.sim7600_pause_rx_uart_dma
                0x0000000008000c34       0x30 Core/Src/main.o
 .text._write   0x0000000008000c64       0x38 Core/Src/main.o
                0x0000000008000c64                _write
 .text.main     0x0000000008000c9c      0x160 Core/Src/main.o
                0x0000000008000c9c                main
 .text.SystemClock_Config
                0x0000000008000dfc       0x94 Core/Src/main.o
                0x0000000008000dfc                SystemClock_Config
 .text.MX_SPI2_Init
                0x0000000008000e90       0x6c Core/Src/main.o
 .text.MX_DMA_Init
                0x0000000008000efc       0x20 Core/Src/main.o
 .text.MX_GPIO_Init
                0x0000000008000f1c      0x12c Core/Src/main.o
 .text.DMA2_Stream2_IRQHandler
                0x0000000008001048       0x88 Core/Src/main.o
                0x0000000008001048                DMA2_Stream2_IRQHandler
 .text.HAL_SPI_TxCpltCallback
                0x00000000080010d0       0x30 Core/Src/main.o
                0x00000000080010d0                HAL_SPI_TxCpltCallback
 .text.USART1_IRQHandler
                0x0000000008001100        0xc Core/Src/main.o
                0x0000000008001100                USART1_IRQHandler
 .text.sim7600ErrorTask
                0x000000000800110c       0x24 Core/Src/main.o
                0x000000000800110c                sim7600ErrorTask
 .text.usart_rx_dmaTask
                0x0000000008001130       0x24 Core/Src/main.o
                0x0000000008001130                usart_rx_dmaTask
 .text.startPlayMp3Task
                0x0000000008001154       0x38 Core/Src/main.o
                0x0000000008001154                startPlayMp3Task
 .text.StartDefaultTask
                0x000000000800118c       0x34 Core/Src/main.o
                0x000000000800118c                StartDefaultTask
 .text.StartTask02
                0x00000000080011c0       0x58 Core/Src/main.o
                0x00000000080011c0                StartTask02
 .text.HAL_TIM_PeriodElapsedCallback
                0x0000000008001218       0x38 Core/Src/main.o
                0x0000000008001218                HAL_TIM_PeriodElapsedCallback
 .text.Error_Handler
                0x0000000008001250        0xa Core/Src/main.o
                0x0000000008001250                Error_Handler
 *fill*         0x000000000800125a        0x2 
 .text.HAL_MspInit
                0x000000000800125c       0x58 Core/Src/stm32f4xx_hal_msp.o
                0x000000000800125c                HAL_MspInit
 .text.HAL_SPI_MspInit
                0x00000000080012b4      0x134 Core/Src/stm32f4xx_hal_msp.o
                0x00000000080012b4                HAL_SPI_MspInit
 .text.HAL_TIM_Base_MspInit
                0x00000000080013e8       0x44 Core/Src/stm32f4xx_hal_msp.o
                0x00000000080013e8                HAL_TIM_Base_MspInit
 .text.HAL_InitTick
                0x000000000800142c       0xb4 Core/Src/stm32f4xx_hal_timebase_tim.o
                0x000000000800142c                HAL_InitTick
 .text.LL_EXTI_IsActiveFlag_0_31
                0x00000000080014e0       0x2c Core/Src/stm32f4xx_it.o
 .text.LL_EXTI_ClearFlag_0_31
                0x000000000800150c       0x20 Core/Src/stm32f4xx_it.o
 .text.NMI_Handler
                0x000000000800152c        0x6 Core/Src/stm32f4xx_it.o
                0x000000000800152c                NMI_Handler
 .text.HardFault_Handler
                0x0000000008001532        0x6 Core/Src/stm32f4xx_it.o
                0x0000000008001532                HardFault_Handler
 .text.MemManage_Handler
                0x0000000008001538        0x6 Core/Src/stm32f4xx_it.o
                0x0000000008001538                MemManage_Handler
 .text.BusFault_Handler
                0x000000000800153e        0x6 Core/Src/stm32f4xx_it.o
                0x000000000800153e                BusFault_Handler
 .text.UsageFault_Handler
                0x0000000008001544        0x6 Core/Src/stm32f4xx_it.o
                0x0000000008001544                UsageFault_Handler
 .text.DebugMon_Handler
                0x000000000800154a        0xe Core/Src/stm32f4xx_it.o
                0x000000000800154a                DebugMon_Handler
 .text.DMA1_Stream4_IRQHandler
                0x0000000008001558       0x14 Core/Src/stm32f4xx_it.o
                0x0000000008001558                DMA1_Stream4_IRQHandler
 .text.EXTI9_5_IRQHandler
                0x000000000800156c       0x22 Core/Src/stm32f4xx_it.o
                0x000000000800156c                EXTI9_5_IRQHandler
 *fill*         0x000000000800158e        0x2 
 .text.TIM2_IRQHandler
                0x0000000008001590       0x14 Core/Src/stm32f4xx_it.o
                0x0000000008001590                TIM2_IRQHandler
 .text._read    0x00000000080015a4       0x3a Core/Src/syscalls.o
                0x00000000080015a4                _read
 .text._close   0x00000000080015de       0x18 Core/Src/syscalls.o
                0x00000000080015de                _close
 .text._fstat   0x00000000080015f6       0x20 Core/Src/syscalls.o
                0x00000000080015f6                _fstat
 .text._isatty  0x0000000008001616       0x16 Core/Src/syscalls.o
                0x0000000008001616                _isatty
 .text._lseek   0x000000000800162c       0x1a Core/Src/syscalls.o
                0x000000000800162c                _lseek
 *fill*         0x0000000008001646        0x2 
 .text._sbrk    0x0000000008001648       0x6c Core/Src/sysmem.o
                0x0000000008001648                _sbrk
 .text.SystemInit
                0x00000000080016b4       0x24 Core/Src/system_stm32f4xx.o
                0x00000000080016b4                SystemInit
 .text.Reset_Handler
                0x00000000080016d8       0x50 Core/Startup/startup_stm32f407vetx.o
                0x00000000080016d8                Reset_Handler
 .text.Default_Handler
                0x0000000008001728        0x2 Core/Startup/startup_stm32f407vetx.o
                0x0000000008001728                RTC_Alarm_IRQHandler
                0x0000000008001728                HASH_RNG_IRQHandler
                0x0000000008001728                EXTI2_IRQHandler
                0x0000000008001728                TIM8_CC_IRQHandler
                0x0000000008001728                TIM1_CC_IRQHandler
                0x0000000008001728                DMA2_Stream5_IRQHandler
                0x0000000008001728                DMA1_Stream5_IRQHandler
                0x0000000008001728                PVD_IRQHandler
                0x0000000008001728                SDIO_IRQHandler
                0x0000000008001728                TAMP_STAMP_IRQHandler
                0x0000000008001728                CAN2_RX1_IRQHandler
                0x0000000008001728                EXTI3_IRQHandler
                0x0000000008001728                TIM8_TRG_COM_TIM14_IRQHandler
                0x0000000008001728                TIM1_UP_TIM10_IRQHandler
                0x0000000008001728                TIM8_UP_TIM13_IRQHandler
                0x0000000008001728                I2C3_ER_IRQHandler
                0x0000000008001728                EXTI0_IRQHandler
                0x0000000008001728                I2C2_EV_IRQHandler
                0x0000000008001728                DMA1_Stream2_IRQHandler
                0x0000000008001728                CAN1_RX0_IRQHandler
                0x0000000008001728                FPU_IRQHandler
                0x0000000008001728                OTG_HS_WKUP_IRQHandler
                0x0000000008001728                CAN2_SCE_IRQHandler
                0x0000000008001728                SPI1_IRQHandler
                0x0000000008001728                TIM6_DAC_IRQHandler
                0x0000000008001728                TIM1_BRK_TIM9_IRQHandler
                0x0000000008001728                DCMI_IRQHandler
                0x0000000008001728                CAN2_RX0_IRQHandler
                0x0000000008001728                DMA2_Stream3_IRQHandler
                0x0000000008001728                USART6_IRQHandler
                0x0000000008001728                USART3_IRQHandler
                0x0000000008001728                CAN1_RX1_IRQHandler
                0x0000000008001728                UART5_IRQHandler
                0x0000000008001728                DMA2_Stream0_IRQHandler
                0x0000000008001728                TIM4_IRQHandler
                0x0000000008001728                I2C1_EV_IRQHandler
                0x0000000008001728                DMA1_Stream6_IRQHandler
                0x0000000008001728                DMA1_Stream1_IRQHandler
                0x0000000008001728                UART4_IRQHandler
                0x0000000008001728                TIM3_IRQHandler
                0x0000000008001728                RCC_IRQHandler
                0x0000000008001728                TIM8_BRK_TIM12_IRQHandler
                0x0000000008001728                Default_Handler
                0x0000000008001728                EXTI15_10_IRQHandler
                0x0000000008001728                ADC_IRQHandler
                0x0000000008001728                DMA1_Stream7_IRQHandler
                0x0000000008001728                TIM7_IRQHandler
                0x0000000008001728                CAN2_TX_IRQHandler
                0x0000000008001728                TIM5_IRQHandler
                0x0000000008001728                DMA2_Stream7_IRQHandler
                0x0000000008001728                I2C3_EV_IRQHandler
                0x0000000008001728                RTC_WKUP_IRQHandler
                0x0000000008001728                ETH_WKUP_IRQHandler
                0x0000000008001728                SPI2_IRQHandler
                0x0000000008001728                OTG_HS_EP1_IN_IRQHandler
                0x0000000008001728                DMA1_Stream0_IRQHandler
                0x0000000008001728                CAN1_TX_IRQHandler
                0x0000000008001728                EXTI4_IRQHandler
                0x0000000008001728                FSMC_IRQHandler
                0x0000000008001728                ETH_IRQHandler
                0x0000000008001728                OTG_HS_EP1_OUT_IRQHandler
                0x0000000008001728                WWDG_IRQHandler
                0x0000000008001728                OTG_FS_WKUP_IRQHandler
                0x0000000008001728                TIM1_TRG_COM_TIM11_IRQHandler
                0x0000000008001728                OTG_HS_IRQHandler
                0x0000000008001728                EXTI1_IRQHandler
                0x0000000008001728                USART2_IRQHandler
                0x0000000008001728                I2C2_ER_IRQHandler
                0x0000000008001728                DMA2_Stream1_IRQHandler
                0x0000000008001728                CAN1_SCE_IRQHandler
                0x0000000008001728                FLASH_IRQHandler
                0x0000000008001728                DMA2_Stream4_IRQHandler
                0x0000000008001728                OTG_FS_IRQHandler
                0x0000000008001728                SPI3_IRQHandler
                0x0000000008001728                I2C1_ER_IRQHandler
                0x0000000008001728                DMA2_Stream6_IRQHandler
                0x0000000008001728                DMA1_Stream3_IRQHandler
 *fill*         0x000000000800172a        0x2 
 .text.HAL_Init
                0x000000000800172c       0x44 Drivers/STM32F4xx_HAL_Driver/Src/stm32f4xx_hal.o
                0x000000000800172c                HAL_Init
 .text.HAL_IncTick
                0x0000000008001770       0x28 Drivers/STM32F4xx_HAL_Driver/Src/stm32f4xx_hal.o
                0x0000000008001770                HAL_IncTick
 .text.HAL_GetTick
                0x0000000008001798       0x18 Drivers/STM32F4xx_HAL_Driver/Src/stm32f4xx_hal.o
                0x0000000008001798                HAL_GetTick
 .text.HAL_Delay
                0x00000000080017b0       0x48 Drivers/STM32F4xx_HAL_Driver/Src/stm32f4xx_hal.o
                0x00000000080017b0                HAL_Delay
 .text.__NVIC_SetPriorityGrouping
                0x00000000080017f8       0x48 Drivers/STM32F4xx_HAL_Driver/Src/stm32f4xx_hal_cortex.o
 .text.__NVIC_GetPriorityGrouping
                0x0000000008001840       0x1c Drivers/STM32F4xx_HAL_Driver/Src/stm32f4xx_hal_cortex.o
 .text.__NVIC_EnableIRQ
                0x000000000800185c       0x3c Drivers/STM32F4xx_HAL_Driver/Src/stm32f4xx_hal_cortex.o
 .text.__NVIC_SetPriority
                0x0000000008001898       0x54 Drivers/STM32F4xx_HAL_Driver/Src/stm32f4xx_hal_cortex.o
 .text.NVIC_EncodePriority
                0x00000000080018ec       0x66 Drivers/STM32F4xx_HAL_Driver/Src/stm32f4xx_hal_cortex.o
 .text.HAL_NVIC_SetPriorityGrouping
                0x0000000008001952       0x16 Drivers/STM32F4xx_HAL_Driver/Src/stm32f4xx_hal_cortex.o
                0x0000000008001952                HAL_NVIC_SetPriorityGrouping
 .text.HAL_NVIC_SetPriority
                0x0000000008001968       0x38 Drivers/STM32F4xx_HAL_Driver/Src/stm32f4xx_hal_cortex.o
                0x0000000008001968                HAL_NVIC_SetPriority
 .text.HAL_NVIC_EnableIRQ
                0x00000000080019a0       0x1c Drivers/STM32F4xx_HAL_Driver/Src/stm32f4xx_hal_cortex.o
                0x00000000080019a0                HAL_NVIC_EnableIRQ
 .text.HAL_DMA_Init
                0x00000000080019bc      0x15c Drivers/STM32F4xx_HAL_Driver/Src/stm32f4xx_hal_dma.o
                0x00000000080019bc                HAL_DMA_Init
 .text.HAL_DMA_Start_IT
                0x0000000008001b18       0xb0 Drivers/STM32F4xx_HAL_Driver/Src/stm32f4xx_hal_dma.o
                0x0000000008001b18                HAL_DMA_Start_IT
 .text.HAL_DMA_IRQHandler
                0x0000000008001bc8      0x314 Drivers/STM32F4xx_HAL_Driver/Src/stm32f4xx_hal_dma.o
                0x0000000008001bc8                HAL_DMA_IRQHandler
 .text.DMA_SetConfig
                0x0000000008001edc       0x5c Drivers/STM32F4xx_HAL_Driver/Src/stm32f4xx_hal_dma.o
 .text.DMA_CalcBaseAndBitshift
                0x0000000008001f38       0x6c Drivers/STM32F4xx_HAL_Driver/Src/stm32f4xx_hal_dma.o
 .text.DMA_CheckFifoParam
                0x0000000008001fa4       0xf8 Drivers/STM32F4xx_HAL_Driver/Src/stm32f4xx_hal_dma.o
 .text.HAL_GPIO_Init
                0x000000000800209c      0x338 Drivers/STM32F4xx_HAL_Driver/Src/stm32f4xx_hal_gpio.o
                0x000000000800209c                HAL_GPIO_Init
 .text.HAL_GPIO_ReadPin
                0x00000000080023d4       0x30 Drivers/STM32F4xx_HAL_Driver/Src/stm32f4xx_hal_gpio.o
                0x00000000080023d4                HAL_GPIO_ReadPin
 .text.HAL_GPIO_WritePin
                0x0000000008002404       0x32 Drivers/STM32F4xx_HAL_Driver/Src/stm32f4xx_hal_gpio.o
                0x0000000008002404                HAL_GPIO_WritePin
 .text.HAL_GPIO_TogglePin
                0x0000000008002436       0x34 Drivers/STM32F4xx_HAL_Driver/Src/stm32f4xx_hal_gpio.o
                0x0000000008002436                HAL_GPIO_TogglePin
 *fill*         0x000000000800246a        0x2 
 .text.HAL_RCC_GetHCLKFreq
                0x000000000800246c       0x18 Drivers/STM32F4xx_HAL_Driver/Src/stm32f4xx_hal_rcc.o
                0x000000000800246c                HAL_RCC_GetHCLKFreq
 .text.HAL_RCC_GetPCLK1Freq
                0x0000000008002484       0x28 Drivers/STM32F4xx_HAL_Driver/Src/stm32f4xx_hal_rcc.o
                0x0000000008002484                HAL_RCC_GetPCLK1Freq
 .text.HAL_RCC_GetClockConfig
                0x00000000080024ac       0x64 Drivers/STM32F4xx_HAL_Driver/Src/stm32f4xx_hal_rcc.o
                0x00000000080024ac                HAL_RCC_GetClockConfig
 .text.HAL_SPI_Init
                0x0000000008002510      0x112 Drivers/STM32F4xx_HAL_Driver/Src/stm32f4xx_hal_spi.o
                0x0000000008002510                HAL_SPI_Init
 .text.HAL_SPI_Transmit
                0x0000000008002622      0x278 Drivers/STM32F4xx_HAL_Driver/Src/stm32f4xx_hal_spi.o
                0x0000000008002622                HAL_SPI_Transmit
 *fill*         0x000000000800289a        0x2 
 .text.HAL_SPI_Transmit_DMA
                0x000000000800289c      0x16c Drivers/STM32F4xx_HAL_Driver/Src/stm32f4xx_hal_spi.o
                0x000000000800289c                HAL_SPI_Transmit_DMA
 .text.HAL_SPI_DMAPause
                0x0000000008002a08       0x44 Drivers/STM32F4xx_HAL_Driver/Src/stm32f4xx_hal_spi.o
                0x0000000008002a08                HAL_SPI_DMAPause
 .text.HAL_SPI_DMAResume
                0x0000000008002a4c       0x44 Drivers/STM32F4xx_HAL_Driver/Src/stm32f4xx_hal_spi.o
                0x0000000008002a4c                HAL_SPI_DMAResume
 .text.HAL_SPI_TxHalfCpltCallback
                0x0000000008002a90       0x14 Drivers/STM32F4xx_HAL_Driver/Src/stm32f4xx_hal_spi.o
                0x0000000008002a90                HAL_SPI_TxHalfCpltCallback
 .text.HAL_SPI_ErrorCallback
                0x0000000008002aa4       0x14 Drivers/STM32F4xx_HAL_Driver/Src/stm32f4xx_hal_spi.o
                0x0000000008002aa4                HAL_SPI_ErrorCallback
 .text.SPI_DMATransmitCplt
                0x0000000008002ab8       0xa8 Drivers/STM32F4xx_HAL_Driver/Src/stm32f4xx_hal_spi.o
 .text.SPI_DMAHalfTransmitCplt
                0x0000000008002b60       0x1c Drivers/STM32F4xx_HAL_Driver/Src/stm32f4xx_hal_spi.o
 .text.SPI_DMAError
                0x0000000008002b7c       0x40 Drivers/STM32F4xx_HAL_Driver/Src/stm32f4xx_hal_spi.o
 .text.SPI_WaitFlagStateUntilTimeout
                0x0000000008002bbc      0x110 Drivers/STM32F4xx_HAL_Driver/Src/stm32f4xx_hal_spi.o
 .text.SPI_EndRxTxTransaction
                0x0000000008002ccc       0x84 Drivers/STM32F4xx_HAL_Driver/Src/stm32f4xx_hal_spi.o
 .text.HAL_TIM_Base_Init
                0x0000000008002d50       0x9e Drivers/STM32F4xx_HAL_Driver/Src/stm32f4xx_hal_tim.o
                0x0000000008002d50                HAL_TIM_Base_Init
 *fill*         0x0000000008002dee        0x2 
 .text.HAL_TIM_Base_Start_IT
                0x0000000008002df0       0xe0 Drivers/STM32F4xx_HAL_Driver/Src/stm32f4xx_hal_tim.o
                0x0000000008002df0                HAL_TIM_Base_Start_IT
 .text.HAL_TIM_IRQHandler
                0x0000000008002ed0      0x210 Drivers/STM32F4xx_HAL_Driver/Src/stm32f4xx_hal_tim.o
                0x0000000008002ed0                HAL_TIM_IRQHandler
 .text.HAL_TIM_OC_DelayElapsedCallback
                0x00000000080030e0       0x14 Drivers/STM32F4xx_HAL_Driver/Src/stm32f4xx_hal_tim.o
                0x00000000080030e0                HAL_TIM_OC_DelayElapsedCallback
 .text.HAL_TIM_IC_CaptureCallback
                0x00000000080030f4       0x14 Drivers/STM32F4xx_HAL_Driver/Src/stm32f4xx_hal_tim.o
                0x00000000080030f4                HAL_TIM_IC_CaptureCallback
 .text.HAL_TIM_PWM_PulseFinishedCallback
                0x0000000008003108       0x14 Drivers/STM32F4xx_HAL_Driver/Src/stm32f4xx_hal_tim.o
                0x0000000008003108                HAL_TIM_PWM_PulseFinishedCallback
 .text.HAL_TIM_TriggerCallback
                0x000000000800311c       0x14 Drivers/STM32F4xx_HAL_Driver/Src/stm32f4xx_hal_tim.o
                0x000000000800311c                HAL_TIM_TriggerCallback
 .text.TIM_Base_SetConfig
                0x0000000008003130      0x140 Drivers/STM32F4xx_HAL_Driver/Src/stm32f4xx_hal_tim.o
                0x0000000008003130                TIM_Base_SetConfig
 .text.HAL_TIMEx_CommutCallback
                0x0000000008003270       0x14 Drivers/STM32F4xx_HAL_Driver/Src/stm32f4xx_hal_tim_ex.o
                0x0000000008003270                HAL_TIMEx_CommutCallback
 .text.HAL_TIMEx_BreakCallback
                0x0000000008003284       0x14 Drivers/STM32F4xx_HAL_Driver/Src/stm32f4xx_hal_tim_ex.o
                0x0000000008003284                HAL_TIMEx_BreakCallback
 .text.LL_EXTI_EnableIT_0_31
                0x0000000008003298       0x24 Drivers/STM32F4xx_HAL_Driver/Src/stm32f4xx_ll_exti.o
 .text.LL_EXTI_DisableIT_0_31
                0x00000000080032bc       0x28 Drivers/STM32F4xx_HAL_Driver/Src/stm32f4xx_ll_exti.o
 .text.LL_EXTI_EnableEvent_0_31
                0x00000000080032e4       0x24 Drivers/STM32F4xx_HAL_Driver/Src/stm32f4xx_ll_exti.o
 .text.LL_EXTI_DisableEvent_0_31
                0x0000000008003308       0x28 Drivers/STM32F4xx_HAL_Driver/Src/stm32f4xx_ll_exti.o
 .text.LL_EXTI_EnableRisingTrig_0_31
                0x0000000008003330       0x24 Drivers/STM32F4xx_HAL_Driver/Src/stm32f4xx_ll_exti.o
 .text.LL_EXTI_DisableRisingTrig_0_31
                0x0000000008003354       0x28 Drivers/STM32F4xx_HAL_Driver/Src/stm32f4xx_ll_exti.o
 .text.LL_EXTI_EnableFallingTrig_0_31
                0x000000000800337c       0x24 Drivers/STM32F4xx_HAL_Driver/Src/stm32f4xx_ll_exti.o
 .text.LL_EXTI_DisableFallingTrig_0_31
                0x00000000080033a0       0x28 Drivers/STM32F4xx_HAL_Driver/Src/stm32f4xx_ll_exti.o
 .text.LL_EXTI_Init
                0x00000000080033c8      0x102 Drivers/STM32F4xx_HAL_Driver/Src/stm32f4xx_ll_exti.o
                0x00000000080033c8                LL_EXTI_Init
 .text.LL_GPIO_SetPinMode
                0x00000000080034ca       0x5e Drivers/STM32F4xx_HAL_Driver/Src/stm32f4xx_ll_gpio.o
 .text.LL_GPIO_SetPinOutputType
                0x0000000008003528       0x30 Drivers/STM32F4xx_HAL_Driver/Src/stm32f4xx_ll_gpio.o
 .text.LL_GPIO_SetPinSpeed
                0x0000000008003558       0x5e Drivers/STM32F4xx_HAL_Driver/Src/stm32f4xx_ll_gpio.o
 .text.LL_GPIO_SetPinPull
                0x00000000080035b6       0x5e Drivers/STM32F4xx_HAL_Driver/Src/stm32f4xx_ll_gpio.o
 .text.LL_GPIO_SetAFPin_0_7
                0x0000000008003614       0x5e Drivers/STM32F4xx_HAL_Driver/Src/stm32f4xx_ll_gpio.o
 .text.LL_GPIO_SetAFPin_8_15
                0x0000000008003672       0x62 Drivers/STM32F4xx_HAL_Driver/Src/stm32f4xx_ll_gpio.o
 .text.LL_GPIO_Init
                0x00000000080036d4       0xe6 Drivers/STM32F4xx_HAL_Driver/Src/stm32f4xx_ll_gpio.o
                0x00000000080036d4                LL_GPIO_Init
 *fill*         0x00000000080037ba        0x2 
 .text.LL_RCC_GetSysClkSource
                0x00000000080037bc       0x1c Drivers/STM32F4xx_HAL_Driver/Src/stm32f4xx_ll_rcc.o
 .text.LL_RCC_GetAHBPrescaler
                0x00000000080037d8       0x1c Drivers/STM32F4xx_HAL_Driver/Src/stm32f4xx_ll_rcc.o
 .text.LL_RCC_GetAPB1Prescaler
                0x00000000080037f4       0x1c Drivers/STM32F4xx_HAL_Driver/Src/stm32f4xx_ll_rcc.o
 .text.LL_RCC_GetAPB2Prescaler
                0x0000000008003810       0x1c Drivers/STM32F4xx_HAL_Driver/Src/stm32f4xx_ll_rcc.o
 .text.LL_RCC_PLL_GetMainSource
                0x000000000800382c       0x1c Drivers/STM32F4xx_HAL_Driver/Src/stm32f4xx_ll_rcc.o
 .text.LL_RCC_PLL_GetN
                0x0000000008003848       0x1c Drivers/STM32F4xx_HAL_Driver/Src/stm32f4xx_ll_rcc.o
 .text.LL_RCC_PLL_GetP
                0x0000000008003864       0x1c Drivers/STM32F4xx_HAL_Driver/Src/stm32f4xx_ll_rcc.o
 .text.LL_RCC_PLL_GetDivider
                0x0000000008003880       0x1c Drivers/STM32F4xx_HAL_Driver/Src/stm32f4xx_ll_rcc.o
 .text.LL_RCC_GetSystemClocksFreq
                0x000000000800389c       0x4a Drivers/STM32F4xx_HAL_Driver/Src/stm32f4xx_ll_rcc.o
                0x000000000800389c                LL_RCC_GetSystemClocksFreq
 *fill*         0x00000000080038e6        0x2 
 .text.RCC_GetSystemClockFreq
                0x00000000080038e8       0x50 Drivers/STM32F4xx_HAL_Driver/Src/stm32f4xx_ll_rcc.o
                0x00000000080038e8                RCC_GetSystemClockFreq
 .text.RCC_GetHCLKClockFreq
                0x0000000008003938       0x2c Drivers/STM32F4xx_HAL_Driver/Src/stm32f4xx_ll_rcc.o
                0x0000000008003938                RCC_GetHCLKClockFreq
 .text.RCC_GetPCLK1ClockFreq
                0x0000000008003964       0x28 Drivers/STM32F4xx_HAL_Driver/Src/stm32f4xx_ll_rcc.o
                0x0000000008003964                RCC_GetPCLK1ClockFreq
 .text.RCC_GetPCLK2ClockFreq
                0x000000000800398c       0x28 Drivers/STM32F4xx_HAL_Driver/Src/stm32f4xx_ll_rcc.o
                0x000000000800398c                RCC_GetPCLK2ClockFreq
 .text.RCC_PLL_GetFreqDomain_SYS
                0x00000000080039b4       0x7c Drivers/STM32F4xx_HAL_Driver/Src/stm32f4xx_ll_rcc.o
                0x00000000080039b4                RCC_PLL_GetFreqDomain_SYS
 .text.LL_USART_IsEnabled
                0x0000000008003a30       0x28 Drivers/STM32F4xx_HAL_Driver/Src/stm32f4xx_ll_usart.o
 .text.LL_USART_SetStopBitsLength
                0x0000000008003a58       0x26 Drivers/STM32F4xx_HAL_Driver/Src/stm32f4xx_ll_usart.o
 .text.LL_USART_SetHWFlowCtrl
                0x0000000008003a7e       0x26 Drivers/STM32F4xx_HAL_Driver/Src/stm32f4xx_ll_usart.o
 .text.LL_USART_SetBaudRate
                0x0000000008003aa4      0x320 Drivers/STM32F4xx_HAL_Driver/Src/stm32f4xx_ll_usart.o
 .text.LL_USART_Init
                0x0000000008003dc4      0x100 Drivers/STM32F4xx_HAL_Driver/Src/stm32f4xx_ll_usart.o
                0x0000000008003dc4                LL_USART_Init
 .text.LL_SetSystemCoreClock
                0x0000000008003ec4       0x20 Drivers/STM32F4xx_HAL_Driver/Src/stm32f4xx_ll_utils.o
                0x0000000008003ec4                LL_SetSystemCoreClock
 .text.makeFreeRtosPriority
                0x0000000008003ee4       0x30 Middlewares/Third_Party/FreeRTOS/Source/CMSIS_RTOS/cmsis_os.o
 .text.inHandlerMode
                0x0000000008003f14       0x24 Middlewares/Third_Party/FreeRTOS/Source/CMSIS_RTOS/cmsis_os.o
 .text.osKernelStart
                0x0000000008003f38        0xe Middlewares/Third_Party/FreeRTOS/Source/CMSIS_RTOS/cmsis_os.o
                0x0000000008003f38                osKernelStart
 .text.osThreadCreate
                0x0000000008003f46       0x98 Middlewares/Third_Party/FreeRTOS/Source/CMSIS_RTOS/cmsis_os.o
                0x0000000008003f46                osThreadCreate
 .text.osThreadTerminate
                0x0000000008003fde       0x18 Middlewares/Third_Party/FreeRTOS/Source/CMSIS_RTOS/cmsis_os.o
                0x0000000008003fde                osThreadTerminate
 .text.osDelay  0x0000000008003ff6       0x28 Middlewares/Third_Party/FreeRTOS/Source/CMSIS_RTOS/cmsis_os.o
                0x0000000008003ff6                osDelay
 .text.osSemaphoreCreate
                0x000000000800401e       0x64 Middlewares/Third_Party/FreeRTOS/Source/CMSIS_RTOS/cmsis_os.o
                0x000000000800401e                osSemaphoreCreate
 *fill*         0x0000000008004082        0x2 
 .text.osSemaphoreWait
                0x0000000008004084       0x9c Middlewares/Third_Party/FreeRTOS/Source/CMSIS_RTOS/cmsis_os.o
                0x0000000008004084                osSemaphoreWait
 .text.osSemaphoreRelease
                0x0000000008004120       0x6c Middlewares/Third_Party/FreeRTOS/Source/CMSIS_RTOS/cmsis_os.o
                0x0000000008004120                osSemaphoreRelease
 .text.osMessageCreate
                0x000000000800418c       0x50 Middlewares/Third_Party/FreeRTOS/Source/CMSIS_RTOS/cmsis_os.o
                0x000000000800418c                osMessageCreate
 .text.osMessagePut
                0x00000000080041dc       0x80 Middlewares/Third_Party/FreeRTOS/Source/CMSIS_RTOS/cmsis_os.o
                0x00000000080041dc                osMessagePut
 .text.osMessageGet
                0x000000000800425c       0xe8 Middlewares/Third_Party/FreeRTOS/Source/CMSIS_RTOS/cmsis_os.o
                0x000000000800425c                osMessageGet
 .text.vListInitialise
                0x0000000008004344       0x40 Middlewares/Third_Party/FreeRTOS/Source/list.o
                0x0000000008004344                vListInitialise
 .text.vListInitialiseItem
                0x0000000008004384       0x1a Middlewares/Third_Party/FreeRTOS/Source/list.o
                0x0000000008004384                vListInitialiseItem
 .text.vListInsertEnd
                0x000000000800439e       0x48 Middlewares/Third_Party/FreeRTOS/Source/list.o
                0x000000000800439e                vListInsertEnd
 .text.vListInsert
                0x00000000080043e6       0x72 Middlewares/Third_Party/FreeRTOS/Source/list.o
                0x00000000080043e6                vListInsert
 .text.uxListRemove
                0x0000000008004458       0x54 Middlewares/Third_Party/FreeRTOS/Source/list.o
                0x0000000008004458                uxListRemove
 .text.xQueueGenericReset
                0x00000000080044ac       0xd0 Middlewares/Third_Party/FreeRTOS/Source/queue.o
                0x00000000080044ac                xQueueGenericReset
 .text.xQueueGenericCreateStatic
                0x000000000800457c       0xf0 Middlewares/Third_Party/FreeRTOS/Source/queue.o
                0x000000000800457c                xQueueGenericCreateStatic
 .text.xQueueGenericCreate
                0x000000000800466c       0x74 Middlewares/Third_Party/FreeRTOS/Source/queue.o
                0x000000000800466c                xQueueGenericCreate
 .text.prvInitialiseNewQueue
                0x00000000080046e0       0x3e Middlewares/Third_Party/FreeRTOS/Source/queue.o
 *fill*         0x000000000800471e        0x2 
 .text.xQueueGenericSend
                0x0000000008004720      0x1fc Middlewares/Third_Party/FreeRTOS/Source/queue.o
                0x0000000008004720                xQueueGenericSend
 .text.xQueueGenericSendFromISR
                0x000000000800491c      0x136 Middlewares/Third_Party/FreeRTOS/Source/queue.o
                0x000000000800491c                xQueueGenericSendFromISR
 .text.xQueueGiveFromISR
                0x0000000008004a52      0x11a Middlewares/Third_Party/FreeRTOS/Source/queue.o
                0x0000000008004a52                xQueueGiveFromISR
 .text.xQueueReceive
                0x0000000008004b6c      0x1c0 Middlewares/Third_Party/FreeRTOS/Source/queue.o
                0x0000000008004b6c                xQueueReceive
 .text.xQueueSemaphoreTake
                0x0000000008004d2c      0x218 Middlewares/Third_Party/FreeRTOS/Source/queue.o
                0x0000000008004d2c                xQueueSemaphoreTake
 .text.xQueueReceiveFromISR
                0x0000000008004f44      0x100 Middlewares/Third_Party/FreeRTOS/Source/queue.o
                0x0000000008004f44                xQueueReceiveFromISR
 .text.prvGetDisinheritPriorityAfterTimeout
                0x0000000008005044       0x30 Middlewares/Third_Party/FreeRTOS/Source/queue.o
 .text.prvCopyDataToQueue
                0x0000000008005074       0xd4 Middlewares/Third_Party/FreeRTOS/Source/queue.o
 .text.prvCopyDataFromQueue
                0x0000000008005148       0x4c Middlewares/Third_Party/FreeRTOS/Source/queue.o
 .text.prvUnlockQueue
                0x0000000008005194       0xa4 Middlewares/Third_Party/FreeRTOS/Source/queue.o
 .text.prvIsQueueEmpty
                0x0000000008005238       0x2c Middlewares/Third_Party/FreeRTOS/Source/queue.o
 .text.prvIsQueueFull
                0x0000000008005264       0x30 Middlewares/Third_Party/FreeRTOS/Source/queue.o
 .text.xTaskCreateStatic
                0x0000000008005294       0xba Middlewares/Third_Party/FreeRTOS/Source/tasks.o
                0x0000000008005294                xTaskCreateStatic
 .text.xTaskCreate
                0x000000000800534e       0x8a Middlewares/Third_Party/FreeRTOS/Source/tasks.o
                0x000000000800534e                xTaskCreate
 .text.prvInitialiseNewTask
                0x00000000080053d8      0x10e Middlewares/Third_Party/FreeRTOS/Source/tasks.o
 *fill*         0x00000000080054e6        0x2 
 .text.prvAddNewTaskToReadyList
                0x00000000080054e8       0xd4 Middlewares/Third_Party/FreeRTOS/Source/tasks.o
 .text.vTaskDelete
                0x00000000080055bc      0x120 Middlewares/Third_Party/FreeRTOS/Source/tasks.o
                0x00000000080055bc                vTaskDelete
 .text.vTaskDelay
                0x00000000080056dc       0x68 Middlewares/Third_Party/FreeRTOS/Source/tasks.o
                0x00000000080056dc                vTaskDelay
 .text.vTaskStartScheduler
                0x0000000008005744       0xc0 Middlewares/Third_Party/FreeRTOS/Source/tasks.o
                0x0000000008005744                vTaskStartScheduler
 .text.vTaskSuspendAll
                0x0000000008005804       0x1c Middlewares/Third_Party/FreeRTOS/Source/tasks.o
                0x0000000008005804                vTaskSuspendAll
 .text.xTaskResumeAll
                0x0000000008005820      0x138 Middlewares/Third_Party/FreeRTOS/Source/tasks.o
                0x0000000008005820                xTaskResumeAll
 .text.xTaskIncrementTick
                0x0000000008005958      0x170 Middlewares/Third_Party/FreeRTOS/Source/tasks.o
                0x0000000008005958                xTaskIncrementTick
 .text.vTaskSwitchContext
                0x0000000008005ac8       0xb8 Middlewares/Third_Party/FreeRTOS/Source/tasks.o
                0x0000000008005ac8                vTaskSwitchContext
 .text.vTaskPlaceOnEventList
                0x0000000008005b80       0x48 Middlewares/Third_Party/FreeRTOS/Source/tasks.o
                0x0000000008005b80                vTaskPlaceOnEventList
 .text.xTaskRemoveFromEventList
                0x0000000008005bc8       0xc4 Middlewares/Third_Party/FreeRTOS/Source/tasks.o
                0x0000000008005bc8                xTaskRemoveFromEventList
 .text.vTaskInternalSetTimeOutState
                0x0000000008005c8c       0x2c Middlewares/Third_Party/FreeRTOS/Source/tasks.o
                0x0000000008005c8c                vTaskInternalSetTimeOutState
 .text.xTaskCheckForTimeOut
                0x0000000008005cb8       0xc4 Middlewares/Third_Party/FreeRTOS/Source/tasks.o
                0x0000000008005cb8                xTaskCheckForTimeOut
 .text.vTaskMissedYield
                0x0000000008005d7c       0x18 Middlewares/Third_Party/FreeRTOS/Source/tasks.o
                0x0000000008005d7c                vTaskMissedYield
 .text.prvIdleTask
                0x0000000008005d94       0x30 Middlewares/Third_Party/FreeRTOS/Source/tasks.o
 .text.prvInitialiseTaskLists
                0x0000000008005dc4       0x80 Middlewares/Third_Party/FreeRTOS/Source/tasks.o
 .text.prvCheckTasksWaitingTermination
                0x0000000008005e44       0x5c Middlewares/Third_Party/FreeRTOS/Source/tasks.o
 .text.prvDeleteTCB
                0x0000000008005ea0       0x5e Middlewares/Third_Party/FreeRTOS/Source/tasks.o
 *fill*         0x0000000008005efe        0x2 
 .text.prvResetNextTaskUnblockTime
                0x0000000008005f00       0x40 Middlewares/Third_Party/FreeRTOS/Source/tasks.o
 .text.xTaskGetSchedulerState
                0x0000000008005f40       0x3c Middlewares/Third_Party/FreeRTOS/Source/tasks.o
                0x0000000008005f40                xTaskGetSchedulerState
 .text.xTaskPriorityInherit
                0x0000000008005f7c       0xec Middlewares/Third_Party/FreeRTOS/Source/tasks.o
                0x0000000008005f7c                xTaskPriorityInherit
 .text.xTaskPriorityDisinherit
                0x0000000008006068      0x10c Middlewares/Third_Party/FreeRTOS/Source/tasks.o
                0x0000000008006068                xTaskPriorityDisinherit
 .text.vTaskPriorityDisinheritAfterTimeout
                0x0000000008006174      0x11c Middlewares/Third_Party/FreeRTOS/Source/tasks.o
                0x0000000008006174                vTaskPriorityDisinheritAfterTimeout
 .text.pvTaskIncrementMutexHeldCount
                0x0000000008006290       0x28 Middlewares/Third_Party/FreeRTOS/Source/tasks.o
                0x0000000008006290                pvTaskIncrementMutexHeldCount
 .text.prvAddCurrentTaskToDelayedList
                0x00000000080062b8       0xcc Middlewares/Third_Party/FreeRTOS/Source/tasks.o
 .text.pxPortInitialiseStack
                0x0000000008006384       0x68 Middlewares/Third_Party/FreeRTOS/Source/portable/GCC/ARM_CM4F/port.o
                0x0000000008006384                pxPortInitialiseStack
 .text.prvTaskExitError
                0x00000000080063ec       0x58 Middlewares/Third_Party/FreeRTOS/Source/portable/GCC/ARM_CM4F/port.o
 *fill*         0x0000000008006444        0xc 
 .text.SVC_Handler
                0x0000000008006450       0x28 Middlewares/Third_Party/FreeRTOS/Source/portable/GCC/ARM_CM4F/port.o
                0x0000000008006450                SVC_Handler
 .text.prvPortStartFirstTask
                0x0000000008006478       0x28 Middlewares/Third_Party/FreeRTOS/Source/portable/GCC/ARM_CM4F/port.o
 .text.xPortStartScheduler
                0x00000000080064a0      0x144 Middlewares/Third_Party/FreeRTOS/Source/portable/GCC/ARM_CM4F/port.o
                0x00000000080064a0                xPortStartScheduler
 .text.vPortEnterCritical
                0x00000000080065e4       0x60 Middlewares/Third_Party/FreeRTOS/Source/portable/GCC/ARM_CM4F/port.o
                0x00000000080065e4                vPortEnterCritical
 .text.vPortExitCritical
                0x0000000008006644       0x54 Middlewares/Third_Party/FreeRTOS/Source/portable/GCC/ARM_CM4F/port.o
                0x0000000008006644                vPortExitCritical
 *fill*         0x0000000008006698        0x8 
 .text.PendSV_Handler
                0x00000000080066a0       0x68 Middlewares/Third_Party/FreeRTOS/Source/portable/GCC/ARM_CM4F/port.o
                0x00000000080066a0                PendSV_Handler
 .text.SysTick_Handler
                0x0000000008006708       0x44 Middlewares/Third_Party/FreeRTOS/Source/portable/GCC/ARM_CM4F/port.o
                0x0000000008006708                SysTick_Handler
 .text.vPortSetupTimerInterrupt
                0x000000000800674c       0x48 Middlewares/Third_Party/FreeRTOS/Source/portable/GCC/ARM_CM4F/port.o
                0x000000000800674c                vPortSetupTimerInterrupt
 .text.vPortEnableVFP
                0x0000000008006794       0x14 Middlewares/Third_Party/FreeRTOS/Source/portable/GCC/ARM_CM4F/port.o
 .text.vPortValidateInterruptPriority
                0x00000000080067a8       0x80 Middlewares/Third_Party/FreeRTOS/Source/portable/GCC/ARM_CM4F/port.o
                0x00000000080067a8                vPortValidateInterruptPriority
 .text.pvPortMalloc
                0x0000000008006828      0x198 Middlewares/Third_Party/FreeRTOS/Source/portable/MemMang/heap_4.o
                0x0000000008006828                pvPortMalloc
 .text.vPortFree
                0x00000000080069c0       0xc4 Middlewares/Third_Party/FreeRTOS/Source/portable/MemMang/heap_4.o
                0x00000000080069c0                vPortFree
 .text.prvHeapInit
                0x0000000008006a84       0xc4 Middlewares/Third_Party/FreeRTOS/Source/portable/MemMang/heap_4.o
 .text.prvInsertBlockIntoFreeList
                0x0000000008006b48       0xb4 Middlewares/Third_Party/FreeRTOS/Source/portable/MemMang/heap_4.o
 .text.__NVIC_GetPriorityGrouping
                0x0000000008006bfc       0x1c sim7600_driver/src/sim7600_uart_dma.o
 .text.__NVIC_EnableIRQ
                0x0000000008006c18       0x3c sim7600_driver/src/sim7600_uart_dma.o
 .text.__NVIC_SetPriority
                0x0000000008006c54       0x54 sim7600_driver/src/sim7600_uart_dma.o
 .text.NVIC_EncodePriority
                0x0000000008006ca8       0x66 sim7600_driver/src/sim7600_uart_dma.o
 *fill*         0x0000000008006d0e        0x2 
 .text.LL_DMA_EnableStream
                0x0000000008006d10       0x40 sim7600_driver/src/sim7600_uart_dma.o
 .text.LL_DMA_DisableStream
                0x0000000008006d50       0x40 sim7600_driver/src/sim7600_uart_dma.o
 .text.LL_DMA_IsEnabledStream
                0x0000000008006d90       0x38 sim7600_driver/src/sim7600_uart_dma.o
 .text.LL_DMA_SetDataTransferDirection
                0x0000000008006dc8       0x48 sim7600_driver/src/sim7600_uart_dma.o
 .text.LL_DMA_SetMode
                0x0000000008006e10       0x48 sim7600_driver/src/sim7600_uart_dma.o
 .text.LL_DMA_SetPeriphIncMode
                0x0000000008006e58       0x48 sim7600_driver/src/sim7600_uart_dma.o
 .text.LL_DMA_SetMemoryIncMode
                0x0000000008006ea0       0x48 sim7600_driver/src/sim7600_uart_dma.o
 .text.LL_DMA_SetPeriphSize
                0x0000000008006ee8       0x48 sim7600_driver/src/sim7600_uart_dma.o
 .text.LL_DMA_SetMemorySize
                0x0000000008006f30       0x48 sim7600_driver/src/sim7600_uart_dma.o
 .text.LL_DMA_SetStreamPriorityLevel
                0x0000000008006f78       0x48 sim7600_driver/src/sim7600_uart_dma.o
 .text.LL_DMA_SetDataLength
                0x0000000008006fc0       0x48 sim7600_driver/src/sim7600_uart_dma.o
 .text.LL_DMA_GetDataLength
                0x0000000008007008       0x2c sim7600_driver/src/sim7600_uart_dma.o
 .text.LL_DMA_SetChannelSelection
                0x0000000008007034       0x48 sim7600_driver/src/sim7600_uart_dma.o
 .text.LL_DMA_DisableFifoMode
                0x000000000800707c       0x40 sim7600_driver/src/sim7600_uart_dma.o
 .text.LL_DMA_SetMemoryAddress
                0x00000000080070bc       0x30 sim7600_driver/src/sim7600_uart_dma.o
 .text.LL_DMA_SetPeriphAddress
                0x00000000080070ec       0x30 sim7600_driver/src/sim7600_uart_dma.o
 .text.LL_AHB1_GRP1_EnableClock
                0x000000000800711c       0x30 sim7600_driver/src/sim7600_uart_dma.o
 .text.LL_APB2_GRP1_EnableClock
                0x000000000800714c       0x30 sim7600_driver/src/sim7600_uart_dma.o
 .text.LL_USART_Enable
                0x000000000800717c       0x20 sim7600_driver/src/sim7600_uart_dma.o
 .text.LL_USART_Disable
                0x000000000800719c       0x20 sim7600_driver/src/sim7600_uart_dma.o
 .text.LL_USART_IsEnabled
                0x00000000080071bc       0x28 sim7600_driver/src/sim7600_uart_dma.o
 .text.LL_USART_EnableRTSHWFlowCtrl
                0x00000000080071e4       0x20 sim7600_driver/src/sim7600_uart_dma.o
 .text.LL_USART_SetBaudRate
                0x0000000008007204      0x320 sim7600_driver/src/sim7600_uart_dma.o
 .text.LL_USART_ConfigAsyncMode
                0x0000000008007524       0x2c sim7600_driver/src/sim7600_uart_dma.o
 .text.LL_USART_IsActiveFlag_TC
                0x0000000008007550       0x26 sim7600_driver/src/sim7600_uart_dma.o
 .text.LL_USART_IsActiveFlag_TXE
                0x0000000008007576       0x26 sim7600_driver/src/sim7600_uart_dma.o
 .text.LL_USART_EnableIT_IDLE
                0x000000000800759c       0x20 sim7600_driver/src/sim7600_uart_dma.o
 .text.LL_USART_EnableDMAReq_RX
                0x00000000080075bc       0x20 sim7600_driver/src/sim7600_uart_dma.o
 .text.LL_USART_TransmitData8
                0x00000000080075dc       0x1e sim7600_driver/src/sim7600_uart_dma.o
 .text.LL_GPIO_SetOutputPin
                0x00000000080075fa       0x1c sim7600_driver/src/sim7600_uart_dma.o
 .text.LL_GPIO_ResetOutputPin
                0x0000000008007616       0x1e sim7600_driver/src/sim7600_uart_dma.o
 .text.sim7600_delay_ms
                0x0000000008007634       0x18 sim7600_driver/src/sim7600_uart_dma.o
 .text.sim7600_powerON
                0x000000000800764c       0x3c sim7600_driver/src/sim7600_uart_dma.o
                0x000000000800764c                sim7600_powerON
 .text.sim7600_powerOFF
                0x0000000008007688       0x3c sim7600_driver/src/sim7600_uart_dma.o
                0x0000000008007688                sim7600_powerOFF
 .text.sim7600_reset
                0x00000000080076c4       0x3c sim7600_driver/src/sim7600_uart_dma.o
                0x00000000080076c4                sim7600_reset
 .text.sim7600_gpio_init
                0x0000000008007700       0x50 sim7600_driver/src/sim7600_uart_dma.o
                0x0000000008007700                sim7600_gpio_init
 .text.sim7600_init
                0x0000000008007750      0x1fc sim7600_driver/src/sim7600_uart_dma.o
                0x0000000008007750                sim7600_init
 .text.sim7600_config
                0x000000000800794c      0x1a0 sim7600_driver/src/sim7600_uart_dma.o
                0x000000000800794c                sim7600_config
 .text.sim7600_update_response
                0x0000000008007aec       0x6c sim7600_driver/src/sim7600_uart_dma.o
                0x0000000008007aec                sim7600_update_response
 .text.sim7600_open_network
                0x0000000008007b58       0xa8 sim7600_driver/src/sim7600_uart_dma.o
                0x0000000008007b58                sim7600_open_network
 .text.sim7600_open_udp_connect
                0x0000000008007c00       0xb0 sim7600_driver/src/sim7600_uart_dma.o
                0x0000000008007c00                sim7600_open_udp_connect
 .text.sim7600_send_packet_ip
                0x0000000008007cb0      0x12c sim7600_driver/src/sim7600_uart_dma.o
                0x0000000008007cb0                sim7600_send_packet_ip
 .text.sim7600_keepAlive_udp
                0x0000000008007ddc       0x6c sim7600_driver/src/sim7600_uart_dma.o
                0x0000000008007ddc                sim7600_keepAlive_udp
 .text.sim7600_handle_error
                0x0000000008007e48       0xbc sim7600_driver/src/sim7600_uart_dma.o
                0x0000000008007e48                sim7600_handle_error
 .text.sim7600_send_cmd
                0x0000000008007f04       0x8c sim7600_driver/src/sim7600_uart_dma.o
                0x0000000008007f04                sim7600_send_cmd
 .text.sim7600_usart_send_string
                0x0000000008007f90       0x20 sim7600_driver/src/sim7600_uart_dma.o
                0x0000000008007f90                sim7600_usart_send_string
 .text.sim7600_usart_send_byte
                0x0000000008007fb0       0x64 sim7600_driver/src/sim7600_uart_dma.o
                0x0000000008007fb0                sim7600_usart_send_byte
 .text.sim7600_usart_rx_check
                0x0000000008008014      0x120 sim7600_driver/src/sim7600_uart_dma.o
                0x0000000008008014                sim7600_usart_rx_check
 .text.check_normal_response
                0x0000000008008134       0x78 sim7600_driver/src/sim7600_uart_dma.o
 .text.sim7600_handle_received_data
                0x00000000080081ac      0x4bc sim7600_driver/src/sim7600_uart_dma.o
                0x00000000080081ac                sim7600_handle_received_data
 .text.sim7600_handle_udp_packet
                0x0000000008008668      0x384 sim7600_driver/src/sim7600_uart_dma.o
                0x0000000008008668                sim7600_handle_udp_packet
 .text.playMp3DMA
                0x00000000080089ec      0x1c0 sim7600_driver/src/sim7600_uart_dma.o
                0x00000000080089ec                playMp3DMA
 .text.sim7600_check_sum_data
                0x0000000008008bac       0x74 sim7600_driver/src/sim7600_uart_dma.o
                0x0000000008008bac                sim7600_check_sum_data
 .text.sim7600_usart_IRQHandler
                0x0000000008008c20       0x64 sim7600_driver/src/sim7600_uart_dma.o
                0x0000000008008c20                sim7600_usart_IRQHandler
 .text.sim7600_change_baud
                0x0000000008008c84       0x30 sim7600_driver/src/sim7600_uart_dma.o
                0x0000000008008c84                sim7600_change_baud
 .text.sim7600_restart
                0x0000000008008cb4      0x154 sim7600_driver/src/sim7600_uart_dma.o
                0x0000000008008cb4                sim7600_restart
 .text.VS1003_SPI_WriteByte
                0x0000000008008e08       0x38 vs1003/src/vs1003.o
 .text.VS1003_Init
                0x0000000008008e40       0x54 vs1003/src/vs1003.o
                0x0000000008008e40                VS1003_Init
 .text.VS1003_WriteReg
                0x0000000008008e94       0x84 vs1003/src/vs1003.o
                0x0000000008008e94                VS1003_WriteReg
 .text.VS1003_ResetDecodeTime
                0x0000000008008f18       0x18 vs1003/src/vs1003.o
                0x0000000008008f18                VS1003_ResetDecodeTime
 .text.VS1003_SoftReset
                0x0000000008008f30       0x50 vs1003/src/vs1003.o
                0x0000000008008f30                VS1003_SoftReset
 .text.VS1003_Play_Data_DMA
                0x0000000008008f80       0x44 vs1003/src/vs1003.o
                0x0000000008008f80                VS1003_Play_Data_DMA
 .text.VS1003_Play_1frameMute_DMA
                0x0000000008008fc4       0x3c vs1003/src/vs1003.o
                0x0000000008008fc4                VS1003_Play_1frameMute_DMA
 .text.DREQ_VS1003_IRQhandler
                0x0000000008009000       0x38 vs1003/src/vs1003.o
                0x0000000008009000                DREQ_VS1003_IRQhandler
 .text.__errno  0x0000000008009038        0xc c:/st/stm32cubeide_1.6.1/stm32cubeide/plugins/com.st.stm32cube.ide.mcu.externaltools.gnu-tools-for-stm32.9-2020-q2-update.win32_1.5.0.202011040924/tools/bin/../lib/gcc/arm-none-eabi/9.3.1/../../../../arm-none-eabi/lib/thumb/v7e-m+fp/hard\libc_nano.a(lib_a-errno.o)
                0x0000000008009038                __errno
 .text.__libc_init_array
                0x0000000008009044       0x48 c:/st/stm32cubeide_1.6.1/stm32cubeide/plugins/com.st.stm32cube.ide.mcu.externaltools.gnu-tools-for-stm32.9-2020-q2-update.win32_1.5.0.202011040924/tools/bin/../lib/gcc/arm-none-eabi/9.3.1/../../../../arm-none-eabi/lib/thumb/v7e-m+fp/hard\libc_nano.a(lib_a-init.o)
                0x0000000008009044                __libc_init_array
 .text.memcpy   0x000000000800908c       0x1c c:/st/stm32cubeide_1.6.1/stm32cubeide/plugins/com.st.stm32cube.ide.mcu.externaltools.gnu-tools-for-stm32.9-2020-q2-update.win32_1.5.0.202011040924/tools/bin/../lib/gcc/arm-none-eabi/9.3.1/../../../../arm-none-eabi/lib/thumb/v7e-m+fp/hard\libc_nano.a(lib_a-memcpy-stub.o)
                0x000000000800908c                memcpy
 .text.memset   0x00000000080090a8       0x10 c:/st/stm32cubeide_1.6.1/stm32cubeide/plugins/com.st.stm32cube.ide.mcu.externaltools.gnu-tools-for-stm32.9-2020-q2-update.win32_1.5.0.202011040924/tools/bin/../lib/gcc/arm-none-eabi/9.3.1/../../../../arm-none-eabi/lib/thumb/v7e-m+fp/hard\libc_nano.a(lib_a-memset.o)
                0x00000000080090a8                memset
 .text._puts_r  0x00000000080090b8       0xdc c:/st/stm32cubeide_1.6.1/stm32cubeide/plugins/com.st.stm32cube.ide.mcu.externaltools.gnu-tools-for-stm32.9-2020-q2-update.win32_1.5.0.202011040924/tools/bin/../lib/gcc/arm-none-eabi/9.3.1/../../../../arm-none-eabi/lib/thumb/v7e-m+fp/hard\libc_nano.a(lib_a-puts.o)
                0x00000000080090b8                _puts_r
 .text.puts     0x0000000008009194       0x10 c:/st/stm32cubeide_1.6.1/stm32cubeide/plugins/com.st.stm32cube.ide.mcu.externaltools.gnu-tools-for-stm32.9-2020-q2-update.win32_1.5.0.202011040924/tools/bin/../lib/gcc/arm-none-eabi/9.3.1/../../../../arm-none-eabi/lib/thumb/v7e-m+fp/hard\libc_nano.a(lib_a-puts.o)
                0x0000000008009194                puts
 .text.sprintf  0x00000000080091a4       0x40 c:/st/stm32cubeide_1.6.1/stm32cubeide/plugins/com.st.stm32cube.ide.mcu.externaltools.gnu-tools-for-stm32.9-2020-q2-update.win32_1.5.0.202011040924/tools/bin/../lib/gcc/arm-none-eabi/9.3.1/../../../../arm-none-eabi/lib/thumb/v7e-m+fp/hard\libc_nano.a(lib_a-sprintf.o)
                0x00000000080091a4                siprintf
                0x00000000080091a4                sprintf
 .text.strstr   0x00000000080091e4       0x2e c:/st/stm32cubeide_1.6.1/stm32cubeide/plugins/com.st.stm32cube.ide.mcu.externaltools.gnu-tools-for-stm32.9-2020-q2-update.win32_1.5.0.202011040924/tools/bin/../lib/gcc/arm-none-eabi/9.3.1/../../../../arm-none-eabi/lib/thumb/v7e-m+fp/hard\libc_nano.a(lib_a-strstr.o)
                0x00000000080091e4                strstr
 *fill*         0x0000000008009212        0x2 
 .text.__swbuf_r
                0x0000000008009214       0xa4 c:/st/stm32cubeide_1.6.1/stm32cubeide/plugins/com.st.stm32cube.ide.mcu.externaltools.gnu-tools-for-stm32.9-2020-q2-update.win32_1.5.0.202011040924/tools/bin/../lib/gcc/arm-none-eabi/9.3.1/../../../../arm-none-eabi/lib/thumb/v7e-m+fp/hard\libc_nano.a(lib_a-wbuf.o)
                0x0000000008009214                __swbuf_r
 .text.__swsetup_r
                0x00000000080092b8       0xdc c:/st/stm32cubeide_1.6.1/stm32cubeide/plugins/com.st.stm32cube.ide.mcu.externaltools.gnu-tools-for-stm32.9-2020-q2-update.win32_1.5.0.202011040924/tools/bin/../lib/gcc/arm-none-eabi/9.3.1/../../../../arm-none-eabi/lib/thumb/v7e-m+fp/hard\libc_nano.a(lib_a-wsetup.o)
                0x00000000080092b8                __swsetup_r
 .text.__sflush_r
                0x0000000008009394      0x10c c:/st/stm32cubeide_1.6.1/stm32cubeide/plugins/com.st.stm32cube.ide.mcu.externaltools.gnu-tools-for-stm32.9-2020-q2-update.win32_1.5.0.202011040924/tools/bin/../lib/gcc/arm-none-eabi/9.3.1/../../../../arm-none-eabi/lib/thumb/v7e-m+fp/hard\libc_nano.a(lib_a-fflush.o)
                0x0000000008009394                __sflush_r
 .text._fflush_r
                0x00000000080094a0       0x78 c:/st/stm32cubeide_1.6.1/stm32cubeide/plugins/com.st.stm32cube.ide.mcu.externaltools.gnu-tools-for-stm32.9-2020-q2-update.win32_1.5.0.202011040924/tools/bin/../lib/gcc/arm-none-eabi/9.3.1/../../../../arm-none-eabi/lib/thumb/v7e-m+fp/hard\libc_nano.a(lib_a-fflush.o)
                0x00000000080094a0                _fflush_r
 .text.std      0x0000000008009518       0x48 c:/st/stm32cubeide_1.6.1/stm32cubeide/plugins/com.st.stm32cube.ide.mcu.externaltools.gnu-tools-for-stm32.9-2020-q2-update.win32_1.5.0.202011040924/tools/bin/../lib/gcc/arm-none-eabi/9.3.1/../../../../arm-none-eabi/lib/thumb/v7e-m+fp/hard\libc_nano.a(lib_a-findfp.o)
 .text._cleanup_r
                0x0000000008009560        0xc c:/st/stm32cubeide_1.6.1/stm32cubeide/plugins/com.st.stm32cube.ide.mcu.externaltools.gnu-tools-for-stm32.9-2020-q2-update.win32_1.5.0.202011040924/tools/bin/../lib/gcc/arm-none-eabi/9.3.1/../../../../arm-none-eabi/lib/thumb/v7e-m+fp/hard\libc_nano.a(lib_a-findfp.o)
                0x0000000008009560                _cleanup_r
 .text.__sfmoreglue
                0x000000000800956c       0x2c c:/st/stm32cubeide_1.6.1/stm32cubeide/plugins/com.st.stm32cube.ide.mcu.externaltools.gnu-tools-for-stm32.9-2020-q2-update.win32_1.5.0.202011040924/tools/bin/../lib/gcc/arm-none-eabi/9.3.1/../../../../arm-none-eabi/lib/thumb/v7e-m+fp/hard\libc_nano.a(lib_a-findfp.o)
                0x000000000800956c                __sfmoreglue
 .text.__sfp_lock_acquire
                0x0000000008009598        0xc c:/st/stm32cubeide_1.6.1/stm32cubeide/plugins/com.st.stm32cube.ide.mcu.externaltools.gnu-tools-for-stm32.9-2020-q2-update.win32_1.5.0.202011040924/tools/bin/../lib/gcc/arm-none-eabi/9.3.1/../../../../arm-none-eabi/lib/thumb/v7e-m+fp/hard\libc_nano.a(lib_a-findfp.o)
                0x0000000008009598                __sfp_lock_acquire
 .text.__sfp_lock_release
                0x00000000080095a4        0xc c:/st/stm32cubeide_1.6.1/stm32cubeide/plugins/com.st.stm32cube.ide.mcu.externaltools.gnu-tools-for-stm32.9-2020-q2-update.win32_1.5.0.202011040924/tools/bin/../lib/gcc/arm-none-eabi/9.3.1/../../../../arm-none-eabi/lib/thumb/v7e-m+fp/hard\libc_nano.a(lib_a-findfp.o)
                0x00000000080095a4                __sfp_lock_release
 .text.__sinit_lock_acquire
                0x00000000080095b0        0xc c:/st/stm32cubeide_1.6.1/stm32cubeide/plugins/com.st.stm32cube.ide.mcu.externaltools.gnu-tools-for-stm32.9-2020-q2-update.win32_1.5.0.202011040924/tools/bin/../lib/gcc/arm-none-eabi/9.3.1/../../../../arm-none-eabi/lib/thumb/v7e-m+fp/hard\libc_nano.a(lib_a-findfp.o)
                0x00000000080095b0                __sinit_lock_acquire
 .text.__sinit_lock_release
                0x00000000080095bc        0xc c:/st/stm32cubeide_1.6.1/stm32cubeide/plugins/com.st.stm32cube.ide.mcu.externaltools.gnu-tools-for-stm32.9-2020-q2-update.win32_1.5.0.202011040924/tools/bin/../lib/gcc/arm-none-eabi/9.3.1/../../../../arm-none-eabi/lib/thumb/v7e-m+fp/hard\libc_nano.a(lib_a-findfp.o)
                0x00000000080095bc                __sinit_lock_release
 .text.__sinit  0x00000000080095c8       0x70 c:/st/stm32cubeide_1.6.1/stm32cubeide/plugins/com.st.stm32cube.ide.mcu.externaltools.gnu-tools-for-stm32.9-2020-q2-update.win32_1.5.0.202011040924/tools/bin/../lib/gcc/arm-none-eabi/9.3.1/../../../../arm-none-eabi/lib/thumb/v7e-m+fp/hard\libc_nano.a(lib_a-findfp.o)
                0x00000000080095c8                __sinit
 .text.__sfp    0x0000000008009638       0x8c c:/st/stm32cubeide_1.6.1/stm32cubeide/plugins/com.st.stm32cube.ide.mcu.externaltools.gnu-tools-for-stm32.9-2020-q2-update.win32_1.5.0.202011040924/tools/bin/../lib/gcc/arm-none-eabi/9.3.1/../../../../arm-none-eabi/lib/thumb/v7e-m+fp/hard\libc_nano.a(lib_a-findfp.o)
                0x0000000008009638                __sfp
 .text._fwalk_reent
                0x00000000080096c4       0x3e c:/st/stm32cubeide_1.6.1/stm32cubeide/plugins/com.st.stm32cube.ide.mcu.externaltools.gnu-tools-for-stm32.9-2020-q2-update.win32_1.5.0.202011040924/tools/bin/../lib/gcc/arm-none-eabi/9.3.1/../../../../arm-none-eabi/lib/thumb/v7e-m+fp/hard\libc_nano.a(lib_a-fwalk.o)
                0x00000000080096c4                _fwalk_reent
 .text.__retarget_lock_init_recursive
                0x0000000008009702        0x2 c:/st/stm32cubeide_1.6.1/stm32cubeide/plugins/com.st.stm32cube.ide.mcu.externaltools.gnu-tools-for-stm32.9-2020-q2-update.win32_1.5.0.202011040924/tools/bin/../lib/gcc/arm-none-eabi/9.3.1/../../../../arm-none-eabi/lib/thumb/v7e-m+fp/hard\libc_nano.a(lib_a-lock.o)
                0x0000000008009702                __retarget_lock_init_recursive
 .text.__retarget_lock_acquire_recursive
                0x0000000008009704        0x2 c:/st/stm32cubeide_1.6.1/stm32cubeide/plugins/com.st.stm32cube.ide.mcu.externaltools.gnu-tools-for-stm32.9-2020-q2-update.win32_1.5.0.202011040924/tools/bin/../lib/gcc/arm-none-eabi/9.3.1/../../../../arm-none-eabi/lib/thumb/v7e-m+fp/hard\libc_nano.a(lib_a-lock.o)
                0x0000000008009704                __retarget_lock_acquire_recursive
 .text.__retarget_lock_release_recursive
                0x0000000008009706        0x2 c:/st/stm32cubeide_1.6.1/stm32cubeide/plugins/com.st.stm32cube.ide.mcu.externaltools.gnu-tools-for-stm32.9-2020-q2-update.win32_1.5.0.202011040924/tools/bin/../lib/gcc/arm-none-eabi/9.3.1/../../../../arm-none-eabi/lib/thumb/v7e-m+fp/hard\libc_nano.a(lib_a-lock.o)
                0x0000000008009706                __retarget_lock_release_recursive
 .text.__swhatbuf_r
                0x0000000008009708       0x48 c:/st/stm32cubeide_1.6.1/stm32cubeide/plugins/com.st.stm32cube.ide.mcu.externaltools.gnu-tools-for-stm32.9-2020-q2-update.win32_1.5.0.202011040924/tools/bin/../lib/gcc/arm-none-eabi/9.3.1/../../../../arm-none-eabi/lib/thumb/v7e-m+fp/hard\libc_nano.a(lib_a-makebuf.o)
                0x0000000008009708                __swhatbuf_r
 .text.__smakebuf_r
                0x0000000008009750       0x80 c:/st/stm32cubeide_1.6.1/stm32cubeide/plugins/com.st.stm32cube.ide.mcu.externaltools.gnu-tools-for-stm32.9-2020-q2-update.win32_1.5.0.202011040924/tools/bin/../lib/gcc/arm-none-eabi/9.3.1/../../../../arm-none-eabi/lib/thumb/v7e-m+fp/hard\libc_nano.a(lib_a-makebuf.o)
                0x0000000008009750                __smakebuf_r
 .text._free_r  0x00000000080097d0       0xa0 c:/st/stm32cubeide_1.6.1/stm32cubeide/plugins/com.st.stm32cube.ide.mcu.externaltools.gnu-tools-for-stm32.9-2020-q2-update.win32_1.5.0.202011040924/tools/bin/../lib/gcc/arm-none-eabi/9.3.1/../../../../arm-none-eabi/lib/thumb/v7e-m+fp/hard\libc_nano.a(lib_a-nano-freer.o)
                0x00000000080097d0                _free_r
 .text._malloc_r
                0x0000000008009870       0xb4 c:/st/stm32cubeide_1.6.1/stm32cubeide/plugins/com.st.stm32cube.ide.mcu.externaltools.gnu-tools-for-stm32.9-2020-q2-update.win32_1.5.0.202011040924/tools/bin/../lib/gcc/arm-none-eabi/9.3.1/../../../../arm-none-eabi/lib/thumb/v7e-m+fp/hard\libc_nano.a(lib_a-nano-mallocr.o)
                0x0000000008009870                _malloc_r
 .text.__ssputs_r
                0x0000000008009924       0xb6 c:/st/stm32cubeide_1.6.1/stm32cubeide/plugins/com.st.stm32cube.ide.mcu.externaltools.gnu-tools-for-stm32.9-2020-q2-update.win32_1.5.0.202011040924/tools/bin/../lib/gcc/arm-none-eabi/9.3.1/../../../../arm-none-eabi/lib/thumb/v7e-m+fp/hard\libc_nano.a(lib_a-nano-svfprintf.o)
                0x0000000008009924                __ssputs_r
 *fill*         0x00000000080099da        0x2 
 .text._svfprintf_r
                0x00000000080099dc      0x200 c:/st/stm32cubeide_1.6.1/stm32cubeide/plugins/com.st.stm32cube.ide.mcu.externaltools.gnu-tools-for-stm32.9-2020-q2-update.win32_1.5.0.202011040924/tools/bin/../lib/gcc/arm-none-eabi/9.3.1/../../../../arm-none-eabi/lib/thumb/v7e-m+fp/hard\libc_nano.a(lib_a-nano-svfprintf.o)
                0x00000000080099dc                _svfiprintf_r
                0x00000000080099dc                _svfprintf_r
 .text._printf_common
                0x0000000008009bdc       0xda c:/st/stm32cubeide_1.6.1/stm32cubeide/plugins/com.st.stm32cube.ide.mcu.externaltools.gnu-tools-for-stm32.9-2020-q2-update.win32_1.5.0.202011040924/tools/bin/../lib/gcc/arm-none-eabi/9.3.1/../../../../arm-none-eabi/lib/thumb/v7e-m+fp/hard\libc_nano.a(lib_a-nano-vfprintf_i.o)
                0x0000000008009bdc                _printf_common
 *fill*         0x0000000008009cb6        0x2 
 .text._printf_i
                0x0000000008009cb8      0x24c c:/st/stm32cubeide_1.6.1/stm32cubeide/plugins/com.st.stm32cube.ide.mcu.externaltools.gnu-tools-for-stm32.9-2020-q2-update.win32_1.5.0.202011040924/tools/bin/../lib/gcc/arm-none-eabi/9.3.1/../../../../arm-none-eabi/lib/thumb/v7e-m+fp/hard\libc_nano.a(lib_a-nano-vfprintf_i.o)
                0x0000000008009cb8                _printf_i
 .text._sbrk_r  0x0000000008009f04       0x20 c:/st/stm32cubeide_1.6.1/stm32cubeide/plugins/com.st.stm32cube.ide.mcu.externaltools.gnu-tools-for-stm32.9-2020-q2-update.win32_1.5.0.202011040924/tools/bin/../lib/gcc/arm-none-eabi/9.3.1/../../../../arm-none-eabi/lib/thumb/v7e-m+fp/hard\libc_nano.a(lib_a-sbrkr.o)
                0x0000000008009f04                _sbrk_r
 .text.__sread  0x0000000008009f24       0x22 c:/st/stm32cubeide_1.6.1/stm32cubeide/plugins/com.st.stm32cube.ide.mcu.externaltools.gnu-tools-for-stm32.9-2020-q2-update.win32_1.5.0.202011040924/tools/bin/../lib/gcc/arm-none-eabi/9.3.1/../../../../arm-none-eabi/lib/thumb/v7e-m+fp/hard\libc_nano.a(lib_a-stdio.o)
                0x0000000008009f24                __sread
 .text.__swrite
                0x0000000008009f46       0x38 c:/st/stm32cubeide_1.6.1/stm32cubeide/plugins/com.st.stm32cube.ide.mcu.externaltools.gnu-tools-for-stm32.9-2020-q2-update.win32_1.5.0.202011040924/tools/bin/../lib/gcc/arm-none-eabi/9.3.1/../../../../arm-none-eabi/lib/thumb/v7e-m+fp/hard\libc_nano.a(lib_a-stdio.o)
                0x0000000008009f46                __swrite
 .text.__sseek  0x0000000008009f7e       0x24 c:/st/stm32cubeide_1.6.1/stm32cubeide/plugins/com.st.stm32cube.ide.mcu.externaltools.gnu-tools-for-stm32.9-2020-q2-update.win32_1.5.0.202011040924/tools/bin/../lib/gcc/arm-none-eabi/9.3.1/../../../../arm-none-eabi/lib/thumb/v7e-m+fp/hard\libc_nano.a(lib_a-stdio.o)
                0x0000000008009f7e                __sseek
 .text.__sclose
                0x0000000008009fa2        0x8 c:/st/stm32cubeide_1.6.1/stm32cubeide/plugins/com.st.stm32cube.ide.mcu.externaltools.gnu-tools-for-stm32.9-2020-q2-update.win32_1.5.0.202011040924/tools/bin/../lib/gcc/arm-none-eabi/9.3.1/../../../../arm-none-eabi/lib/thumb/v7e-m+fp/hard\libc_nano.a(lib_a-stdio.o)
                0x0000000008009fa2                __sclose
 *fill*         0x0000000008009faa        0x2 
 .text._write_r
                0x0000000008009fac       0x24 c:/st/stm32cubeide_1.6.1/stm32cubeide/plugins/com.st.stm32cube.ide.mcu.externaltools.gnu-tools-for-stm32.9-2020-q2-update.win32_1.5.0.202011040924/tools/bin/../lib/gcc/arm-none-eabi/9.3.1/../../../../arm-none-eabi/lib/thumb/v7e-m+fp/hard\libc_nano.a(lib_a-writer.o)
                0x0000000008009fac                _write_r
 .text._close_r
                0x0000000008009fd0       0x20 c:/st/stm32cubeide_1.6.1/stm32cubeide/plugins/com.st.stm32cube.ide.mcu.externaltools.gnu-tools-for-stm32.9-2020-q2-update.win32_1.5.0.202011040924/tools/bin/../lib/gcc/arm-none-eabi/9.3.1/../../../../arm-none-eabi/lib/thumb/v7e-m+fp/hard\libc_nano.a(lib_a-closer.o)
                0x0000000008009fd0                _close_r
 .text._fstat_r
                0x0000000008009ff0       0x24 c:/st/stm32cubeide_1.6.1/stm32cubeide/plugins/com.st.stm32cube.ide.mcu.externaltools.gnu-tools-for-stm32.9-2020-q2-update.win32_1.5.0.202011040924/tools/bin/../lib/gcc/arm-none-eabi/9.3.1/../../../../arm-none-eabi/lib/thumb/v7e-m+fp/hard\libc_nano.a(lib_a-fstatr.o)
                0x0000000008009ff0                _fstat_r
 .text._isatty_r
                0x000000000800a014       0x20 c:/st/stm32cubeide_1.6.1/stm32cubeide/plugins/com.st.stm32cube.ide.mcu.externaltools.gnu-tools-for-stm32.9-2020-q2-update.win32_1.5.0.202011040924/tools/bin/../lib/gcc/arm-none-eabi/9.3.1/../../../../arm-none-eabi/lib/thumb/v7e-m+fp/hard\libc_nano.a(lib_a-isattyr.o)
                0x000000000800a014                _isatty_r
 .text._lseek_r
                0x000000000800a034       0x24 c:/st/stm32cubeide_1.6.1/stm32cubeide/plugins/com.st.stm32cube.ide.mcu.externaltools.gnu-tools-for-stm32.9-2020-q2-update.win32_1.5.0.202011040924/tools/bin/../lib/gcc/arm-none-eabi/9.3.1/../../../../arm-none-eabi/lib/thumb/v7e-m+fp/hard\libc_nano.a(lib_a-lseekr.o)
                0x000000000800a034                _lseek_r
 .text.memmove  0x000000000800a058       0x34 c:/st/stm32cubeide_1.6.1/stm32cubeide/plugins/com.st.stm32cube.ide.mcu.externaltools.gnu-tools-for-stm32.9-2020-q2-update.win32_1.5.0.202011040924/tools/bin/../lib/gcc/arm-none-eabi/9.3.1/../../../../arm-none-eabi/lib/thumb/v7e-m+fp/hard\libc_nano.a(lib_a-memmove.o)
                0x000000000800a058                memmove
 .text.__malloc_lock
                0x000000000800a08c        0xc c:/st/stm32cubeide_1.6.1/stm32cubeide/plugins/com.st.stm32cube.ide.mcu.externaltools.gnu-tools-for-stm32.9-2020-q2-update.win32_1.5.0.202011040924/tools/bin/../lib/gcc/arm-none-eabi/9.3.1/../../../../arm-none-eabi/lib/thumb/v7e-m+fp/hard\libc_nano.a(lib_a-mlock.o)
                0x000000000800a08c                __malloc_lock
 .text.__malloc_unlock
                0x000000000800a098        0xc c:/st/stm32cubeide_1.6.1/stm32cubeide/plugins/com.st.stm32cube.ide.mcu.externaltools.gnu-tools-for-stm32.9-2020-q2-update.win32_1.5.0.202011040924/tools/bin/../lib/gcc/arm-none-eabi/9.3.1/../../../../arm-none-eabi/lib/thumb/v7e-m+fp/hard\libc_nano.a(lib_a-mlock.o)
                0x000000000800a098                __malloc_unlock
 .text._realloc_r
                0x000000000800a0a4       0x4c c:/st/stm32cubeide_1.6.1/stm32cubeide/plugins/com.st.stm32cube.ide.mcu.externaltools.gnu-tools-for-stm32.9-2020-q2-update.win32_1.5.0.202011040924/tools/bin/../lib/gcc/arm-none-eabi/9.3.1/../../../../arm-none-eabi/lib/thumb/v7e-m+fp/hard\libc_nano.a(lib_a-nano-reallocr.o)
                0x000000000800a0a4                _realloc_r
 .text._read_r  0x000000000800a0f0       0x24 c:/st/stm32cubeide_1.6.1/stm32cubeide/plugins/com.st.stm32cube.ide.mcu.externaltools.gnu-tools-for-stm32.9-2020-q2-update.win32_1.5.0.202011040924/tools/bin/../lib/gcc/arm-none-eabi/9.3.1/../../../../arm-none-eabi/lib/thumb/v7e-m+fp/hard\libc_nano.a(lib_a-readr.o)
                0x000000000800a0f0                _read_r
 .text._malloc_usable_size_r
                0x000000000800a114       0x10 c:/st/stm32cubeide_1.6.1/stm32cubeide/plugins/com.st.stm32cube.ide.mcu.externaltools.gnu-tools-for-stm32.9-2020-q2-update.win32_1.5.0.202011040924/tools/bin/../lib/gcc/arm-none-eabi/9.3.1/../../../../arm-none-eabi/lib/thumb/v7e-m+fp/hard\libc_nano.a(lib_a-nano-msizer.o)
                0x000000000800a114                _malloc_usable_size_r
 *(.glue_7)
 .glue_7        0x000000000800a124        0x0 linker stubs
 *(.glue_7t)
 .glue_7t       0x000000000800a124        0x0 linker stubs
 *(.eh_frame)
 .eh_frame      0x000000000800a124        0x0 c:/st/stm32cubeide_1.6.1/stm32cubeide/plugins/com.st.stm32cube.ide.mcu.externaltools.gnu-tools-for-stm32.9-2020-q2-update.win32_1.5.0.202011040924/tools/bin/../lib/gcc/arm-none-eabi/9.3.1/thumb/v7e-m+fp/hard/crtbegin.o
 *(.init)
 .init          0x000000000800a124        0x4 c:/st/stm32cubeide_1.6.1/stm32cubeide/plugins/com.st.stm32cube.ide.mcu.externaltools.gnu-tools-for-stm32.9-2020-q2-update.win32_1.5.0.202011040924/tools/bin/../lib/gcc/arm-none-eabi/9.3.1/thumb/v7e-m+fp/hard/crti.o
                0x000000000800a124                _init
 .init          0x000000000800a128        0x8 c:/st/stm32cubeide_1.6.1/stm32cubeide/plugins/com.st.stm32cube.ide.mcu.externaltools.gnu-tools-for-stm32.9-2020-q2-update.win32_1.5.0.202011040924/tools/bin/../lib/gcc/arm-none-eabi/9.3.1/thumb/v7e-m+fp/hard/crtn.o
 *(.fini)
 .fini          0x000000000800a130        0x4 c:/st/stm32cubeide_1.6.1/stm32cubeide/plugins/com.st.stm32cube.ide.mcu.externaltools.gnu-tools-for-stm32.9-2020-q2-update.win32_1.5.0.202011040924/tools/bin/../lib/gcc/arm-none-eabi/9.3.1/thumb/v7e-m+fp/hard/crti.o
                0x000000000800a130                _fini
 .fini          0x000000000800a134        0x8 c:/st/stm32cubeide_1.6.1/stm32cubeide/plugins/com.st.stm32cube.ide.mcu.externaltools.gnu-tools-for-stm32.9-2020-q2-update.win32_1.5.0.202011040924/tools/bin/../lib/gcc/arm-none-eabi/9.3.1/thumb/v7e-m+fp/hard/crtn.o
                0x000000000800a13c                . = ALIGN (0x4)
                0x000000000800a13c                _etext = .

.vfp11_veneer   0x000000000800a13c        0x0
 .vfp11_veneer  0x000000000800a13c        0x0 linker stubs

.v4_bx          0x000000000800a13c        0x0
 .v4_bx         0x000000000800a13c        0x0 linker stubs

.iplt           0x000000000800a13c        0x0
 .iplt          0x000000000800a13c        0x0 c:/st/stm32cubeide_1.6.1/stm32cubeide/plugins/com.st.stm32cube.ide.mcu.externaltools.gnu-tools-for-stm32.9-2020-q2-update.win32_1.5.0.202011040924/tools/bin/../lib/gcc/arm-none-eabi/9.3.1/thumb/v7e-m+fp/hard/crtbegin.o

.rodata         0x000000000800a13c      0x38c
                0x000000000800a13c                . = ALIGN (0x4)
 *(.rodata)
 .rodata        0x000000000800a13c       0xf4 Core/Src/main.o
 .rodata        0x000000000800a230        0x5 Middlewares/Third_Party/FreeRTOS/Source/tasks.o
 *fill*         0x000000000800a235        0x3 
 .rodata        0x000000000800a238      0x1c8 sim7600_driver/src/sim7600_uart_dma.o
 *(.rodata*)
 .rodata.STREAM_OFFSET_TAB
                0x000000000800a400        0x8 Core/Src/main.o
 .rodata.AHBPrescTable
                0x000000000800a408       0x10 Core/Src/system_stm32f4xx.o
                0x000000000800a408                AHBPrescTable
 .rodata.APBPrescTable
                0x000000000800a418        0x8 Core/Src/system_stm32f4xx.o
                0x000000000800a418                APBPrescTable
 .rodata.flagBitshiftOffset.8280
                0x000000000800a420        0x8 Drivers/STM32F4xx_HAL_Driver/Src/stm32f4xx_hal_dma.o
 .rodata.STREAM_OFFSET_TAB
                0x000000000800a428        0x8 sim7600_driver/src/sim7600_uart_dma.o
 .rodata._global_impure_ptr
                0x000000000800a430        0x4 c:/st/stm32cubeide_1.6.1/stm32cubeide/plugins/com.st.stm32cube.ide.mcu.externaltools.gnu-tools-for-stm32.9-2020-q2-update.win32_1.5.0.202011040924/tools/bin/../lib/gcc/arm-none-eabi/9.3.1/../../../../arm-none-eabi/lib/thumb/v7e-m+fp/hard\libc_nano.a(lib_a-impure.o)
                0x000000000800a430                _global_impure_ptr
 .rodata.__sf_fake_stderr
                0x000000000800a434       0x20 c:/st/stm32cubeide_1.6.1/stm32cubeide/plugins/com.st.stm32cube.ide.mcu.externaltools.gnu-tools-for-stm32.9-2020-q2-update.win32_1.5.0.202011040924/tools/bin/../lib/gcc/arm-none-eabi/9.3.1/../../../../arm-none-eabi/lib/thumb/v7e-m+fp/hard\libc_nano.a(lib_a-findfp.o)
                0x000000000800a434                __sf_fake_stderr
 .rodata.__sf_fake_stdin
                0x000000000800a454       0x20 c:/st/stm32cubeide_1.6.1/stm32cubeide/plugins/com.st.stm32cube.ide.mcu.externaltools.gnu-tools-for-stm32.9-2020-q2-update.win32_1.5.0.202011040924/tools/bin/../lib/gcc/arm-none-eabi/9.3.1/../../../../arm-none-eabi/lib/thumb/v7e-m+fp/hard\libc_nano.a(lib_a-findfp.o)
                0x000000000800a454                __sf_fake_stdin
 .rodata.__sf_fake_stdout
                0x000000000800a474       0x20 c:/st/stm32cubeide_1.6.1/stm32cubeide/plugins/com.st.stm32cube.ide.mcu.externaltools.gnu-tools-for-stm32.9-2020-q2-update.win32_1.5.0.202011040924/tools/bin/../lib/gcc/arm-none-eabi/9.3.1/../../../../arm-none-eabi/lib/thumb/v7e-m+fp/hard\libc_nano.a(lib_a-findfp.o)
                0x000000000800a474                __sf_fake_stdout
 .rodata._svfprintf_r.str1.1
                0x000000000800a494       0x11 c:/st/stm32cubeide_1.6.1/stm32cubeide/plugins/com.st.stm32cube.ide.mcu.externaltools.gnu-tools-for-stm32.9-2020-q2-update.win32_1.5.0.202011040924/tools/bin/../lib/gcc/arm-none-eabi/9.3.1/../../../../arm-none-eabi/lib/thumb/v7e-m+fp/hard\libc_nano.a(lib_a-nano-svfprintf.o)
 .rodata._printf_i.str1.1
                0x000000000800a4a5       0x22 c:/st/stm32cubeide_1.6.1/stm32cubeide/plugins/com.st.stm32cube.ide.mcu.externaltools.gnu-tools-for-stm32.9-2020-q2-update.win32_1.5.0.202011040924/tools/bin/../lib/gcc/arm-none-eabi/9.3.1/../../../../arm-none-eabi/lib/thumb/v7e-m+fp/hard\libc_nano.a(lib_a-nano-vfprintf_i.o)
                0x000000000800a4c8                . = ALIGN (0x4)
 *fill*         0x000000000800a4c7        0x1 

.ARM.extab      0x000000000800a4c8        0x0
                0x000000000800a4c8                . = ALIGN (0x4)
 *(.ARM.extab* .gnu.linkonce.armextab.*)
                0x000000000800a4c8                . = ALIGN (0x4)

.ARM            0x000000000800a4c8        0x8
                0x000000000800a4c8                . = ALIGN (0x4)
                0x000000000800a4c8                __exidx_start = .
 *(.ARM.exidx*)
 .ARM.exidx     0x000000000800a4c8        0x8 c:/st/stm32cubeide_1.6.1/stm32cubeide/plugins/com.st.stm32cube.ide.mcu.externaltools.gnu-tools-for-stm32.9-2020-q2-update.win32_1.5.0.202011040924/tools/bin/../lib/gcc/arm-none-eabi/9.3.1/thumb/v7e-m+fp/hard\libgcc.a(_udivmoddi4.o)
                0x000000000800a4d0                __exidx_end = .
                0x000000000800a4d0                . = ALIGN (0x4)

.rel.dyn        0x000000000800a4d0        0x0
 .rel.iplt      0x000000000800a4d0        0x0 c:/st/stm32cubeide_1.6.1/stm32cubeide/plugins/com.st.stm32cube.ide.mcu.externaltools.gnu-tools-for-stm32.9-2020-q2-update.win32_1.5.0.202011040924/tools/bin/../lib/gcc/arm-none-eabi/9.3.1/thumb/v7e-m+fp/hard/crtbegin.o

.preinit_array  0x000000000800a4d0        0x0
                0x000000000800a4d0                . = ALIGN (0x4)
                0x000000000800a4d0                PROVIDE (__preinit_array_start = .)
 *(.preinit_array*)
                0x000000000800a4d0                PROVIDE (__preinit_array_end = .)
                0x000000000800a4d0                . = ALIGN (0x4)

.init_array     0x000000000800a4d0        0x4
                0x000000000800a4d0                . = ALIGN (0x4)
                0x000000000800a4d0                PROVIDE (__init_array_start = .)
 *(SORT_BY_NAME(.init_array.*))
 *(.init_array*)
 .init_array    0x000000000800a4d0        0x4 c:/st/stm32cubeide_1.6.1/stm32cubeide/plugins/com.st.stm32cube.ide.mcu.externaltools.gnu-tools-for-stm32.9-2020-q2-update.win32_1.5.0.202011040924/tools/bin/../lib/gcc/arm-none-eabi/9.3.1/thumb/v7e-m+fp/hard/crtbegin.o
                0x000000000800a4d4                PROVIDE (__init_array_end = .)
                0x000000000800a4d4                . = ALIGN (0x4)

.fini_array     0x000000000800a4d4        0x4
                0x000000000800a4d4                . = ALIGN (0x4)
                [!provide]                        PROVIDE (__fini_array_start = .)
 *(SORT_BY_NAME(.fini_array.*))
 *(.fini_array*)
 .fini_array    0x000000000800a4d4        0x4 c:/st/stm32cubeide_1.6.1/stm32cubeide/plugins/com.st.stm32cube.ide.mcu.externaltools.gnu-tools-for-stm32.9-2020-q2-update.win32_1.5.0.202011040924/tools/bin/../lib/gcc/arm-none-eabi/9.3.1/thumb/v7e-m+fp/hard/crtbegin.o
                [!provide]                        PROVIDE (__fini_array_end = .)
                0x000000000800a4d8                . = ALIGN (0x4)
                0x000000000800a4d8                _sidata = LOADADDR (.data)

.data           0x0000000020000000      0x180 load address 0x000000000800a4d8
                0x0000000020000000                . = ALIGN (0x4)
                0x0000000020000000                _sdata = .
 *(.data)
 *(.data*)
 .data.SystemCoreClock
                0x0000000020000000        0x4 Core/Src/system_stm32f4xx.o
                0x0000000020000000                SystemCoreClock
 .data.uwTickFreq
                0x0000000020000004        0x1 Drivers/STM32F4xx_HAL_Driver/Src/stm32f4xx_hal.o
                0x0000000020000004                uwTickFreq
 *fill*         0x0000000020000005        0x3 
 .data.uxCriticalNesting
                0x0000000020000008        0x4 Middlewares/Third_Party/FreeRTOS/Source/portable/GCC/ARM_CM4F/port.o
 .data.usartSim7600
                0x000000002000000c        0x4 sim7600_driver/src/sim7600_uart_dma.o
                0x000000002000000c                usartSim7600
 .data.serverDomain
                0x0000000020000010       0x64 sim7600_driver/src/sim7600_uart_dma.o
                0x0000000020000010                serverDomain
 .data.serverPort
                0x0000000020000074        0x4 sim7600_driver/src/sim7600_uart_dma.o
                0x0000000020000074                serverPort
 .data.listResponse
                0x0000000020000078       0x8c sim7600_driver/src/sim7600_uart_dma.o
                0x0000000020000078                listResponse
 .data.mute1framse
                0x0000000020000104       0x18 vs1003/src/vs1003.o
                0x0000000020000104                mute1framse
 .data._impure_ptr
                0x000000002000011c        0x4 c:/st/stm32cubeide_1.6.1/stm32cubeide/plugins/com.st.stm32cube.ide.mcu.externaltools.gnu-tools-for-stm32.9-2020-q2-update.win32_1.5.0.202011040924/tools/bin/../lib/gcc/arm-none-eabi/9.3.1/../../../../arm-none-eabi/lib/thumb/v7e-m+fp/hard\libc_nano.a(lib_a-impure.o)
                0x000000002000011c                _impure_ptr
 .data.impure_data
                0x0000000020000120       0x60 c:/st/stm32cubeide_1.6.1/stm32cubeide/plugins/com.st.stm32cube.ide.mcu.externaltools.gnu-tools-for-stm32.9-2020-q2-update.win32_1.5.0.202011040924/tools/bin/../lib/gcc/arm-none-eabi/9.3.1/../../../../arm-none-eabi/lib/thumb/v7e-m+fp/hard\libc_nano.a(lib_a-impure.o)
 *(.RamFunc)
 *(.RamFunc*)
                0x0000000020000180                . = ALIGN (0x4)
                0x0000000020000180                _edata = .

.igot.plt       0x0000000020000180        0x0 load address 0x000000000800a658
 .igot.plt      0x0000000020000180        0x0 c:/st/stm32cubeide_1.6.1/stm32cubeide/plugins/com.st.stm32cube.ide.mcu.externaltools.gnu-tools-for-stm32.9-2020-q2-update.win32_1.5.0.202011040924/tools/bin/../lib/gcc/arm-none-eabi/9.3.1/thumb/v7e-m+fp/hard/crtbegin.o
                0x0000000020000180                . = ALIGN (0x4)

.bss            0x0000000020000180     0x94f4 load address 0x000000000800a658
                0x0000000020000180                _sbss = .
                0x0000000020000180                __bss_start__ = _sbss
 *(.bss)
 .bss           0x0000000020000180       0x1c c:/st/stm32cubeide_1.6.1/stm32cubeide/plugins/com.st.stm32cube.ide.mcu.externaltools.gnu-tools-for-stm32.9-2020-q2-update.win32_1.5.0.202011040924/tools/bin/../lib/gcc/arm-none-eabi/9.3.1/thumb/v7e-m+fp/hard/crtbegin.o
 *(.bss*)
 .bss.xIdleTaskTCBBuffer
                0x000000002000019c       0x54 Core/Src/freertos.o
 .bss.xIdleStack
                0x00000000200001f0      0x200 Core/Src/freertos.o
 .bss.numOfDMAInterrupt
                0x00000000200003f0        0x4 Core/Src/main.o
                0x00000000200003f0                numOfDMAInterrupt
 .bss.StartTask02_num.12855
                0x00000000200003f4        0x4 Core/Src/main.o
 .bss.__sbrk_heap_end
                0x00000000200003f8        0x4 Core/Src/sysmem.o
 .bss.pxCurrentTCB
                0x00000000200003fc        0x4 Middlewares/Third_Party/FreeRTOS/Source/tasks.o
                0x00000000200003fc                pxCurrentTCB
 .bss.pxReadyTasksLists
                0x0000000020000400       0x8c Middlewares/Third_Party/FreeRTOS/Source/tasks.o
 .bss.xDelayedTaskList1
                0x000000002000048c       0x14 Middlewares/Third_Party/FreeRTOS/Source/tasks.o
 .bss.xDelayedTaskList2
                0x00000000200004a0       0x14 Middlewares/Third_Party/FreeRTOS/Source/tasks.o
 .bss.pxDelayedTaskList
                0x00000000200004b4        0x4 Middlewares/Third_Party/FreeRTOS/Source/tasks.o
 .bss.pxOverflowDelayedTaskList
                0x00000000200004b8        0x4 Middlewares/Third_Party/FreeRTOS/Source/tasks.o
 .bss.xPendingReadyList
                0x00000000200004bc       0x14 Middlewares/Third_Party/FreeRTOS/Source/tasks.o
 .bss.xTasksWaitingTermination
                0x00000000200004d0       0x14 Middlewares/Third_Party/FreeRTOS/Source/tasks.o
 .bss.uxDeletedTasksWaitingCleanUp
                0x00000000200004e4        0x4 Middlewares/Third_Party/FreeRTOS/Source/tasks.o
 .bss.xSuspendedTaskList
                0x00000000200004e8       0x14 Middlewares/Third_Party/FreeRTOS/Source/tasks.o
 .bss.uxCurrentNumberOfTasks
                0x00000000200004fc        0x4 Middlewares/Third_Party/FreeRTOS/Source/tasks.o
 .bss.xTickCount
                0x0000000020000500        0x4 Middlewares/Third_Party/FreeRTOS/Source/tasks.o
 .bss.uxTopReadyPriority
                0x0000000020000504        0x4 Middlewares/Third_Party/FreeRTOS/Source/tasks.o
 .bss.xSchedulerRunning
                0x0000000020000508        0x4 Middlewares/Third_Party/FreeRTOS/Source/tasks.o
 .bss.xPendedTicks
                0x000000002000050c        0x4 Middlewares/Third_Party/FreeRTOS/Source/tasks.o
 .bss.xYieldPending
                0x0000000020000510        0x4 Middlewares/Third_Party/FreeRTOS/Source/tasks.o
 .bss.xNumOfOverflows
                0x0000000020000514        0x4 Middlewares/Third_Party/FreeRTOS/Source/tasks.o
 .bss.uxTaskNumber
                0x0000000020000518        0x4 Middlewares/Third_Party/FreeRTOS/Source/tasks.o
 .bss.xNextTaskUnblockTime
                0x000000002000051c        0x4 Middlewares/Third_Party/FreeRTOS/Source/tasks.o
 .bss.xIdleTaskHandle