Archive member included to satisfy reference by file (symbol)

c:/st/stm32cubeide_1.6.1/stm32cubeide/plugins/com.st.stm32cube.ide.mcu.externaltools.gnu-tools-for-stm32.9-2020-q2-update.win32_1.5.0.202011040924/tools/bin/../lib/gcc/arm-none-eabi/9.3.1/../../../../arm-none-eabi/lib/thumb/v7e-m+fp/hard\libc_nano.a(lib_a-errno.o)
                              Core/Src/syscalls.o (__errno)
c:/st/stm32cubeide_1.6.1/stm32cubeide/plugins/com.st.stm32cube.ide.mcu.externaltools.gnu-tools-for-stm32.9-2020-q2-update.win32_1.5.0.202011040924/tools/bin/../lib/gcc/arm-none-eabi/9.3.1/../../../../arm-none-eabi/lib/thumb/v7e-m+fp/hard\libc_nano.a(lib_a-exit.o)
                              c:/st/stm32cubeide_1.6.1/stm32cubeide/plugins/com.st.stm32cube.ide.mcu.externaltools.gnu-tools-for-stm32.9-2020-q2-update.win32_1.5.0.202011040924/tools/bin/../lib/gcc/arm-none-eabi/9.3.1/../../../../arm-none-eabi/lib/thumb/v7e-m+fp/hard/crt0.o (exit)
c:/st/stm32cubeide_1.6.1/stm32cubeide/plugins/com.st.stm32cube.ide.mcu.externaltools.gnu-tools-for-stm32.9-2020-q2-update.win32_1.5.0.202011040924/tools/bin/../lib/gcc/arm-none-eabi/9.3.1/../../../../arm-none-eabi/lib/thumb/v7e-m+fp/hard\libc_nano.a(lib_a-impure.o)
                              c:/st/stm32cubeide_1.6.1/stm32cubeide/plugins/com.st.stm32cube.ide.mcu.externaltools.gnu-tools-for-stm32.9-2020-q2-update.win32_1.5.0.202011040924/tools/bin/../lib/gcc/arm-none-eabi/9.3.1/../../../../arm-none-eabi/lib/thumb/v7e-m+fp/hard\libc_nano.a(lib_a-exit.o) (_global_impure_ptr)
c:/st/stm32cubeide_1.6.1/stm32cubeide/plugins/com.st.stm32cube.ide.mcu.externaltools.gnu-tools-for-stm32.9-2020-q2-update.win32_1.5.0.202011040924/tools/bin/../lib/gcc/arm-none-eabi/9.3.1/../../../../arm-none-eabi/lib/thumb/v7e-m+fp/hard\libc_nano.a(lib_a-init.o)
                              c:/st/stm32cubeide_1.6.1/stm32cubeide/plugins/com.st.stm32cube.ide.mcu.externaltools.gnu-tools-for-stm32.9-2020-q2-update.win32_1.5.0.202011040924/tools/bin/../lib/gcc/arm-none-eabi/9.3.1/../../../../arm-none-eabi/lib/thumb/v7e-m+fp/hard/crt0.o (__libc_init_array)
c:/st/stm32cubeide_1.6.1/stm32cubeide/plugins/com.st.stm32cube.ide.mcu.externaltools.gnu-tools-for-stm32.9-2020-q2-update.win32_1.5.0.202011040924/tools/bin/../lib/gcc/arm-none-eabi/9.3.1/../../../../arm-none-eabi/lib/thumb/v7e-m+fp/hard\libc_nano.a(lib_a-memcpy-stub.o)
                              Middlewares/Third_Party/FreeRTOS/Source/queue.o (memcpy)
c:/st/stm32cubeide_1.6.1/stm32cubeide/plugins/com.st.stm32cube.ide.mcu.externaltools.gnu-tools-for-stm32.9-2020-q2-update.win32_1.5.0.202011040924/tools/bin/../lib/gcc/arm-none-eabi/9.3.1/../../../../arm-none-eabi/lib/thumb/v7e-m+fp/hard\libc_nano.a(lib_a-memset.o)
                              c:/st/stm32cubeide_1.6.1/stm32cubeide/plugins/com.st.stm32cube.ide.mcu.externaltools.gnu-tools-for-stm32.9-2020-q2-update.win32_1.5.0.202011040924/tools/bin/../lib/gcc/arm-none-eabi/9.3.1/../../../../arm-none-eabi/lib/thumb/v7e-m+fp/hard/crt0.o (memset)
c:/st/stm32cubeide_1.6.1/stm32cubeide/plugins/com.st.stm32cube.ide.mcu.externaltools.gnu-tools-for-stm32.9-2020-q2-update.win32_1.5.0.202011040924/tools/bin/../lib/gcc/arm-none-eabi/9.3.1/../../../../arm-none-eabi/lib/thumb/v7e-m+fp/hard\libc_nano.a(lib_a-printf.o)
                              sim7600_driver/src/sim7600_uart_dma.o (printf)
c:/st/stm32cubeide_1.6.1/stm32cubeide/plugins/com.st.stm32cube.ide.mcu.externaltools.gnu-tools-for-stm32.9-2020-q2-update.win32_1.5.0.202011040924/tools/bin/../lib/gcc/arm-none-eabi/9.3.1/../../../../arm-none-eabi/lib/thumb/v7e-m+fp/hard\libc_nano.a(lib_a-putchar.o)
                              Core/Src/main.o (putchar)
c:/st/stm32cubeide_1.6.1/stm32cubeide/plugins/com.st.stm32cube.ide.mcu.externaltools.gnu-tools-for-stm32.9-2020-q2-update.win32_1.5.0.202011040924/tools/bin/../lib/gcc/arm-none-eabi/9.3.1/../../../../arm-none-eabi/lib/thumb/v7e-m+fp/hard\libc_nano.a(lib_a-puts.o)
                              sim7600_driver/src/sim7600_uart_dma.o (puts)
c:/st/stm32cubeide_1.6.1/stm32cubeide/plugins/com.st.stm32cube.ide.mcu.externaltools.gnu-tools-for-stm32.9-2020-q2-update.win32_1.5.0.202011040924/tools/bin/../lib/gcc/arm-none-eabi/9.3.1/../../../../arm-none-eabi/lib/thumb/v7e-m+fp/hard\libc_nano.a(lib_a-sprintf.o)
                              sim7600_driver/src/sim7600_uart_dma.o (sprintf)
c:/st/stm32cubeide_1.6.1/stm32cubeide/plugins/com.st.stm32cube.ide.mcu.externaltools.gnu-tools-for-stm32.9-2020-q2-update.win32_1.5.0.202011040924/tools/bin/../lib/gcc/arm-none-eabi/9.3.1/../../../../arm-none-eabi/lib/thumb/v7e-m+fp/hard\libc_nano.a(lib_a-strlen.o)
                              sim7600_driver/src/sim7600_uart_dma.o (strlen)
c:/st/stm32cubeide_1.6.1/stm32cubeide/plugins/com.st.stm32cube.ide.mcu.externaltools.gnu-tools-for-stm32.9-2020-q2-update.win32_1.5.0.202011040924/tools/bin/../lib/gcc/arm-none-eabi/9.3.1/../../../../arm-none-eabi/lib/thumb/v7e-m+fp/hard\libc_nano.a(lib_a-strstr.o)
[...]
Memory Configuration

Name             Origin             Length             Attributes
CCMRAM           0x0000000010000000 0x0000000000010000 xrw
RAM              0x0000000020000000 0x0000000000020000 xrw
FLASH            0x0000000008000000 0x0000000000080000 xr
*default*        0x0000000000000000 0xffffffffffffffff

Linker script and memory map

LOAD c:/st/stm32cubeide_1.6.1/stm32cubeide/plugins/com.st.stm32cube.ide.mcu.externaltools.gnu-tools-for-stm32.9-2020-q2-update.win32_1.5.0.202011040924/tools/bin/../lib/gcc/arm-none-eabi/9.3.1/thumb/v7e-m+fp/hard/crti.o
LOAD c:/st/stm32cubeide_1.6.1/stm32cubeide/plugins/com.st.stm32cube.ide.mcu.externaltools.gnu-tools-for-stm32.9-2020-q2-update.win32_1.5.0.202011040924/tools/bin/../lib/gcc/arm-none-eabi/9.3.1/thumb/v7e-m+fp/hard/crtbegin.o
LOAD c:/st/stm32cubeide_1.6.1/stm32cubeide/plugins/com.st.stm32cube.ide.mcu.externaltools.gnu-tools-for-stm32.9-2020-q2-update.win32_1.5.0.202011040924/tools/bin/../lib/gcc/arm-none-eabi/9.3.1/../../../../arm-none-eabi/lib/thumb/v7e-m+fp/hard/crt0.o
LOAD Core/Src/freertos.o
LOAD Core/Src/main.o
LOAD Core/Src/stm32f4xx_hal_msp.o
LOAD Core/Src/stm32f4xx_hal_timebase_tim.o
LOAD Core/Src/stm32f4xx_it.o
LOAD Core/Src/syscalls.o
LOAD Core/Src/sysmem.o
LOAD Core/Src/system_stm32f4xx.o
LOAD Core/Startup/startup_stm32f407vetx.o
LOAD Drivers/STM32F4xx_HAL_Driver/Src/stm32f4xx_hal.o
LOAD Drivers/STM32F4xx_HAL_Driver/Src/stm32f4xx_hal_cortex.o
LOAD Drivers/STM32F4xx_HAL_Driver/Src/stm32f4xx_hal_dma.o
LOAD Drivers/STM32F4xx_HAL_Driver/Src/stm32f4xx_hal_dma_ex.o
LOAD Drivers/STM32F4xx_HAL_Driver/Src/stm32f4xx_hal_exti.o
LOAD Drivers/STM32F4xx_HAL_Driver/Src/stm32f4xx_hal_flash.o
LOAD Drivers/STM32F4xx_HAL_Driver/Src/stm32f4xx_hal_flash_ex.o
LOAD Drivers/STM32F4xx_HAL_Driver/Src/stm32f4xx_hal_flash_ramfunc.o
LOAD Drivers/STM32F4xx_HAL_Driver/Src/stm32f4xx_hal_gpio.o
LOAD Drivers/STM32F4xx_HAL_Driver/Src/stm32f4xx_hal_pwr.o
LOAD Drivers/STM32F4xx_HAL_Driver/Src/stm32f4xx_hal_pwr_ex.o
LOAD Drivers/STM32F4xx_HAL_Driver/Src/stm32f4xx_hal_rcc.o
LOAD Drivers/STM32F4xx_HAL_Driver/Src/stm32f4xx_hal_rcc_ex.o
LOAD Drivers/STM32F4xx_HAL_Driver/Src/stm32f4xx_hal_tim.o
LOAD Drivers/STM32F4xx_HAL_Driver/Src/stm32f4xx_hal_tim_ex.o
LOAD Drivers/STM32F4xx_HAL_Driver/Src/stm32f4xx_ll_dma.o
LOAD Drivers/STM32F4xx_HAL_Driver/Src/stm32f4xx_ll_exti.o
LOAD Drivers/STM32F4xx_HAL_Driver/Src/stm32f4xx_ll_gpio.o
LOAD Drivers/STM32F4xx_HAL_Driver/Src/stm32f4xx_ll_rcc.o
LOAD Drivers/STM32F4xx_HAL_Driver/Src/stm32f4xx_ll_spi.o
LOAD Drivers/STM32F4xx_HAL_Driver/Src/stm32f4xx_ll_tim.o
LOAD Drivers/STM32F4xx_HAL_Driver/Src/stm32f4xx_ll_usart.o
LOAD Drivers/STM32F4xx_HAL_Driver/Src/stm32f4xx_ll_utils.o
LOAD Middlewares/Third_Party/FreeRTOS/Source/CMSIS_RTOS/cmsis_os.o
LOAD Middlewares/Third_Party/FreeRTOS/Source/croutine.o
LOAD Middlewares/Third_Party/FreeRTOS/Source/event_groups.o
LOAD Middlewares/Third_Party/FreeRTOS/Source/list.o
LOAD Middlewares/Third_Party/FreeRTOS/Source/queue.o
LOAD Middlewares/Third_Party/FreeRTOS/Source/stream_buffer.o
LOAD Middlewares/Third_Party/FreeRTOS/Source/tasks.o
LOAD Middlewares/Third_Party/FreeRTOS/Source/timers.o
LOAD Middlewares/Third_Party/FreeRTOS/Source/portable/GCC/ARM_CM4F/port.o
LOAD Middlewares/Third_Party/FreeRTOS/Source/portable/MemMang/heap_4.o
LOAD sim7600_driver/src/LL_GetTick.o
LOAD sim7600_driver/src/sim7600_uart_dma.o
LOAD vs1003/src/vs1003.o
START GROUP
LOAD c:/st/stm32cubeide_1.6.1/stm32cubeide/plugins/com.st.stm32cube.ide.mcu.externaltools.gnu-tools-for-stm32.9-2020-q2-update.win32_1.5.0.202011040924/tools/bin/../lib/gcc/arm-none-eabi/9.3.1/../../../../arm-none-eabi/lib/thumb/v7e-m+fp/hard\libc_nano.a
LOAD c:/st/stm32cubeide_1.6.1/stm32cubeide/plugins/com.st.stm32cube.ide.mcu.externaltools.gnu-tools-for-stm32.9-2020-q2-update.win32_1.5.0.202011040924/tools/bin/../lib/gcc/arm-none-eabi/9.3.1/../../../../arm-none-eabi/lib/thumb/v7e-m+fp/hard\libm.a
END GROUP
START GROUP
LOAD c:/st/stm32cubeide_1.6.1/stm32cubeide/plugins/com.st.stm32cube.ide.mcu.externaltools.gnu-tools-for-stm32.9-2020-q2-update.win32_1.5.0.202011040924/tools/bin/../lib/gcc/arm-none-eabi/9.3.1/thumb/v7e-m+fp/hard\libgcc.a
LOAD c:/st/stm32cubeide_1.6.1/stm32cubeide/plugins/com.st.stm32cube.ide.mcu.externaltools.gnu-tools-for-stm32.9-2020-q2-update.win32_1.5.0.202011040924/tools/bin/../lib/gcc/arm-none-eabi/9.3.1/../../../../arm-none-eabi/lib/thumb/v7e-m+fp/hard\libc_nano.a
END GROUP
START GROUP
LOAD c:/st/stm32cubeide_1.6.1/stm32cubeide/plugins/com.st.stm32cube.ide.mcu.externaltools.gnu-tools-for-stm32.9-2020-q2-update.win32_1.5.0.202011040924/tools/bin/../lib/gcc/arm-none-eabi/9.3.1/thumb/v7e-m+fp/hard\libgcc.a
LOAD c:/st/stm32cubeide_1.6.1/stm32cubeide/plugins/com.st.stm32cube.ide.mcu.externaltools.gnu-tools-for-stm32.9-2020-q2-update.win32_1.5.0.202011040924/tools/bin/../lib/gcc/arm-none-eabi/9.3.1/../../../../arm-none-eabi/lib/thumb/v7e-m+fp/hard\libc_nano.a
LOAD c:/st/stm32cubeide_1.6.1/stm32cubeide/plugins/com.st.stm32cube.ide.mcu.externaltools.gnu-tools-for-stm32.9-2020-q2-update.win32_1.5.0.202011040924/tools/bin/../lib/gcc/arm-none-eabi/9.3.1/../../../../arm-none-eabi/lib/thumb/v7e-m+fp/hard\libnosys.a
END GROUP
START GROUP
LOAD c:/st/stm32cubeide_1.6.1/stm32cubeide/plugins/com.st.stm32cube.ide.mcu.externaltools.gnu-tools-for-stm32.9-2020-q2-update.win32_1.5.0.202011040924/tools/bin/../lib/gcc/arm-none-eabi/9.3.1/thumb/v7e-m+fp/hard\libgcc.a
LOAD c:/st/stm32cubeide_1.6.1/stm32cubeide/plugins/com.st.stm32cube.ide.mcu.externaltools.gnu-tools-for-stm32.9-2020-q2-update.win32_1.5.0.202011040924/tools/bin/../lib/gcc/arm-none-eabi/9.3.1/../../../../arm-none-eabi/lib/thumb/v7e-m+fp/hard\libc_nano.a
LOAD c:/st/stm32cubeide_1.6.1/stm32cubeide/plugins/com.st.stm32cube.ide.mcu.externaltools.gnu-tools-for-stm32.9-2020-q2-update.win32_1.5.0.202011040924/tools/bin/../lib/gcc/arm-none-eabi/9.3.1/../../../../arm-none-eabi/lib/thumb/v7e-m+fp/hard\libnosys.a
END GROUP
LOAD c:/st/stm32cubeide_1.6.1/stm32cubeide/plugins/com.st.stm32cube.ide.mcu.externaltools.gnu-tools-for-stm32.9-2020-q2-update.win32_1.5.0.202011040924/tools/bin/../lib/gcc/arm-none-eabi/9.3.1/thumb/v7e-m+fp/hard/crtend.o
LOAD c:/st/stm32cubeide_1.6.1/stm32cubeide/plugins/com.st.stm32cube.ide.mcu.externaltools.gnu-tools-for-stm32.9-2020-q2-update.win32_1.5.0.202011040924/tools/bin/../lib/gcc/arm-none-eabi/9.3.1/thumb/v7e-m+fp/hard/crtn.o
                0x0000000020020000                _estack = (ORIGIN (RAM) + LENGTH (RAM))
                0x0000000000000200                _Min_Heap_Size = 0x200
                0x0000000000000400                _Min_Stack_Size = 0x400

.isr_vector     0x0000000008000000      0x188
                0x0000000008000000                . = ALIGN (0x4)
 *(.isr_vector)
 .isr_vector    0x0000000008000000      0x188 Core/Startup/startup_stm32f407vetx.o
                0x0000000008000000                g_pfnVectors
                0x0000000008000188                . = ALIGN (0x4)

.text           0x0000000008000190     0x84e4
                0x0000000008000190                . = ALIGN (0x4)
 *(.text)
 .text          0x0000000008000190       0x40 c:/st/stm32cubeide_1.6.1/stm32cubeide/plugins/com.st.stm32cube.ide.mcu.externaltools.gnu-tools-for-stm32.9-2020-q2-update.win32_1.5.0.202011040924/tools/bin/../lib/gcc/arm-none-eabi/9.3.1/thumb/v7e-m+fp/hard/crtbegin.o
 .text          0x00000000080001d0       0x10 c:/st/stm32cubeide_1.6.1/stm32cubeide/plugins/com.st.stm32cube.ide.mcu.externaltools.gnu-tools-for-stm32.9-2020-q2-update.win32_1.5.0.202011040924/tools/bin/../lib/gcc/arm-none-eabi/9.3.1/../../../../arm-none-eabi/lib/thumb/v7e-m+fp/hard\libc_nano.a(lib_a-strlen.o)
                0x00000000080001d0                strlen
 .text          0x00000000080001e0       0xa0 c:/st/stm32cubeide_1.6.1/stm32cubeide/plugins/com.st.stm32cube.ide.mcu.externaltools.gnu-tools-for-stm32.9-2020-q2-update.win32_1.5.0.202011040924/tools/bin/../lib/gcc/arm-none-eabi/9.3.1/../../../../arm-none-eabi/lib/thumb/v7e-m+fp/hard\libc_nano.a(lib_a-memchr.o)
                0x00000000080001e0                memchr
 .text          0x0000000008000280       0x30 c:/st/stm32cubeide_1.6.1/stm32cubeide/plugins/com.st.stm32cube.ide.mcu.externaltools.gnu-tools-for-stm32.9-2020-q2-update.win32_1.5.0.202011040924/tools/bin/../lib/gcc/arm-none-eabi/9.3.1/thumb/v7e-m+fp/hard\libgcc.a(_aeabi_uldivmod.o)
                0x0000000008000280                __aeabi_uldivmod
 .text          0x00000000080002b0      0x2c4 c:/st/stm32cubeide_1.6.1/stm32cubeide/plugins/com.st.stm32cube.ide.mcu.externaltools.gnu-tools-for-stm32.9-2020-q2-update.win32_1.5.0.202011040924/tools/bin/../lib/gcc/arm-none-eabi/9.3.1/thumb/v7e-m+fp/hard\libgcc.a(_udivmoddi4.o)
                0x00000000080002b0                __udivmoddi4
 .text          0x0000000008000574        0x4 c:/st/stm32cubeide_1.6.1/stm32cubeide/plugins/com.st.stm32cube.ide.mcu.externaltools.gnu-tools-for-stm32.9-2020-q2-update.win32_1.5.0.202011040924/tools/bin/../lib/gcc/arm-none-eabi/9.3.1/thumb/v7e-m+fp/hard\libgcc.a(_dvmd_tls.o)
                0x0000000008000574                __aeabi_idiv0
                0x0000000008000574                __aeabi_ldiv0
 *(.text*)
 .text.vApplicationGetIdleTaskMemory
                0x0000000008000578       0x34 Core/Src/freertos.o
                0x0000000008000578                vApplicationGetIdleTaskMemory
 .text.__NVIC_GetPriorityGrouping
                0x00000000080005ac       0x1c Core/Src/main.o
 .text.__NVIC_EnableIRQ
                0x00000000080005c8       0x3c Core/Src/main.o
 .text.__NVIC_SetPriority
                0x0000000008000604       0x54 Core/Src/main.o
 .text.NVIC_EncodePriority
                0x0000000008000658       0x66 Core/Src/main.o
 .text.ITM_SendChar
                0x00000000080006be       0x4e Core/Src/main.o
 .text.LL_DMA_SetDataTransferDirection
                0x000000000800070c       0x48 Core/Src/main.o
 .text.LL_DMA_SetMode
                0x0000000008000754       0x48 Core/Src/main.o
 .text.LL_DMA_SetPeriphIncMode
                0x000000000800079c       0x48 Core/Src/main.o
 .text.LL_DMA_SetMemoryIncMode
                0x00000000080007e4       0x48 Core/Src/main.o
 .text.LL_DMA_SetPeriphSize
                0x000000000800082c       0x48 Core/Src/main.o
 .text.LL_DMA_SetMemorySize
                0x0000000008000874       0x48 Core/Src/main.o
 .text.LL_DMA_SetStreamPriorityLevel
                0x00000000080008bc       0x48 Core/Src/main.o
 .text.LL_DMA_SetChannelSelection
                0x0000000008000904       0x48 Core/Src/main.o
 .text.LL_DMA_DisableFifoMode
                0x000000000800094c       0x40 Core/Src/main.o
 .text.LL_RCC_HSE_Enable
                0x000000000800098c       0x20 Core/Src/main.o
 .text.LL_RCC_HSE_IsReady
                0x00000000080009ac       0x28 Core/Src/main.o
 .text.LL_RCC_SetSysClkSource
                0x00000000080009d4       0x28 Core/Src/main.o
 .text.LL_RCC_GetSysClkSource
                0x00000000080009fc       0x1c Core/Src/main.o
 .text.LL_RCC_SetAHBPrescaler
                0x0000000008000a18       0x28 Core/Src/main.o
 .text.LL_RCC_SetAPB1Prescaler
                0x0000000008000a40       0x28 Core/Src/main.o
 .text.LL_RCC_SetAPB2Prescaler
                0x0000000008000a68       0x28 Core/Src/main.o
 .text.LL_RCC_PLL_Enable
                0x0000000008000a90       0x20 Core/Src/main.o
 .text.LL_RCC_PLL_IsReady
                0x0000000008000ab0       0x28 Core/Src/main.o
 .text.LL_RCC_PLL_ConfigDomain_SYS
                0x0000000008000ad8       0x4c Core/Src/main.o
 .text.LL_AHB1_GRP1_EnableClock
                0x0000000008000b24       0x30 Core/Src/main.o
 .text.LL_APB1_GRP1_EnableClock
                0x0000000008000b54       0x30 Core/Src/main.o
 .text.LL_APB2_GRP1_EnableClock
                0x0000000008000b84       0x30 Core/Src/main.o
 .text.LL_FLASH_SetLatency
                0x0000000008000bb4       0x28 Core/Src/main.o
 .text.LL_FLASH_GetLatency
                0x0000000008000bdc       0x1c Core/Src/main.o
 .text.LL_PWR_SetRegulVoltageScaling
                0x0000000008000bf8       0x28 Core/Src/main.o
 .text.LL_SPI_SetStandard
                0x0000000008000c20       0x26 Core/Src/main.o
 .text.LL_TIM_DisableARRPreload
                0x0000000008000c46       0x20 Core/Src/main.o
 .text.LL_TIM_SetClockSource
                0x0000000008000c66       0x2a Core/Src/main.o
 .text.LL_TIM_SetTriggerOutput
                0x0000000008000c90       0x26 Core/Src/main.o
 .text.LL_TIM_DisableMasterSlaveMode
                0x0000000008000cb6       0x20 Core/Src/main.o
 .text.LL_USART_Enable
                0x0000000008000cd6       0x20 Core/Src/main.o
 .text.LL_USART_ConfigAsyncMode
                0x0000000008000cf6       0x2c Core/Src/main.o
 .text.LL_GPIO_SetOutputPin
                0x0000000008000d22       0x1c Core/Src/main.o
 .text.LL_GPIO_ResetOutputPin
                0x0000000008000d3e       0x1e Core/Src/main.o
 .text.LL_GPIO_TogglePin
                0x0000000008000d5c       0x32 Core/Src/main.o
 .text._write   0x0000000008000d8e       0x38 Core/Src/main.o
                0x0000000008000d8e                _write
 *fill*         0x0000000008000dc6        0x2 
 .text.main     0x0000000008000dc8      0x10c Core/Src/main.o
                0x0000000008000dc8                main
 .text.SystemClock_Config
                0x0000000008000ed4       0x94 Core/Src/main.o
                0x0000000008000ed4                SystemClock_Config
 .text.MX_SPI3_Init
                0x0000000008000f68      0x104 Core/Src/main.o
 .text.MX_TIM3_Init
                0x000000000800106c       0x60 Core/Src/main.o
 .text.MX_USART1_UART_Init
                0x00000000080010cc       0xa0 Core/Src/main.o
 .text.MX_DMA_Init
                0x000000000800116c       0x30 Core/Src/main.o
 .text.MX_GPIO_Init
                0x000000000800119c       0x90 Core/Src/main.o
 .text.TIM8_TRG_COM_TIM14_IRQHandler
                0x000000000800122c        0xe Core/Src/main.o
                0x000000000800122c                TIM8_TRG_COM_TIM14_IRQHandler
 .text.USART1_IRQHandler
                0x000000000800123a        0xc Core/Src/main.o
                0x000000000800123a                USART1_IRQHandler
 .text.sim7600ErrorTask
                0x0000000008001246       0x1c Core/Src/main.o
                0x0000000008001246                sim7600ErrorTask
 *fill*         0x0000000008001262        0x2 
 .text.usart_rx_dmaTask
                0x0000000008001264       0x24 Core/Src/main.o
                0x0000000008001264                usart_rx_dmaTask
 .text.StartDefaultTask
                0x0000000008001288       0x34 Core/Src/main.o
                0x0000000008001288                StartDefaultTask
 .text.StartTask02
                0x00000000080012bc       0x68 Core/Src/main.o
                0x00000000080012bc                StartTask02
 .text.HAL_TIM_PeriodElapsedCallback
                0x0000000008001324       0x1e Core/Src/main.o
                0x0000000008001324                HAL_TIM_PeriodElapsedCallback
 .text.Error_Handler
                0x0000000008001342        0xa Core/Src/main.o
                0x0000000008001342                Error_Handler
 .text.HAL_MspInit
                0x000000000800134c       0x58 Core/Src/stm32f4xx_hal_msp.o
                0x000000000800134c                HAL_MspInit
 .text.HAL_InitTick
                0x00000000080013a4       0xb4 Core/Src/stm32f4xx_hal_timebase_tim.o
                0x00000000080013a4                HAL_InitTick
 .text.NMI_Handler
                0x0000000008001458        0x6 Core/Src/stm32f4xx_it.o
                0x0000000008001458                NMI_Handler
 .text.HardFault_Handler
                0x000000000800145e        0x6 Core/Src/stm32f4xx_it.o
                0x000000000800145e                HardFault_Handler
 .text.MemManage_Handler
                0x0000000008001464        0x6 Core/Src/stm32f4xx_it.o
                0x0000000008001464                MemManage_Handler
 .text.BusFault_Handler
                0x000000000800146a        0x6 Core/Src/stm32f4xx_it.o
                0x000000000800146a                BusFault_Handler
 .text.UsageFault_Handler
                0x0000000008001470        0x6 Core/Src/stm32f4xx_it.o
                0x0000000008001470                UsageFault_Handler
 .text.DebugMon_Handler
                0x0000000008001476        0xe Core/Src/stm32f4xx_it.o
                0x0000000008001476                DebugMon_Handler
 .text.DMA1_Stream5_IRQHandler
                0x0000000008001484        0xe Core/Src/stm32f4xx_it.o
                0x0000000008001484                DMA1_Stream5_IRQHandler
 *fill*         0x0000000008001492        0x2 
 .text.TIM2_IRQHandler
                0x0000000008001494       0x14 Core/Src/stm32f4xx_it.o
                0x0000000008001494                TIM2_IRQHandler
 .text._read    0x00000000080014a8       0x3a Core/Src/syscalls.o
                0x00000000080014a8                _read
 .text._close   0x00000000080014e2       0x18 Core/Src/syscalls.o
                0x00000000080014e2                _close
 .text._fstat   0x00000000080014fa       0x20 Core/Src/syscalls.o
                0x00000000080014fa                _fstat
 .text._isatty  0x000000000800151a       0x16 Core/Src/syscalls.o
                0x000000000800151a                _isatty
 .text._lseek   0x0000000008001530       0x1a Core/Src/syscalls.o
                0x0000000008001530                _lseek
 *fill*         0x000000000800154a        0x2 
 .text._sbrk    0x000000000800154c       0x6c Core/Src/sysmem.o
                0x000000000800154c                _sbrk
 .text.SystemInit
                0x00000000080015b8       0x24 Core/Src/system_stm32f4xx.o
                0x00000000080015b8                SystemInit
 .text.Reset_Handler
                0x00000000080015dc       0x50 Core/Startup/startup_stm32f407vetx.o
                0x00000000080015dc                Reset_Handler
 .text.Default_Handler
                0x000000000800162c        0x2 Core/Startup/startup_stm32f407vetx.o
                0x000000000800162c                RTC_Alarm_IRQHandler
                0x000000000800162c                HASH_RNG_IRQHandler
                0x000000000800162c                EXTI2_IRQHandler
                0x000000000800162c                TIM8_CC_IRQHandler
                0x000000000800162c                TIM1_CC_IRQHandler
                0x000000000800162c                DMA2_Stream5_IRQHandler
                0x000000000800162c                PVD_IRQHandler
                0x000000000800162c                SDIO_IRQHandler
                0x000000000800162c                TAMP_STAMP_IRQHandler
                0x000000000800162c                CAN2_RX1_IRQHandler
                0x000000000800162c                EXTI3_IRQHandler
                0x000000000800162c                TIM1_UP_TIM10_IRQHandler
                0x000000000800162c                TIM8_UP_TIM13_IRQHandler
                0x000000000800162c                I2C3_ER_IRQHandler
                0x000000000800162c                EXTI0_IRQHandler
                0x000000000800162c                I2C2_EV_IRQHandler
                0x000000000800162c                DMA1_Stream2_IRQHandler
                0x000000000800162c                CAN1_RX0_IRQHandler
                0x000000000800162c                FPU_IRQHandler
                0x000000000800162c                OTG_HS_WKUP_IRQHandler
                0x000000000800162c                CAN2_SCE_IRQHandler
                0x000000000800162c                DMA2_Stream2_IRQHandler
                0x000000000800162c                SPI1_IRQHandler
                0x000000000800162c                TIM6_DAC_IRQHandler
                0x000000000800162c                TIM1_BRK_TIM9_IRQHandler
                0x000000000800162c                DCMI_IRQHandler
                0x000000000800162c                CAN2_RX0_IRQHandler
                0x000000000800162c                DMA2_Stream3_IRQHandler
                0x000000000800162c                USART6_IRQHandler
                0x000000000800162c                USART3_IRQHandler
                0x000000000800162c                CAN1_RX1_IRQHandler
                0x000000000800162c                UART5_IRQHandler
                0x000000000800162c                DMA2_Stream0_IRQHandler
                0x000000000800162c                TIM4_IRQHandler
                0x000000000800162c                I2C1_EV_IRQHandler
                0x000000000800162c                DMA1_Stream6_IRQHandler
                0x000000000800162c                DMA1_Stream1_IRQHandler
                0x000000000800162c                UART4_IRQHandler
                0x000000000800162c                TIM3_IRQHandler
                0x000000000800162c                RCC_IRQHandler
                0x000000000800162c                TIM8_BRK_TIM12_IRQHandler
                0x000000000800162c                Default_Handler
                0x000000000800162c                EXTI15_10_IRQHandler
                0x000000000800162c                ADC_IRQHandler
                0x000000000800162c                DMA1_Stream7_IRQHandler
                0x000000000800162c                TIM7_IRQHandler
                0x000000000800162c                CAN2_TX_IRQHandler
                0x000000000800162c                TIM5_IRQHandler
                0x000000000800162c                DMA2_Stream7_IRQHandler
                0x000000000800162c                I2C3_EV_IRQHandler
                0x000000000800162c                EXTI9_5_IRQHandler
                0x000000000800162c                RTC_WKUP_IRQHandler
                0x000000000800162c                ETH_WKUP_IRQHandler
                0x000000000800162c                SPI2_IRQHandler
                0x000000000800162c                OTG_HS_EP1_IN_IRQHandler
                0x000000000800162c                DMA1_Stream0_IRQHandler
                0x000000000800162c                CAN1_TX_IRQHandler
                0x000000000800162c                EXTI4_IRQHandler
                0x000000000800162c                FSMC_IRQHandler
                0x000000000800162c                ETH_IRQHandler
                0x000000000800162c                OTG_HS_EP1_OUT_IRQHandler
                0x000000000800162c                WWDG_IRQHandler
                0x000000000800162c                OTG_FS_WKUP_IRQHandler
                0x000000000800162c                TIM1_TRG_COM_TIM11_IRQHandler
                0x000000000800162c                OTG_HS_IRQHandler
                0x000000000800162c                EXTI1_IRQHandler
                0x000000000800162c                USART2_IRQHandler
                0x000000000800162c                I2C2_ER_IRQHandler
                0x000000000800162c                DMA2_Stream1_IRQHandler
                0x000000000800162c                CAN1_SCE_IRQHandler
                0x000000000800162c                FLASH_IRQHandler
                0x000000000800162c                DMA2_Stream4_IRQHandler
                0x000000000800162c                OTG_FS_IRQHandler
                0x000000000800162c                SPI3_IRQHandler
                0x000000000800162c                DMA1_Stream4_IRQHandler
                0x000000000800162c                I2C1_ER_IRQHandler
                0x000000000800162c                DMA2_Stream6_IRQHandler
                0x000000000800162c                DMA1_Stream3_IRQHandler
 *fill*         0x000000000800162e        0x2 
 .text.HAL_Init
                0x0000000008001630       0x44 Drivers/STM32F4xx_HAL_Driver/Src/stm32f4xx_hal.o
                0x0000000008001630                HAL_Init
 .text.HAL_IncTick
                0x0000000008001674       0x28 Drivers/STM32F4xx_HAL_Driver/Src/stm32f4xx_hal.o
                0x0000000008001674                HAL_IncTick
 .text.__NVIC_SetPriorityGrouping
                0x000000000800169c       0x48 Drivers/STM32F4xx_HAL_Driver/Src/stm32f4xx_hal_cortex.o
 .text.__NVIC_GetPriorityGrouping
                0x00000000080016e4       0x1c Drivers/STM32F4xx_HAL_Driver/Src/stm32f4xx_hal_cortex.o
 .text.__NVIC_EnableIRQ
                0x0000000008001700       0x3c Drivers/STM32F4xx_HAL_Driver/Src/stm32f4xx_hal_cortex.o
 .text.__NVIC_SetPriority
                0x000000000800173c       0x54 Drivers/STM32F4xx_HAL_Driver/Src/stm32f4xx_hal_cortex.o
 .text.NVIC_EncodePriority
                0x0000000008001790       0x66 Drivers/STM32F4xx_HAL_Driver/Src/stm32f4xx_hal_cortex.o
 .text.HAL_NVIC_SetPriorityGrouping
                0x00000000080017f6       0x16 Drivers/STM32F4xx_HAL_Driver/Src/stm32f4xx_hal_cortex.o
                0x00000000080017f6                HAL_NVIC_SetPriorityGrouping
 .text.HAL_NVIC_SetPriority
                0x000000000800180c       0x38 Drivers/STM32F4xx_HAL_Driver/Src/stm32f4xx_hal_cortex.o
                0x000000000800180c                HAL_NVIC_SetPriority
 .text.HAL_NVIC_EnableIRQ
                0x0000000008001844       0x1c Drivers/STM32F4xx_HAL_Driver/Src/stm32f4xx_hal_cortex.o
                0x0000000008001844                HAL_NVIC_EnableIRQ
 .text.HAL_RCC_GetHCLKFreq
                0x0000000008001860       0x18 Drivers/STM32F4xx_HAL_Driver/Src/stm32f4xx_hal_rcc.o
                0x0000000008001860                HAL_RCC_GetHCLKFreq
 .text.HAL_RCC_GetPCLK1Freq
                0x0000000008001878       0x28 Drivers/STM32F4xx_HAL_Driver/Src/stm32f4xx_hal_rcc.o
                0x0000000008001878                HAL_RCC_GetPCLK1Freq
 .text.HAL_RCC_GetClockConfig
                0x00000000080018a0       0x64 Drivers/STM32F4xx_HAL_Driver/Src/stm32f4xx_hal_rcc.o
                0x00000000080018a0                HAL_RCC_GetClockConfig
 .text.HAL_TIM_Base_Init
                0x0000000008001904       0x9e Drivers/STM32F4xx_HAL_Driver/Src/stm32f4xx_hal_tim.o
                0x0000000008001904                HAL_TIM_Base_Init
 .text.HAL_TIM_Base_MspInit
                0x00000000080019a2       0x14 Drivers/STM32F4xx_HAL_Driver/Src/stm32f4xx_hal_tim.o
                0x00000000080019a2                HAL_TIM_Base_MspInit
 *fill*         0x00000000080019b6        0x2 
 .text.HAL_TIM_Base_Start_IT
                0x00000000080019b8       0xe0 Drivers/STM32F4xx_HAL_Driver/Src/stm32f4xx_hal_tim.o
                0x00000000080019b8                HAL_TIM_Base_Start_IT
 .text.HAL_TIM_IRQHandler
                0x0000000008001a98      0x210 Drivers/STM32F4xx_HAL_Driver/Src/stm32f4xx_hal_tim.o
                0x0000000008001a98                HAL_TIM_IRQHandler
 .text.HAL_TIM_OC_DelayElapsedCallback
                0x0000000008001ca8       0x14 Drivers/STM32F4xx_HAL_Driver/Src/stm32f4xx_hal_tim.o
                0x0000000008001ca8                HAL_TIM_OC_DelayElapsedCallback
 .text.HAL_TIM_IC_CaptureCallback
                0x0000000008001cbc       0x14 Drivers/STM32F4xx_HAL_Driver/Src/stm32f4xx_hal_tim.o
                0x0000000008001cbc                HAL_TIM_IC_CaptureCallback
 .text.HAL_TIM_PWM_PulseFinishedCallback
                0x0000000008001cd0       0x14 Drivers/STM32F4xx_HAL_Driver/Src/stm32f4xx_hal_tim.o
                0x0000000008001cd0                HAL_TIM_PWM_PulseFinishedCallback
 .text.HAL_TIM_TriggerCallback
                0x0000000008001ce4       0x14 Drivers/STM32F4xx_HAL_Driver/Src/stm32f4xx_hal_tim.o
                0x0000000008001ce4                HAL_TIM_TriggerCallback
 .text.TIM_Base_SetConfig
                0x0000000008001cf8      0x140 Drivers/STM32F4xx_HAL_Driver/Src/stm32f4xx_hal_tim.o
                0x0000000008001cf8                TIM_Base_SetConfig
 .text.HAL_TIMEx_CommutCallback
                0x0000000008001e38       0x14 Drivers/STM32F4xx_HAL_Driver/Src/stm32f4xx_hal_tim_ex.o
                0x0000000008001e38                HAL_TIMEx_CommutCallback
 .text.HAL_TIMEx_BreakCallback
                0x0000000008001e4c       0x14 Drivers/STM32F4xx_HAL_Driver/Src/stm32f4xx_hal_tim_ex.o
                0x0000000008001e4c                HAL_TIMEx_BreakCallback
 .text.LL_GPIO_SetPinMode
                0x0000000008001e60       0x5e Drivers/STM32F4xx_HAL_Driver/Src/stm32f4xx_ll_gpio.o
 .text.LL_GPIO_SetPinOutputType
                0x0000000008001ebe       0x30 Drivers/STM32F4xx_HAL_Driver/Src/stm32f4xx_ll_gpio.o
 .text.LL_GPIO_SetPinSpeed
                0x0000000008001eee       0x5e Drivers/STM32F4xx_HAL_Driver/Src/stm32f4xx_ll_gpio.o
 .text.LL_GPIO_SetPinPull
                0x0000000008001f4c       0x5e Drivers/STM32F4xx_HAL_Driver/Src/stm32f4xx_ll_gpio.o
 .text.LL_GPIO_SetAFPin_0_7
                0x0000000008001faa       0x5e Drivers/STM32F4xx_HAL_Driver/Src/stm32f4xx_ll_gpio.o
 .text.LL_GPIO_SetAFPin_8_15
                0x0000000008002008       0x62 Drivers/STM32F4xx_HAL_Driver/Src/stm32f4xx_ll_gpio.o
 .text.LL_GPIO_Init
                0x000000000800206a       0xe6 Drivers/STM32F4xx_HAL_Driver/Src/stm32f4xx_ll_gpio.o
                0x000000000800206a                LL_GPIO_Init
 .text.LL_RCC_GetSysClkSource
                0x0000000008002150       0x1c Drivers/STM32F4xx_HAL_Driver/Src/stm32f4xx_ll_rcc.o
 .text.LL_RCC_GetAHBPrescaler
                0x000000000800216c       0x1c Drivers/STM32F4xx_HAL_Driver/Src/stm32f4xx_ll_rcc.o
 .text.LL_RCC_GetAPB1Prescaler
                0x0000000008002188       0x1c Drivers/STM32F4xx_HAL_Driver/Src/stm32f4xx_ll_rcc.o
 .text.LL_RCC_GetAPB2Prescaler
                0x00000000080021a4       0x1c Drivers/STM32F4xx_HAL_Driver/Src/stm32f4xx_ll_rcc.o
 .text.LL_RCC_PLL_GetMainSource
                0x00000000080021c0       0x1c Drivers/STM32F4xx_HAL_Driver/Src/stm32f4xx_ll_rcc.o
 .text.LL_RCC_PLL_GetN
                0x00000000080021dc       0x1c Drivers/STM32F4xx_HAL_Driver/Src/stm32f4xx_ll_rcc.o
 .text.LL_RCC_PLL_GetP
                0x00000000080021f8       0x1c Drivers/STM32F4xx_HAL_Driver/Src/stm32f4xx_ll_rcc.o
 .text.LL_RCC_PLL_GetDivider
                0x0000000008002214       0x1c Drivers/STM32F4xx_HAL_Driver/Src/stm32f4xx_ll_rcc.o
 .text.LL_RCC_GetSystemClocksFreq
                0x0000000008002230       0x4a Drivers/STM32F4xx_HAL_Driver/Src/stm32f4xx_ll_rcc.o
                0x0000000008002230                LL_RCC_GetSystemClocksFreq
 *fill*         0x000000000800227a        0x2 
 .text.RCC_GetSystemClockFreq
                0x000000000800227c       0x50 Drivers/STM32F4xx_HAL_Driver/Src/stm32f4xx_ll_rcc.o
                0x000000000800227c                RCC_GetSystemClockFreq
 .text.RCC_GetHCLKClockFreq
                0x00000000080022cc       0x2c Drivers/STM32F4xx_HAL_Driver/Src/stm32f4xx_ll_rcc.o
                0x00000000080022cc                RCC_GetHCLKClockFreq
 .text.RCC_GetPCLK1ClockFreq
                0x00000000080022f8       0x28 Drivers/STM32F4xx_HAL_Driver/Src/stm32f4xx_ll_rcc.o
                0x00000000080022f8                RCC_GetPCLK1ClockFreq
 .text.RCC_GetPCLK2ClockFreq
                0x0000000008002320       0x28 Drivers/STM32F4xx_HAL_Driver/Src/stm32f4xx_ll_rcc.o
                0x0000000008002320                RCC_GetPCLK2ClockFreq
 .text.RCC_PLL_GetFreqDomain_SYS
                0x0000000008002348       0x7c Drivers/STM32F4xx_HAL_Driver/Src/stm32f4xx_ll_rcc.o
                0x0000000008002348                RCC_PLL_GetFreqDomain_SYS
 .text.LL_SPI_IsEnabled
                0x00000000080023c4       0x26 Drivers/STM32F4xx_HAL_Driver/Src/stm32f4xx_ll_spi.o
 .text.LL_SPI_SetCRCPolynomial
                0x00000000080023ea       0x20 Drivers/STM32F4xx_HAL_Driver/Src/stm32f4xx_ll_spi.o
 .text.LL_SPI_Init
                0x000000000800240a       0xa4 Drivers/STM32F4xx_HAL_Driver/Src/stm32f4xx_ll_spi.o
                0x000000000800240a                LL_SPI_Init
 .text.LL_TIM_SetPrescaler
                0x00000000080024ae       0x1c Drivers/STM32F4xx_HAL_Driver/Src/stm32f4xx_ll_tim.o
 .text.LL_TIM_SetAutoReload
                0x00000000080024ca       0x1c Drivers/STM32F4xx_HAL_Driver/Src/stm32f4xx_ll_tim.o
 .text.LL_TIM_SetRepetitionCounter
                0x00000000080024e6       0x1c Drivers/STM32F4xx_HAL_Driver/Src/stm32f4xx_ll_tim.o
 .text.LL_TIM_GenerateEvent_UPDATE
                0x0000000008002502       0x20 Drivers/STM32F4xx_HAL_Driver/Src/stm32f4xx_ll_tim.o
 *fill*         0x0000000008002522        0x2 
 .text.LL_TIM_Init
                0x0000000008002524      0x134 Drivers/STM32F4xx_HAL_Driver/Src/stm32f4xx_ll_tim.o
                0x0000000008002524                LL_TIM_Init
 .text.LL_USART_IsEnabled
                0x0000000008002658       0x28 Drivers/STM32F4xx_HAL_Driver/Src/stm32f4xx_ll_usart.o
 .text.LL_USART_SetStopBitsLength
                0x0000000008002680       0x26 Drivers/STM32F4xx_HAL_Driver/Src/stm32f4xx_ll_usart.o
 .text.LL_USART_SetHWFlowCtrl
                0x00000000080026a6       0x26 Drivers/STM32F4xx_HAL_Driver/Src/stm32f4xx_ll_usart.o
 .text.LL_USART_SetBaudRate
                0x00000000080026cc      0x320 Drivers/STM32F4xx_HAL_Driver/Src/stm32f4xx_ll_usart.o
 .text.LL_USART_Init
                0x00000000080029ec      0x100 Drivers/STM32F4xx_HAL_Driver/Src/stm32f4xx_ll_usart.o
                0x00000000080029ec                LL_USART_Init
 .text.LL_SetSystemCoreClock
                0x0000000008002aec       0x20 Drivers/STM32F4xx_HAL_Driver/Src/stm32f4xx_ll_utils.o
                0x0000000008002aec                LL_SetSystemCoreClock
 .text.makeFreeRtosPriority
                0x0000000008002b0c       0x30 Middlewares/Third_Party/FreeRTOS/Source/CMSIS_RTOS/cmsis_os.o
 .text.inHandlerMode
                0x0000000008002b3c       0x24 Middlewares/Third_Party/FreeRTOS/Source/CMSIS_RTOS/cmsis_os.o
 .text.osKernelStart
                0x0000000008002b60        0xe Middlewares/Third_Party/FreeRTOS/Source/CMSIS_RTOS/cmsis_os.o
                0x0000000008002b60                osKernelStart
 .text.osThreadCreate
                0x0000000008002b6e       0x98 Middlewares/Third_Party/FreeRTOS/Source/CMSIS_RTOS/cmsis_os.o
                0x0000000008002b6e                osThreadCreate
 .text.osThreadTerminate
                0x0000000008002c06       0x18 Middlewares/Third_Party/FreeRTOS/Source/CMSIS_RTOS/cmsis_os.o
                0x0000000008002c06                osThreadTerminate
 .text.osDelay  0x0000000008002c1e       0x28 Middlewares/Third_Party/FreeRTOS/Source/CMSIS_RTOS/cmsis_os.o
                0x0000000008002c1e                osDelay
 .text.osSemaphoreCreate
                0x0000000008002c46       0x64 Middlewares/Third_Party/FreeRTOS/Source/CMSIS_RTOS/cmsis_os.o
                0x0000000008002c46                osSemaphoreCreate
 *fill*         0x0000000008002caa        0x2 
 .text.osSemaphoreWait
                0x0000000008002cac       0x9c Middlewares/Third_Party/FreeRTOS/Source/CMSIS_RTOS/cmsis_os.o
                0x0000000008002cac                osSemaphoreWait
 .text.osSemaphoreRelease
                0x0000000008002d48       0x6c Middlewares/Third_Party/FreeRTOS/Source/CMSIS_RTOS/cmsis_os.o
                0x0000000008002d48                osSemaphoreRelease
 .text.osMessageCreate
                0x0000000008002db4       0x50 Middlewares/Third_Party/FreeRTOS/Source/CMSIS_RTOS/cmsis_os.o
                0x0000000008002db4                osMessageCreate
 .text.osMessagePut
                0x0000000008002e04       0x80 Middlewares/Third_Party/FreeRTOS/Source/CMSIS_RTOS/cmsis_os.o
                0x0000000008002e04                osMessagePut
 .text.osMessageGet
                0x0000000008002e84       0xe8 Middlewares/Third_Party/FreeRTOS/Source/CMSIS_RTOS/cmsis_os.o
                0x0000000008002e84                osMessageGet
 .text.vListInitialise
                0x0000000008002f6c       0x40 Middlewares/Third_Party/FreeRTOS/Source/list.o
                0x0000000008002f6c                vListInitialise
 .text.vListInitialiseItem
                0x0000000008002fac       0x1a Middlewares/Third_Party/FreeRTOS/Source/list.o
                0x0000000008002fac                vListInitialiseItem
 .text.vListInsertEnd
                0x0000000008002fc6       0x48 Middlewares/Third_Party/FreeRTOS/Source/list.o
                0x0000000008002fc6                vListInsertEnd
 .text.vListInsert
                0x000000000800300e       0x72 Middlewares/Third_Party/FreeRTOS/Source/list.o
                0x000000000800300e                vListInsert
 .text.uxListRemove
                0x0000000008003080       0x54 Middlewares/Third_Party/FreeRTOS/Source/list.o
                0x0000000008003080                uxListRemove
 .text.xQueueGenericReset
                0x00000000080030d4       0xd0 Middlewares/Third_Party/FreeRTOS/Source/queue.o
                0x00000000080030d4                xQueueGenericReset
 .text.xQueueGenericCreateStatic
                0x00000000080031a4       0xf0 Middlewares/Third_Party/FreeRTOS/Source/queue.o
                0x00000000080031a4                xQueueGenericCreateStatic
 .text.xQueueGenericCreate
                0x0000000008003294       0x74 Middlewares/Third_Party/FreeRTOS/Source/queue.o
                0x0000000008003294                xQueueGenericCreate
 .text.prvInitialiseNewQueue
                0x0000000008003308       0x3e Middlewares/Third_Party/FreeRTOS/Source/queue.o
 *fill*         0x0000000008003346        0x2 
 .text.xQueueGenericSend
                0x0000000008003348      0x1fc Middlewares/Third_Party/FreeRTOS/Source/queue.o
                0x0000000008003348                xQueueGenericSend
 .text.xQueueGenericSendFromISR
                0x0000000008003544      0x136 Middlewares/Third_Party/FreeRTOS/Source/queue.o
                0x0000000008003544                xQueueGenericSendFromISR
 .text.xQueueGiveFromISR
                0x000000000800367a      0x11a Middlewares/Third_Party/FreeRTOS/Source/queue.o
                0x000000000800367a                xQueueGiveFromISR
 .text.xQueueReceive
                0x0000000008003794      0x1c0 Middlewares/Third_Party/FreeRTOS/Source/queue.o
                0x0000000008003794                xQueueReceive
 .text.xQueueSemaphoreTake
                0x0000000008003954      0x218 Middlewares/Third_Party/FreeRTOS/Source/queue.o
                0x0000000008003954                xQueueSemaphoreTake
 .text.xQueueReceiveFromISR
                0x0000000008003b6c      0x100 Middlewares/Third_Party/FreeRTOS/Source/queue.o
                0x0000000008003b6c                xQueueReceiveFromISR
 .text.prvGetDisinheritPriorityAfterTimeout
                0x0000000008003c6c       0x30 Middlewares/Third_Party/FreeRTOS/Source/queue.o
 .text.prvCopyDataToQueue
                0x0000000008003c9c       0xd4 Middlewares/Third_Party/FreeRTOS/Source/queue.o
 .text.prvCopyDataFromQueue
                0x0000000008003d70       0x4c Middlewares/Third_Party/FreeRTOS/Source/queue.o
 .text.prvUnlockQueue
                0x0000000008003dbc       0xa4 Middlewares/Third_Party/FreeRTOS/Source/queue.o
 .text.prvIsQueueEmpty
                0x0000000008003e60       0x2c Middlewares/Third_Party/FreeRTOS/Source/queue.o
 .text.prvIsQueueFull
                0x0000000008003e8c       0x30 Middlewares/Third_Party/FreeRTOS/Source/queue.o
 .text.xTaskCreateStatic
                0x0000000008003ebc       0xba Middlewares/Third_Party/FreeRTOS/Source/tasks.o
                0x0000000008003ebc                xTaskCreateStatic
 .text.xTaskCreate
                0x0000000008003f76       0x8a Middlewares/Third_Party/FreeRTOS/Source/tasks.o
                0x0000000008003f76                xTaskCreate
 .text.prvInitialiseNewTask
                0x0000000008004000      0x10e Middlewares/Third_Party/FreeRTOS/Source/tasks.o
 *fill*         0x000000000800410e        0x2 
 .text.prvAddNewTaskToReadyList
                0x0000000008004110       0xd4 Middlewares/Third_Party/FreeRTOS/Source/tasks.o
 .text.vTaskDelete
                0x00000000080041e4      0x120 Middlewares/Third_Party/FreeRTOS/Source/tasks.o
                0x00000000080041e4                vTaskDelete
 .text.vTaskDelay
                0x0000000008004304       0x68 Middlewares/Third_Party/FreeRTOS/Source/tasks.o
                0x0000000008004304                vTaskDelay
 .text.vTaskStartScheduler
                0x000000000800436c       0xc0 Middlewares/Third_Party/FreeRTOS/Source/tasks.o
                0x000000000800436c                vTaskStartScheduler
 .text.vTaskSuspendAll
                0x000000000800442c       0x1c Middlewares/Third_Party/FreeRTOS/Source/tasks.o
                0x000000000800442c                vTaskSuspendAll
 .text.xTaskResumeAll
                0x0000000008004448      0x138 Middlewares/Third_Party/FreeRTOS/Source/tasks.o
                0x0000000008004448                xTaskResumeAll
 .text.xTaskIncrementTick
                0x0000000008004580      0x170 Middlewares/Third_Party/FreeRTOS/Source/tasks.o
                0x0000000008004580                xTaskIncrementTick
 .text.vTaskSwitchContext
                0x00000000080046f0       0xb8 Middlewares/Third_Party/FreeRTOS/Source/tasks.o
                0x00000000080046f0                vTaskSwitchContext
 .text.vTaskPlaceOnEventList
                0x00000000080047a8       0x48 Middlewares/Third_Party/FreeRTOS/Source/tasks.o
                0x00000000080047a8                vTaskPlaceOnEventList
 .text.xTaskRemoveFromEventList
                0x00000000080047f0       0xc4 Middlewares/Third_Party/FreeRTOS/Source/tasks.o
                0x00000000080047f0                xTaskRemoveFromEventList
 .text.vTaskInternalSetTimeOutState
                0x00000000080048b4       0x2c Middlewares/Third_Party/FreeRTOS/Source/tasks.o
                0x00000000080048b4                vTaskInternalSetTimeOutState
 .text.xTaskCheckForTimeOut
                0x00000000080048e0       0xc4 Middlewares/Third_Party/FreeRTOS/Source/tasks.o
                0x00000000080048e0                xTaskCheckForTimeOut
 .text.vTaskMissedYield
                0x00000000080049a4       0x18 Middlewares/Third_Party/FreeRTOS/Source/tasks.o
                0x00000000080049a4                vTaskMissedYield
 .text.prvIdleTask
                0x00000000080049bc       0x30 Middlewares/Third_Party/FreeRTOS/Source/tasks.o
 .text.prvInitialiseTaskLists
                0x00000000080049ec       0x80 Middlewares/Third_Party/FreeRTOS/Source/tasks.o
 .text.prvCheckTasksWaitingTermination
                0x0000000008004a6c       0x5c Middlewares/Third_Party/FreeRTOS/Source/tasks.o
 .text.prvDeleteTCB
                0x0000000008004ac8       0x5e Middlewares/Third_Party/FreeRTOS/Source/tasks.o
 *fill*         0x0000000008004b26        0x2 
 .text.prvResetNextTaskUnblockTime
                0x0000000008004b28       0x40 Middlewares/Third_Party/FreeRTOS/Source/tasks.o
 .text.xTaskGetSchedulerState
                0x0000000008004b68       0x3c Middlewares/Third_Party/FreeRTOS/Source/tasks.o
                0x0000000008004b68                xTaskGetSchedulerState
 .text.xTaskPriorityInherit
                0x0000000008004ba4       0xec Middlewares/Third_Party/FreeRTOS/Source/tasks.o
                0x0000000008004ba4                xTaskPriorityInherit
 .text.xTaskPriorityDisinherit
                0x0000000008004c90      0x10c Middlewares/Third_Party/FreeRTOS/Source/tasks.o
                0x0000000008004c90                xTaskPriorityDisinherit
 .text.vTaskPriorityDisinheritAfterTimeout
                0x0000000008004d9c      0x11c Middlewares/Third_Party/FreeRTOS/Source/tasks.o
                0x0000000008004d9c                vTaskPriorityDisinheritAfterTimeout
 .text.pvTaskIncrementMutexHeldCount
                0x0000000008004eb8       0x28 Middlewares/Third_Party/FreeRTOS/Source/tasks.o
                0x0000000008004eb8                pvTaskIncrementMutexHeldCount
 .text.prvAddCurrentTaskToDelayedList
                0x0000000008004ee0       0xcc Middlewares/Third_Party/FreeRTOS/Source/tasks.o
 .text.pxPortInitialiseStack
                0x0000000008004fac       0x68 Middlewares/Third_Party/FreeRTOS/Source/portable/GCC/ARM_CM4F/port.o
                0x0000000008004fac                pxPortInitialiseStack
 .text.prvTaskExitError
                0x0000000008005014       0x58 Middlewares/Third_Party/FreeRTOS/Source/portable/GCC/ARM_CM4F/port.o
 *fill*         0x000000000800506c        0x4 
 .text.SVC_Handler
                0x0000000008005070       0x28 Middlewares/Third_Party/FreeRTOS/Source/portable/GCC/ARM_CM4F/port.o
                0x0000000008005070                SVC_Handler
 .text.prvPortStartFirstTask
                0x0000000008005098       0x28 Middlewares/Third_Party/FreeRTOS/Source/portable/GCC/ARM_CM4F/port.o
 .text.xPortStartScheduler
                0x00000000080050c0      0x144 Middlewares/Third_Party/FreeRTOS/Source/portable/GCC/ARM_CM4F/port.o
                0x00000000080050c0                xPortStartScheduler
 .text.vPortEnterCritical
                0x0000000008005204       0x60 Middlewares/Third_Party/FreeRTOS/Source/portable/GCC/ARM_CM4F/port.o
                0x0000000008005204                vPortEnterCritical
 .text.vPortExitCritical
                0x0000000008005264       0x54 Middlewares/Third_Party/FreeRTOS/Source/portable/GCC/ARM_CM4F/port.o
                0x0000000008005264                vPortExitCritical
 *fill*         0x00000000080052b8        0x8 
 .text.PendSV_Handler
                0x00000000080052c0       0x68 Middlewares/Third_Party/FreeRTOS/Source/portable/GCC/ARM_CM4F/port.o
                0x00000000080052c0                PendSV_Handler
 .text.SysTick_Handler
                0x0000000008005328       0x44 Middlewares/Third_Party/FreeRTOS/Source/portable/GCC/ARM_CM4F/port.o
                0x0000000008005328                SysTick_Handler
 .text.vPortSetupTimerInterrupt
                0x000000000800536c       0x48 Middlewares/Third_Party/FreeRTOS/Source/portable/GCC/ARM_CM4F/port.o
                0x000000000800536c                vPortSetupTimerInterrupt
 .text.vPortEnableVFP
                0x00000000080053b4       0x14 Middlewares/Third_Party/FreeRTOS/Source/portable/GCC/ARM_CM4F/port.o
 .text.vPortValidateInterruptPriority
                0x00000000080053c8       0x80 Middlewares/Third_Party/FreeRTOS/Source/portable/GCC/ARM_CM4F/port.o
                0x00000000080053c8                vPortValidateInterruptPriority
 .text.pvPortMalloc
                0x0000000008005448      0x198 Middlewares/Third_Party/FreeRTOS/Source/portable/MemMang/heap_4.o
                0x0000000008005448                pvPortMalloc
 .text.vPortFree
                0x00000000080055e0       0xc4 Middlewares/Third_Party/FreeRTOS/Source/portable/MemMang/heap_4.o
                0x00000000080055e0                vPortFree
 .text.prvHeapInit
                0x00000000080056a4       0xc4 Middlewares/Third_Party/FreeRTOS/Source/portable/MemMang/heap_4.o
 .text.prvInsertBlockIntoFreeList
                0x0000000008005768       0xb4 Middlewares/Third_Party/FreeRTOS/Source/portable/MemMang/heap_4.o
 .text.__NVIC_GetPriorityGrouping
                0x000000000800581c       0x1c sim7600_driver/src/sim7600_uart_dma.o
 .text.__NVIC_EnableIRQ
                0x0000000008005838       0x3c sim7600_driver/src/sim7600_uart_dma.o
 .text.__NVIC_SetPriority
                0x0000000008005874       0x54 sim7600_driver/src/sim7600_uart_dma.o
 .text.NVIC_EncodePriority
                0x00000000080058c8       0x66 sim7600_driver/src/sim7600_uart_dma.o
 *fill*         0x000000000800592e        0x2 
 .text.LL_DMA_EnableStream
                0x0000000008005930       0x40 sim7600_driver/src/sim7600_uart_dma.o
 .text.LL_DMA_SetDataTransferDirection
                0x0000000008005970       0x48 sim7600_driver/src/sim7600_uart_dma.o
 .text.LL_DMA_SetMode
                0x00000000080059b8       0x48 sim7600_driver/src/sim7600_uart_dma.o
 .text.LL_DMA_SetPeriphIncMode
                0x0000000008005a00       0x48 sim7600_driver/src/sim7600_uart_dma.o
 .text.LL_DMA_SetMemoryIncMode
                0x0000000008005a48       0x48 sim7600_driver/src/sim7600_uart_dma.o
 .text.LL_DMA_SetPeriphSize
                0x0000000008005a90       0x48 sim7600_driver/src/sim7600_uart_dma.o
 .text.LL_DMA_SetMemorySize
                0x0000000008005ad8       0x48 sim7600_driver/src/sim7600_uart_dma.o
 .text.LL_DMA_SetStreamPriorityLevel
                0x0000000008005b20       0x48 sim7600_driver/src/sim7600_uart_dma.o
 .text.LL_DMA_SetDataLength
                0x0000000008005b68       0x48 sim7600_driver/src/sim7600_uart_dma.o
 .text.LL_DMA_GetDataLength
                0x0000000008005bb0       0x2c sim7600_driver/src/sim7600_uart_dma.o
 .text.LL_DMA_SetChannelSelection
                0x0000000008005bdc       0x48 sim7600_driver/src/sim7600_uart_dma.o
 .text.LL_DMA_DisableFifoMode
                0x0000000008005c24       0x40 sim7600_driver/src/sim7600_uart_dma.o
 .text.LL_DMA_SetMemoryAddress
                0x0000000008005c64       0x30 sim7600_driver/src/sim7600_uart_dma.o
 .text.LL_DMA_SetPeriphAddress
                0x0000000008005c94       0x30 sim7600_driver/src/sim7600_uart_dma.o
 .text.LL_AHB1_GRP1_EnableClock
                0x0000000008005cc4       0x30 sim7600_driver/src/sim7600_uart_dma.o
 .text.LL_APB2_GRP1_EnableClock
                0x0000000008005cf4       0x30 sim7600_driver/src/sim7600_uart_dma.o
 .text.LL_USART_Enable
                0x0000000008005d24       0x20 sim7600_driver/src/sim7600_uart_dma.o
 .text.LL_USART_Disable
                0x0000000008005d44       0x20 sim7600_driver/src/sim7600_uart_dma.o
 .text.LL_USART_SetBaudRate
                0x0000000008005d64      0x320 sim7600_driver/src/sim7600_uart_dma.o
 .text.LL_USART_ConfigAsyncMode
                0x0000000008006084       0x2c sim7600_driver/src/sim7600_uart_dma.o
 .text.LL_USART_IsActiveFlag_TC
                0x00000000080060b0       0x26 sim7600_driver/src/sim7600_uart_dma.o
 .text.LL_USART_IsActiveFlag_TXE
                0x00000000080060d6       0x26 sim7600_driver/src/sim7600_uart_dma.o
 .text.LL_USART_EnableIT_IDLE
                0x00000000080060fc       0x20 sim7600_driver/src/sim7600_uart_dma.o
 .text.LL_USART_EnableDMAReq_RX
                0x000000000800611c       0x20 sim7600_driver/src/sim7600_uart_dma.o
 .text.LL_USART_TransmitData8
                0x000000000800613c       0x1e sim7600_driver/src/sim7600_uart_dma.o
 .text.LL_GPIO_SetOutputPin
                0x000000000800615a       0x1c sim7600_driver/src/sim7600_uart_dma.o
 .text.LL_GPIO_ResetOutputPin
                0x0000000008006176       0x1e sim7600_driver/src/sim7600_uart_dma.o
 .text.sim7600_delay_ms
                0x0000000008006194       0x18 sim7600_driver/src/sim7600_uart_dma.o
 .text.sim7600_powerON
                0x00000000080061ac       0x3c sim7600_driver/src/sim7600_uart_dma.o
                0x00000000080061ac                sim7600_powerON
 .text.sim7600_powerOFF
                0x00000000080061e8       0x3c sim7600_driver/src/sim7600_uart_dma.o
                0x00000000080061e8                sim7600_powerOFF
 .text.sim7600_reset
                0x0000000008006224       0x3c sim7600_driver/src/sim7600_uart_dma.o
                0x0000000008006224                sim7600_reset
 .text.sim7600_gpio_init
                0x0000000008006260       0x50 sim7600_driver/src/sim7600_uart_dma.o
                0x0000000008006260                sim7600_gpio_init
 .text.sim7600_init
                0x00000000080062b0      0x1c0 sim7600_driver/src/sim7600_uart_dma.o
                0x00000000080062b0                sim7600_init
 .text.sim7600_config
                0x0000000008006470      0x184 sim7600_driver/src/sim7600_uart_dma.o
                0x0000000008006470                sim7600_config
 .text.sim7600_update_response
                0x00000000080065f4       0x6c sim7600_driver/src/sim7600_uart_dma.o
                0x00000000080065f4                sim7600_update_response
 .text.sim7600_open_network
                0x0000000008006660       0xa4 sim7600_driver/src/sim7600_uart_dma.o
                0x0000000008006660                sim7600_open_network
 .text.sim7600_open_udp_connect
                0x0000000008006704       0xa0 sim7600_driver/src/sim7600_uart_dma.o
                0x0000000008006704                sim7600_open_udp_connect
 .text.sim7600_send_packet_ip
                0x00000000080067a4       0xf4 sim7600_driver/src/sim7600_uart_dma.o
                0x00000000080067a4                sim7600_send_packet_ip
 .text.sim7600_keepAlive_udp
                0x0000000008006898       0x5c sim7600_driver/src/sim7600_uart_dma.o
                0x0000000008006898                sim7600_keepAlive_udp
 .text.sim7600_handle_error
                0x00000000080068f4       0xc0 sim7600_driver/src/sim7600_uart_dma.o
                0x00000000080068f4                sim7600_handle_error
 .text.sim7600_send_cmd
                0x00000000080069b4       0x88 sim7600_driver/src/sim7600_uart_dma.o
                0x00000000080069b4                sim7600_send_cmd
 .text.sim7600_restart
                0x0000000008006a3c       0xe4 sim7600_driver/src/sim7600_uart_dma.o
                0x0000000008006a3c                sim7600_restart
 .text.sim7600_usart_send_string
                0x0000000008006b20       0x20 sim7600_driver/src/sim7600_uart_dma.o
                0x0000000008006b20                sim7600_usart_send_string
 .text.sim7600_usart_send_byte
                0x0000000008006b40       0x64 sim7600_driver/src/sim7600_uart_dma.o
                0x0000000008006b40                sim7600_usart_send_byte
 .text.sim7600_usart_rx_check
                0x0000000008006ba4       0xf0 sim7600_driver/src/sim7600_uart_dma.o
                0x0000000008006ba4                sim7600_usart_rx_check
 .text.check_normal_response
                0x0000000008006c94       0x94 sim7600_driver/src/sim7600_uart_dma.o
 .text.sim7600_handle_received_data
                0x0000000008006d28      0x2f0 sim7600_driver/src/sim7600_uart_dma.o
                0x0000000008006d28                sim7600_handle_received_data
 .text.sim7600_handle_udp_packet
                0x0000000008007018       0xc0 sim7600_driver/src/sim7600_uart_dma.o
                0x0000000008007018                sim7600_handle_udp_packet
 .text.sim7600_check_sum_data
                0x00000000080070d8       0x74 sim7600_driver/src/sim7600_uart_dma.o
                0x00000000080070d8                sim7600_check_sum_data
 .text.sim7600_usart_IRQHandler
                0x000000000800714c       0x54 sim7600_driver/src/sim7600_uart_dma.o
                0x000000000800714c                sim7600_usart_IRQHandler
 .text.sim7600_change_baud
                0x00000000080071a0       0x30 sim7600_driver/src/sim7600_uart_dma.o
                0x00000000080071a0                sim7600_change_baud
 .text.__errno  0x00000000080071d0        0xc c:/st/stm32cubeide_1.6.1/stm32cubeide/plugins/com.st.stm32cube.ide.mcu.externaltools.gnu-tools-for-stm32.9-2020-q2-update.win32_1.5.0.202011040924/tools/bin/../lib/gcc/arm-none-eabi/9.3.1/../../../../arm-none-eabi/lib/thumb/v7e-m+fp/hard\libc_nano.a(lib_a-errno.o)
                0x00000000080071d0                __errno
 .text.__libc_init_array
                0x00000000080071dc       0x48 c:/st/stm32cubeide_1.6.1/stm32cubeide/plugins/com.st.stm32cube.ide.mcu.externaltools.gnu-tools-for-stm32.9-2020-q2-update.win32_1.5.0.202011040924/tools/bin/../lib/gcc/arm-none-eabi/9.3.1/../../../../arm-none-eabi/lib/thumb/v7e-m+fp/hard\libc_nano.a(lib_a-init.o)
                0x00000000080071dc                __libc_init_array
 .text.memcpy   0x0000000008007224       0x1c c:/st/stm32cubeide_1.6.1/stm32cubeide/plugins/com.st.stm32cube.ide.mcu.externaltools.gnu-tools-for-stm32.9-2020-q2-update.win32_1.5.0.202011040924/tools/bin/../lib/gcc/arm-none-eabi/9.3.1/../../../../arm-none-eabi/lib/thumb/v7e-m+fp/hard\libc_nano.a(lib_a-memcpy-stub.o)
                0x0000000008007224                memcpy
 .text.memset   0x0000000008007240       0x10 c:/st/stm32cubeide_1.6.1/stm32cubeide/plugins/com.st.stm32cube.ide.mcu.externaltools.gnu-tools-for-stm32.9-2020-q2-update.win32_1.5.0.202011040924/tools/bin/../lib/gcc/arm-none-eabi/9.3.1/../../../../arm-none-eabi/lib/thumb/v7e-m+fp/hard\libc_nano.a(lib_a-memset.o)
                0x0000000008007240                memset
 .text.printf   0x0000000008007250       0x30 c:/st/stm32cubeide_1.6.1/stm32cubeide/plugins/com.st.stm32cube.ide.mcu.externaltools.gnu-tools-for-stm32.9-2020-q2-update.win32_1.5.0.202011040924/tools/bin/../lib/gcc/arm-none-eabi/9.3.1/../../../../arm-none-eabi/lib/thumb/v7e-m+fp/hard\libc_nano.a(lib_a-printf.o)
                0x0000000008007250                iprintf
                0x0000000008007250                printf
 .text.putchar  0x0000000008007280       0x2c c:/st/stm32cubeide_1.6.1/stm32cubeide/plugins/com.st.stm32cube.ide.mcu.externaltools.gnu-tools-for-stm32.9-2020-q2-update.win32_1.5.0.202011040924/tools/bin/../lib/gcc/arm-none-eabi/9.3.1/../../../../arm-none-eabi/lib/thumb/v7e-m+fp/hard\libc_nano.a(lib_a-putchar.o)
                0x0000000008007280                putchar
 .text._puts_r  0x00000000080072ac       0xdc c:/st/stm32cubeide_1.6.1/stm32cubeide/plugins/com.st.stm32cube.ide.mcu.externaltools.gnu-tools-for-stm32.9-2020-q2-update.win32_1.5.0.202011040924/tools/bin/../lib/gcc/arm-none-eabi/9.3.1/../../../../arm-none-eabi/lib/thumb/v7e-m+fp/hard\libc_nano.a(lib_a-puts.o)
                0x00000000080072ac                _puts_r
 .text.puts     0x0000000008007388       0x10 c:/st/stm32cubeide_1.6.1/stm32cubeide/plugins/com.st.stm32cube.ide.mcu.externaltools.gnu-tools-for-stm32.9-2020-q2-update.win32_1.5.0.202011040924/tools/bin/../lib/gcc/arm-none-eabi/9.3.1/../../../../arm-none-eabi/lib/thumb/v7e-m+fp/hard\libc_nano.a(lib_a-puts.o)
                0x0000000008007388                puts
 .text.sprintf  0x0000000008007398       0x40 c:/st/stm32cubeide_1.6.1/stm32cubeide/plugins/com.st.stm32cube.ide.mcu.externaltools.gnu-tools-for-stm32.9-2020-q2-update.win32_1.5.0.202011040924/tools/bin/../lib/gcc/arm-none-eabi/9.3.1/../../../../arm-none-eabi/lib/thumb/v7e-m+fp/hard\libc_nano.a(lib_a-sprintf.o)
                0x0000000008007398                siprintf
                0x0000000008007398                sprintf
 .text.strstr   0x00000000080073d8       0x2e c:/st/stm32cubeide_1.6.1/stm32cubeide/plugins/com.st.stm32cube.ide.mcu.externaltools.gnu-tools-for-stm32.9-2020-q2-update.win32_1.5.0.202011040924/tools/bin/../lib/gcc/arm-none-eabi/9.3.1/../../../../arm-none-eabi/lib/thumb/v7e-m+fp/hard\libc_nano.a(lib_a-strstr.o)
                0x00000000080073d8                strstr
 *fill*         0x0000000008007406        0x2 
 .text.__swbuf_r
                0x0000000008007408       0xa4 c:/st/stm32cubeide_1.6.1/stm32cubeide/plugins/com.st.stm32cube.ide.mcu.externaltools.gnu-tools-for-stm32.9-2020-q2-update.win32_1.5.0.202011040924/tools/bin/../lib/gcc/arm-none-eabi/9.3.1/../../../../arm-none-eabi/lib/thumb/v7e-m+fp/hard\libc_nano.a(lib_a-wbuf.o)
                0x0000000008007408                __swbuf_r
 .text.__swsetup_r
                0x00000000080074ac       0xdc c:/st/stm32cubeide_1.6.1/stm32cubeide/plugins/com.st.stm32cube.ide.mcu.externaltools.gnu-tools-for-stm32.9-2020-q2-update.win32_1.5.0.202011040924/tools/bin/../lib/gcc/arm-none-eabi/9.3.1/../../../../arm-none-eabi/lib/thumb/v7e-m+fp/hard\libc_nano.a(lib_a-wsetup.o)
                0x00000000080074ac                __swsetup_r
 .text.__sflush_r
                0x0000000008007588      0x10c c:/st/stm32cubeide_1.6.1/stm32cubeide/plugins/com.st.stm32cube.ide.mcu.externaltools.gnu-tools-for-stm32.9-2020-q2-update.win32_1.5.0.202011040924/tools/bin/../lib/gcc/arm-none-eabi/9.3.1/../../../../arm-none-eabi/lib/thumb/v7e-m+fp/hard\libc_nano.a(lib_a-fflush.o)
                0x0000000008007588                __sflush_r
 .text._fflush_r
                0x0000000008007694       0x78 c:/st/stm32cubeide_1.6.1/stm32cubeide/plugins/com.st.stm32cube.ide.mcu.externaltools.gnu-tools-for-stm32.9-2020-q2-update.win32_1.5.0.202011040924/tools/bin/../lib/gcc/arm-none-eabi/9.3.1/../../../../arm-none-eabi/lib/thumb/v7e-m+fp/hard\libc_nano.a(lib_a-fflush.o)
                0x0000000008007694                _fflush_r
 .text.std      0x000000000800770c       0x48 c:/st/stm32cubeide_1.6.1/stm32cubeide/plugins/com.st.stm32cube.ide.mcu.externaltools.gnu-tools-for-stm32.9-2020-q2-update.win32_1.5.0.202011040924/tools/bin/../lib/gcc/arm-none-eabi/9.3.1/../../../../arm-none-eabi/lib/thumb/v7e-m+fp/hard\libc_nano.a(lib_a-findfp.o)
 .text._cleanup_r
                0x0000000008007754        0xc c:/st/stm32cubeide_1.6.1/stm32cubeide/plugins/com.st.stm32cube.ide.mcu.externaltools.gnu-tools-for-stm32.9-2020-q2-update.win32_1.5.0.202011040924/tools/bin/../lib/gcc/arm-none-eabi/9.3.1/../../../../arm-none-eabi/lib/thumb/v7e-m+fp/hard\libc_nano.a(lib_a-findfp.o)
                0x0000000008007754                _cleanup_r
 .text.__sfmoreglue
                0x0000000008007760       0x2c c:/st/stm32cubeide_1.6.1/stm32cubeide/plugins/com.st.stm32cube.ide.mcu.externaltools.gnu-tools-for-stm32.9-2020-q2-update.win32_1.5.0.202011040924/tools/bin/../lib/gcc/arm-none-eabi/9.3.1/../../../../arm-none-eabi/lib/thumb/v7e-m+fp/hard\libc_nano.a(lib_a-findfp.o)
                0x0000000008007760                __sfmoreglue
 .text.__sfp_lock_acquire
                0x000000000800778c        0xc c:/st/stm32cubeide_1.6.1/stm32cubeide/plugins/com.st.stm32cube.ide.mcu.externaltools.gnu-tools-for-stm32.9-2020-q2-update.win32_1.5.0.202011040924/tools/bin/../lib/gcc/arm-none-eabi/9.3.1/../../../../arm-none-eabi/lib/thumb/v7e-m+fp/hard\libc_nano.a(lib_a-findfp.o)
                0x000000000800778c                __sfp_lock_acquire
 .text.__sfp_lock_release
                0x0000000008007798        0xc c:/st/stm32cubeide_1.6.1/stm32cubeide/plugins/com.st.stm32cube.ide.mcu.externaltools.gnu-tools-for-stm32.9-2020-q2-update.win32_1.5.0.202011040924/tools/bin/../lib/gcc/arm-none-eabi/9.3.1/../../../../arm-none-eabi/lib/thumb/v7e-m+fp/hard\libc_nano.a(lib_a-findfp.o)
                0x0000000008007798                __sfp_lock_release
 .text.__sinit_lock_acquire
                0x00000000080077a4        0xc c:/st/stm32cubeide_1.6.1/stm32cubeide/plugins/com.st.stm32cube.ide.mcu.externaltools.gnu-tools-for-stm32.9-2020-q2-update.win32_1.5.0.202011040924/tools/bin/../lib/gcc/arm-none-eabi/9.3.1/../../../../arm-none-eabi/lib/thumb/v7e-m+fp/hard\libc_nano.a(lib_a-findfp.o)
                0x00000000080077a4                __sinit_lock_acquire
 .text.__sinit_lock_release
                0x00000000080077b0        0xc c:/st/stm32cubeide_1.6.1/stm32cubeide/plugins/com.st.stm32cube.ide.mcu.externaltools.gnu-tools-for-stm32.9-2020-q2-update.win32_1.5.0.202011040924/tools/bin/../lib/gcc/arm-none-eabi/9.3.1/../../../../arm-none-eabi/lib/thumb/v7e-m+fp/hard\libc_nano.a(lib_a-findfp.o)
                0x00000000080077b0                __sinit_lock_release
 .text.__sinit  0x00000000080077bc       0x70 c:/st/stm32cubeide_1.6.1/stm32cubeide/plugins/com.st.stm32cube.ide.mcu.externaltools.gnu-tools-for-stm32.9-2020-q2-update.win32_1.5.0.202011040924/tools/bin/../lib/gcc/arm-none-eabi/9.3.1/../../../../arm-none-eabi/lib/thumb/v7e-m+fp/hard\libc_nano.a(lib_a-findfp.o)
                0x00000000080077bc                __sinit
 .text.__sfp    0x000000000800782c       0x8c c:/st/stm32cubeide_1.6.1/stm32cubeide/plugins/com.st.stm32cube.ide.mcu.externaltools.gnu-tools-for-stm32.9-2020-q2-update.win32_1.5.0.202011040924/tools/bin/../lib/gcc/arm-none-eabi/9.3.1/../../../../arm-none-eabi/lib/thumb/v7e-m+fp/hard\libc_nano.a(lib_a-findfp.o)
                0x000000000800782c                __sfp
 .text._fwalk_reent
                0x00000000080078b8       0x3e c:/st/stm32cubeide_1.6.1/stm32cubeide/plugins/com.st.stm32cube.ide.mcu.externaltools.gnu-tools-for-stm32.9-2020-q2-update.win32_1.5.0.202011040924/tools/bin/../lib/gcc/arm-none-eabi/9.3.1/../../../../arm-none-eabi/lib/thumb/v7e-m+fp/hard\libc_nano.a(lib_a-fwalk.o)
                0x00000000080078b8                _fwalk_reent
 .text.__retarget_lock_init_recursive
                0x00000000080078f6        0x2 c:/st/stm32cubeide_1.6.1/stm32cubeide/plugins/com.st.stm32cube.ide.mcu.externaltools.gnu-tools-for-stm32.9-2020-q2-update.win32_1.5.0.202011040924/tools/bin/../lib/gcc/arm-none-eabi/9.3.1/../../../../arm-none-eabi/lib/thumb/v7e-m+fp/hard\libc_nano.a(lib_a-lock.o)
                0x00000000080078f6                __retarget_lock_init_recursive
 .text.__retarget_lock_acquire_recursive
                0x00000000080078f8        0x2 c:/st/stm32cubeide_1.6.1/stm32cubeide/plugins/com.st.stm32cube.ide.mcu.externaltools.gnu-tools-for-stm32.9-2020-q2-update.win32_1.5.0.202011040924/tools/bin/../lib/gcc/arm-none-eabi/9.3.1/../../../../arm-none-eabi/lib/thumb/v7e-m+fp/hard\libc_nano.a(lib_a-lock.o)
                0x00000000080078f8                __retarget_lock_acquire_recursive
 .text.__retarget_lock_release_recursive
                0x00000000080078fa        0x2 c:/st/stm32cubeide_1.6.1/stm32cubeide/plugins/com.st.stm32cube.ide.mcu.externaltools.gnu-tools-for-stm32.9-2020-q2-update.win32_1.5.0.202011040924/tools/bin/../lib/gcc/arm-none-eabi/9.3.1/../../../../arm-none-eabi/lib/thumb/v7e-m+fp/hard\libc_nano.a(lib_a-lock.o)
                0x00000000080078fa                __retarget_lock_release_recursive
 .text.__swhatbuf_r
                0x00000000080078fc       0x48 c:/st/stm32cubeide_1.6.1/stm32cubeide/plugins/com.st.stm32cube.ide.mcu.externaltools.gnu-tools-for-stm32.9-2020-q2-update.win32_1.5.0.202011040924/tools/bin/../lib/gcc/arm-none-eabi/9.3.1/../../../../arm-none-eabi/lib/thumb/v7e-m+fp/hard\libc_nano.a(lib_a-makebuf.o)
                0x00000000080078fc                __swhatbuf_r
 .text.__smakebuf_r
                0x0000000008007944       0x80 c:/st/stm32cubeide_1.6.1/stm32cubeide/plugins/com.st.stm32cube.ide.mcu.externaltools.gnu-tools-for-stm32.9-2020-q2-update.win32_1.5.0.202011040924/tools/bin/../lib/gcc/arm-none-eabi/9.3.1/../../../../arm-none-eabi/lib/thumb/v7e-m+fp/hard\libc_nano.a(lib_a-makebuf.o)
                0x0000000008007944                __smakebuf_r
 .text._free_r  0x00000000080079c4       0xa0 c:/st/stm32cubeide_1.6.1/stm32cubeide/plugins/com.st.stm32cube.ide.mcu.externaltools.gnu-tools-for-stm32.9-2020-q2-update.win32_1.5.0.202011040924/tools/bin/../lib/gcc/arm-none-eabi/9.3.1/../../../../arm-none-eabi/lib/thumb/v7e-m+fp/hard\libc_nano.a(lib_a-nano-freer.o)
                0x00000000080079c4                _free_r
 .text._malloc_r
                0x0000000008007a64       0xb4 c:/st/stm32cubeide_1.6.1/stm32cubeide/plugins/com.st.stm32cube.ide.mcu.externaltools.gnu-tools-for-stm32.9-2020-q2-update.win32_1.5.0.202011040924/tools/bin/../lib/gcc/arm-none-eabi/9.3.1/../../../../arm-none-eabi/lib/thumb/v7e-m+fp/hard\libc_nano.a(lib_a-nano-mallocr.o)
                0x0000000008007a64                _malloc_r
 .text.__ssputs_r
                0x0000000008007b18       0xb6 c:/st/stm32cubeide_1.6.1/stm32cubeide/plugins/com.st.stm32cube.ide.mcu.externaltools.gnu-tools-for-stm32.9-2020-q2-update.win32_1.5.0.202011040924/tools/bin/../lib/gcc/arm-none-eabi/9.3.1/../../../../arm-none-eabi/lib/thumb/v7e-m+fp/hard\libc_nano.a(lib_a-nano-svfprintf.o)
                0x0000000008007b18                __ssputs_r
 *fill*         0x0000000008007bce        0x2 
 .text._svfprintf_r
                0x0000000008007bd0      0x200 c:/st/stm32cubeide_1.6.1/stm32cubeide/plugins/com.st.stm32cube.ide.mcu.externaltools.gnu-tools-for-stm32.9-2020-q2-update.win32_1.5.0.202011040924/tools/bin/../lib/gcc/arm-none-eabi/9.3.1/../../../../arm-none-eabi/lib/thumb/v7e-m+fp/hard\libc_nano.a(lib_a-nano-svfprintf.o)
                0x0000000008007bd0                _svfiprintf_r
                0x0000000008007bd0                _svfprintf_r
 .text.__sfputc_r
                0x0000000008007dd0       0x2e c:/st/stm32cubeide_1.6.1/stm32cubeide/plugins/com.st.stm32cube.ide.mcu.externaltools.gnu-tools-for-stm32.9-2020-q2-update.win32_1.5.0.202011040924/tools/bin/../lib/gcc/arm-none-eabi/9.3.1/../../../../arm-none-eabi/lib/thumb/v7e-m+fp/hard\libc_nano.a(lib_a-nano-vfprintf.o)
 .text.__sfputs_r
                0x0000000008007dfe       0x24 c:/st/stm32cubeide_1.6.1/stm32cubeide/plugins/com.st.stm32cube.ide.mcu.externaltools.gnu-tools-for-stm32.9-2020-q2-update.win32_1.5.0.202011040924/tools/bin/../lib/gcc/arm-none-eabi/9.3.1/../../../../arm-none-eabi/lib/thumb/v7e-m+fp/hard\libc_nano.a(lib_a-nano-vfprintf.o)
                0x0000000008007dfe                __sfputs_r
 *fill*         0x0000000008007e22        0x2 
 .text._vfprintf_r
                0x0000000008007e24      0x260 c:/st/stm32cubeide_1.6.1/stm32cubeide/plugins/com.st.stm32cube.ide.mcu.externaltools.gnu-tools-for-stm32.9-2020-q2-update.win32_1.5.0.202011040924/tools/bin/../lib/gcc/arm-none-eabi/9.3.1/../../../../arm-none-eabi/lib/thumb/v7e-m+fp/hard\libc_nano.a(lib_a-nano-vfprintf.o)
                0x0000000008007e24                _vfprintf_r
                0x0000000008007e24                _vfiprintf_r
 .text._printf_common
                0x0000000008008084       0xda c:/st/stm32cubeide_1.6.1/stm32cubeide/plugins/com.st.stm32cube.ide.mcu.externaltools.gnu-tools-for-stm32.9-2020-q2-update.win32_1.5.0.202011040924/tools/bin/../lib/gcc/arm-none-eabi/9.3.1/../../../../arm-none-eabi/lib/thumb/v7e-m+fp/hard\libc_nano.a(lib_a-nano-vfprintf_i.o)
                0x0000000008008084                _printf_common
 *fill*         0x000000000800815e        0x2 
 .text._printf_i
                0x0000000008008160      0x24c c:/st/stm32cubeide_1.6.1/stm32cubeide/plugins/com.st.stm32cube.ide.mcu.externaltools.gnu-tools-for-stm32.9-2020-q2-update.win32_1.5.0.202011040924/tools/bin/../lib/gcc/arm-none-eabi/9.3.1/../../../../arm-none-eabi/lib/thumb/v7e-m+fp/hard\libc_nano.a(lib_a-nano-vfprintf_i.o)
                0x0000000008008160                _printf_i
 .text._putc_r  0x00000000080083ac       0x90 c:/st/stm32cubeide_1.6.1/stm32cubeide/plugins/com.st.stm32cube.ide.mcu.externaltools.gnu-tools-for-stm32.9-2020-q2-update.win32_1.5.0.202011040924/tools/bin/../lib/gcc/arm-none-eabi/9.3.1/../../../../arm-none-eabi/lib/thumb/v7e-m+fp/hard\libc_nano.a(lib_a-putc.o)
                0x00000000080083ac                _putc_r
 .text._sbrk_r  0x000000000800843c       0x20 c:/st/stm32cubeide_1.6.1/stm32cubeide/plugins/com.st.stm32cube.ide.mcu.externaltools.gnu-tools-for-stm32.9-2020-q2-update.win32_1.5.0.202011040924/tools/bin/../lib/gcc/arm-none-eabi/9.3.1/../../../../arm-none-eabi/lib/thumb/v7e-m+fp/hard\libc_nano.a(lib_a-sbrkr.o)
                0x000000000800843c                _sbrk_r
 .text.__sread  0x000000000800845c       0x22 c:/st/stm32cubeide_1.6.1/stm32cubeide/plugins/com.st.stm32cube.ide.mcu.externaltools.gnu-tools-for-stm32.9-2020-q2-update.win32_1.5.0.202011040924/tools/bin/../lib/gcc/arm-none-eabi/9.3.1/../../../../arm-none-eabi/lib/thumb/v7e-m+fp/hard\libc_nano.a(lib_a-stdio.o)
                0x000000000800845c                __sread
 .text.__swrite
                0x000000000800847e       0x38 c:/st/stm32cubeide_1.6.1/stm32cubeide/plugins/com.st.stm32cube.ide.mcu.externaltools.gnu-tools-for-stm32.9-2020-q2-update.win32_1.5.0.202011040924/tools/bin/../lib/gcc/arm-none-eabi/9.3.1/../../../../arm-none-eabi/lib/thumb/v7e-m+fp/hard\libc_nano.a(lib_a-stdio.o)
                0x000000000800847e                __swrite
 .text.__sseek  0x00000000080084b6       0x24 c:/st/stm32cubeide_1.6.1/stm32cubeide/plugins/com.st.stm32cube.ide.mcu.externaltools.gnu-tools-for-stm32.9-2020-q2-update.win32_1.5.0.202011040924/tools/bin/../lib/gcc/arm-none-eabi/9.3.1/../../../../arm-none-eabi/lib/thumb/v7e-m+fp/hard\libc_nano.a(lib_a-stdio.o)
                0x00000000080084b6                __sseek
 .text.__sclose
                0x00000000080084da        0x8 c:/st/stm32cubeide_1.6.1/stm32cubeide/plugins/com.st.stm32cube.ide.mcu.externaltools.gnu-tools-for-stm32.9-2020-q2-update.win32_1.5.0.202011040924/tools/bin/../lib/gcc/arm-none-eabi/9.3.1/../../../../arm-none-eabi/lib/thumb/v7e-m+fp/hard\libc_nano.a(lib_a-stdio.o)
                0x00000000080084da                __sclose
 *fill*         0x00000000080084e2        0x2 
 .text._write_r
                0x00000000080084e4       0x24 c:/st/stm32cubeide_1.6.1/stm32cubeide/plugins/com.st.stm32cube.ide.mcu.externaltools.gnu-tools-for-stm32.9-2020-q2-update.win32_1.5.0.202011040924/tools/bin/../lib/gcc/arm-none-eabi/9.3.1/../../../../arm-none-eabi/lib/thumb/v7e-m+fp/hard\libc_nano.a(lib_a-writer.o)
                0x00000000080084e4                _write_r
 .text._close_r
                0x0000000008008508       0x20 c:/st/stm32cubeide_1.6.1/stm32cubeide/plugins/com.st.stm32cube.ide.mcu.externaltools.gnu-tools-for-stm32.9-2020-q2-update.win32_1.5.0.202011040924/tools/bin/../lib/gcc/arm-none-eabi/9.3.1/../../../../arm-none-eabi/lib/thumb/v7e-m+fp/hard\libc_nano.a(lib_a-closer.o)
                0x0000000008008508                _close_r
 .text._fstat_r
                0x0000000008008528       0x24 c:/st/stm32cubeide_1.6.1/stm32cubeide/plugins/com.st.stm32cube.ide.mcu.externaltools.gnu-tools-for-stm32.9-2020-q2-update.win32_1.5.0.202011040924/tools/bin/../lib/gcc/arm-none-eabi/9.3.1/../../../../arm-none-eabi/lib/thumb/v7e-m+fp/hard\libc_nano.a(lib_a-fstatr.o)
                0x0000000008008528                _fstat_r
 .text._isatty_r
                0x000000000800854c       0x20 c:/st/stm32cubeide_1.6.1/stm32cubeide/plugins/com.st.stm32cube.ide.mcu.externaltools.gnu-tools-for-stm32.9-2020-q2-update.win32_1.5.0.202011040924/tools/bin/../lib/gcc/arm-none-eabi/9.3.1/../../../../arm-none-eabi/lib/thumb/v7e-m+fp/hard\libc_nano.a(lib_a-isattyr.o)
                0x000000000800854c                _isatty_r
 .text._lseek_r
                0x000000000800856c       0x24 c:/st/stm32cubeide_1.6.1/stm32cubeide/plugins/com.st.stm32cube.ide.mcu.externaltools.gnu-tools-for-stm32.9-2020-q2-update.win32_1.5.0.202011040924/tools/bin/../lib/gcc/arm-none-eabi/9.3.1/../../../../arm-none-eabi/lib/thumb/v7e-m+fp/hard\libc_nano.a(lib_a-lseekr.o)
                0x000000000800856c                _lseek_r
 .text.memmove  0x0000000008008590       0x34 c:/st/stm32cubeide_1.6.1/stm32cubeide/plugins/com.st.stm32cube.ide.mcu.externaltools.gnu-tools-for-stm32.9-2020-q2-update.win32_1.5.0.202011040924/tools/bin/../lib/gcc/arm-none-eabi/9.3.1/../../../../arm-none-eabi/lib/thumb/v7e-m+fp/hard\libc_nano.a(lib_a-memmove.o)
                0x0000000008008590                memmove
 .text.__malloc_lock
                0x00000000080085c4        0xc c:/st/stm32cubeide_1.6.1/stm32cubeide/plugins/com.st.stm32cube.ide.mcu.externaltools.gnu-tools-for-stm32.9-2020-q2-update.win32_1.5.0.202011040924/tools/bin/../lib/gcc/arm-none-eabi/9.3.1/../../../../arm-none-eabi/lib/thumb/v7e-m+fp/hard\libc_nano.a(lib_a-mlock.o)
                0x00000000080085c4                __malloc_lock
 .text.__malloc_unlock
                0x00000000080085d0        0xc c:/st/stm32cubeide_1.6.1/stm32cubeide/plugins/com.st.stm32cube.ide.mcu.externaltools.gnu-tools-for-stm32.9-2020-q2-update.win32_1.5.0.202011040924/tools/bin/../lib/gcc/arm-none-eabi/9.3.1/../../../../arm-none-eabi/lib/thumb/v7e-m+fp/hard\libc_nano.a(lib_a-mlock.o)
                0x00000000080085d0                __malloc_unlock
 .text._realloc_r
                0x00000000080085dc       0x4c c:/st/stm32cubeide_1.6.1/stm32cubeide/plugins/com.st.stm32cube.ide.mcu.externaltools.gnu-tools-for-stm32.9-2020-q2-update.win32_1.5.0.202011040924/tools/bin/../lib/gcc/arm-none-eabi/9.3.1/../../../../arm-none-eabi/lib/thumb/v7e-m+fp/hard\libc_nano.a(lib_a-nano-reallocr.o)
                0x00000000080085dc                _realloc_r
 .text._read_r  0x0000000008008628       0x24 c:/st/stm32cubeide_1.6.1/stm32cubeide/plugins/com.st.stm32cube.ide.mcu.externaltools.gnu-tools-for-stm32.9-2020-q2-update.win32_1.5.0.202011040924/tools/bin/../lib/gcc/arm-none-eabi/9.3.1/../../../../arm-none-eabi/lib/thumb/v7e-m+fp/hard\libc_nano.a(lib_a-readr.o)
                0x0000000008008628                _read_r
 .text._malloc_usable_size_r
                0x000000000800864c       0x10 c:/st/stm32cubeide_1.6.1/stm32cubeide/plugins/com.st.stm32cube.ide.mcu.externaltools.gnu-tools-for-stm32.9-2020-q2-update.win32_1.5.0.202011040924/tools/bin/../lib/gcc/arm-none-eabi/9.3.1/../../../../arm-none-eabi/lib/thumb/v7e-m+fp/hard\libc_nano.a(lib_a-nano-msizer.o)
                0x000000000800864c                _malloc_usable_size_r
 *(.glue_7)
 .glue_7        0x000000000800865c        0x0 linker stubs
 *(.glue_7t)
 .glue_7t       0x000000000800865c        0x0 linker stubs
 *(.eh_frame)
 .eh_frame      0x000000000800865c        0x0 c:/st/stm32cubeide_1.6.1/stm32cubeide/plugins/com.st.stm32cube.ide.mcu.externaltools.gnu-tools-for-stm32.9-2020-q2-update.win32_1.5.0.202011040924/tools/bin/../lib/gcc/arm-none-eabi/9.3.1/thumb/v7e-m+fp/hard/crtbegin.o
 *(.init)
 .init          0x000000000800865c        0x4 c:/st/stm32cubeide_1.6.1/stm32cubeide/plugins/com.st.stm32cube.ide.mcu.externaltools.gnu-tools-for-stm32.9-2020-q2-update.win32_1.5.0.202011040924/tools/bin/../lib/gcc/arm-none-eabi/9.3.1/thumb/v7e-m+fp/hard/crti.o
                0x000000000800865c                _init
 .init          0x0000000008008660        0x8 c:/st/stm32cubeide_1.6.1/stm32cubeide/plugins/com.st.stm32cube.ide.mcu.externaltools.gnu-tools-for-stm32.9-2020-q2-update.win32_1.5.0.202011040924/tools/bin/../lib/gcc/arm-none-eabi/9.3.1/thumb/v7e-m+fp/hard/crtn.o
 *(.fini)
 .fini          0x0000000008008668        0x4 c:/st/stm32cubeide_1.6.1/stm32cubeide/plugins/com.st.stm32cube.ide.mcu.externaltools.gnu-tools-for-stm32.9-2020-q2-update.win32_1.5.0.202011040924/tools/bin/../lib/gcc/arm-none-eabi/9.3.1/thumb/v7e-m+fp/hard/crti.o
                0x0000000008008668                _fini
 .fini          0x000000000800866c        0x8 c:/st/stm32cubeide_1.6.1/stm32cubeide/plugins/com.st.stm32cube.ide.mcu.externaltools.gnu-tools-for-stm32.9-2020-q2-update.win32_1.5.0.202011040924/tools/bin/../lib/gcc/arm-none-eabi/9.3.1/thumb/v7e-m+fp/hard/crtn.o
                0x0000000008008674                . = ALIGN (0x4)
                0x0000000008008674                _etext = .

.vfp11_veneer   0x0000000008008674        0x0
 .vfp11_veneer  0x0000000008008674        0x0 linker stubs

.v4_bx          0x0000000008008674        0x0
 .v4_bx         0x0000000008008674        0x0 linker stubs

.iplt           0x0000000008008674        0x0
 .iplt          0x0000000008008674        0x0 c:/st/stm32cubeide_1.6.1/stm32cubeide/plugins/com.st.stm32cube.ide.mcu.externaltools.gnu-tools-for-stm32.9-2020-q2-update.win32_1.5.0.202011040924/tools/bin/../lib/gcc/arm-none-eabi/9.3.1/thumb/v7e-m+fp/hard/crtbegin.o

.rodata         0x0000000008008674      0x374
                0x0000000008008674                . = ALIGN (0x4)
 *(.rodata)
 .rodata        0x0000000008008674       0xb8 Core/Src/main.o
 .rodata        0x000000000800872c        0x5 Middlewares/Third_Party/FreeRTOS/Source/tasks.o
 *fill*         0x0000000008008731        0x3 
 .rodata        0x0000000008008734      0x1f3 sim7600_driver/src/sim7600_uart_dma.o
 *(.rodata*)
 *fill*         0x0000000008008927        0x1 
 .rodata.STREAM_OFFSET_TAB
                0x0000000008008928        0x8 Core/Src/main.o
 .rodata.AHBPrescTable
                0x0000000008008930       0x10 Core/Src/system_stm32f4xx.o
                0x0000000008008930                AHBPrescTable
 .rodata.APBPrescTable
                0x0000000008008940        0x8 Core/Src/system_stm32f4xx.o
                0x0000000008008940                APBPrescTable
 .rodata.STREAM_OFFSET_TAB
                0x0000000008008948        0x8 sim7600_driver/src/sim7600_uart_dma.o
 .rodata._global_impure_ptr
                0x0000000008008950        0x4 c:/st/stm32cubeide_1.6.1/stm32cubeide/plugins/com.st.stm32cube.ide.mcu.externaltools.gnu-tools-for-stm32.9-2020-q2-update.win32_1.5.0.202011040924/tools/bin/../lib/gcc/arm-none-eabi/9.3.1/../../../../arm-none-eabi/lib/thumb/v7e-m+fp/hard\libc_nano.a(lib_a-impure.o)
                0x0000000008008950                _global_impure_ptr
 .rodata.__sf_fake_stderr
                0x0000000008008954       0x20 c:/st/stm32cubeide_1.6.1/stm32cubeide/plugins/com.st.stm32cube.ide.mcu.externaltools.gnu-tools-for-stm32.9-2020-q2-update.win32_1.5.0.202011040924/tools/bin/../lib/gcc/arm-none-eabi/9.3.1/../../../../arm-none-eabi/lib/thumb/v7e-m+fp/hard\libc_nano.a(lib_a-findfp.o)
                0x0000000008008954                __sf_fake_stderr
 .rodata.__sf_fake_stdin
                0x0000000008008974       0x20 c:/st/stm32cubeide_1.6.1/stm32cubeide/plugins/com.st.stm32cube.ide.mcu.externaltools.gnu-tools-for-stm32.9-2020-q2-update.win32_1.5.0.202011040924/tools/bin/../lib/gcc/arm-none-eabi/9.3.1/../../../../arm-none-eabi/lib/thumb/v7e-m+fp/hard\libc_nano.a(lib_a-findfp.o)
                0x0000000008008974                __sf_fake_stdin
 .rodata.__sf_fake_stdout
                0x0000000008008994       0x20 c:/st/stm32cubeide_1.6.1/stm32cubeide/plugins/com.st.stm32cube.ide.mcu.externaltools.gnu-tools-for-stm32.9-2020-q2-update.win32_1.5.0.202011040924/tools/bin/../lib/gcc/arm-none-eabi/9.3.1/../../../../arm-none-eabi/lib/thumb/v7e-m+fp/hard\libc_nano.a(lib_a-findfp.o)
                0x0000000008008994                __sf_fake_stdout
 .rodata._svfprintf_r.str1.1
                0x00000000080089b4       0x11 c:/st/stm32cubeide_1.6.1/stm32cubeide/plugins/com.st.stm32cube.ide.mcu.externaltools.gnu-tools-for-stm32.9-2020-q2-update.win32_1.5.0.202011040924/tools/bin/../lib/gcc/arm-none-eabi/9.3.1/../../../../arm-none-eabi/lib/thumb/v7e-m+fp/hard\libc_nano.a(lib_a-nano-svfprintf.o)
 .rodata._vfprintf_r.str1.1
                0x00000000080089c5       0x11 c:/st/stm32cubeide_1.6.1/stm32cubeide/plugins/com.st.stm32cube.ide.mcu.externaltools.gnu-tools-for-stm32.9-2020-q2-update.win32_1.5.0.202011040924/tools/bin/../lib/gcc/arm-none-eabi/9.3.1/../../../../arm-none-eabi/lib/thumb/v7e-m+fp/hard\libc_nano.a(lib_a-nano-vfprintf.o)
 .rodata._printf_i.str1.1
                0x00000000080089c5       0x22 c:/st/stm32cubeide_1.6.1/stm32cubeide/plugins/com.st.stm32cube.ide.mcu.externaltools.gnu-tools-for-stm32.9-2020-q2-update.win32_1.5.0.202011040924/tools/bin/../lib/gcc/arm-none-eabi/9.3.1/../../../../arm-none-eabi/lib/thumb/v7e-m+fp/hard\libc_nano.a(lib_a-nano-vfprintf_i.o)
                0x00000000080089e8                . = ALIGN (0x4)
 *fill*         0x00000000080089e7        0x1 

.ARM.extab      0x00000000080089e8        0x0
                0x00000000080089e8                . = ALIGN (0x4)
 *(.ARM.extab* .gnu.linkonce.armextab.*)
                0x00000000080089e8                . = ALIGN (0x4)

.ARM            0x00000000080089e8        0x8
                0x00000000080089e8                . = ALIGN (0x4)
                0x00000000080089e8                __exidx_start = .
 *(.ARM.exidx*)
 .ARM.exidx     0x00000000080089e8        0x8 c:/st/stm32cubeide_1.6.1/stm32cubeide/plugins/com.st.stm32cube.ide.mcu.externaltools.gnu-tools-for-stm32.9-2020-q2-update.win32_1.5.0.202011040924/tools/bin/../lib/gcc/arm-none-eabi/9.3.1/thumb/v7e-m+fp/hard\libgcc.a(_udivmoddi4.o)
                0x00000000080089f0                __exidx_end = .
                0x00000000080089f0                . = ALIGN (0x4)

.rel.dyn        0x00000000080089f0        0x0
 .rel.iplt      0x00000000080089f0        0x0 c:/st/stm32cubeide_1.6.1/stm32cubeide/plugins/com.st.stm32cube.ide.mcu.externaltools.gnu-tools-for-stm32.9-2020-q2-update.win32_1.5.0.202011040924/tools/bin/../lib/gcc/arm-none-eabi/9.3.1/thumb/v7e-m+fp/hard/crtbegin.o

.preinit_array  0x00000000080089f0        0x0
                0x00000000080089f0                . = ALIGN (0x4)
                0x00000000080089f0                PROVIDE (__preinit_array_start = .)
 *(.preinit_array*)
                0x00000000080089f0                PROVIDE (__preinit_array_end = .)
                0x00000000080089f0                . = ALIGN (0x4)

.init_array     0x00000000080089f0        0x4
                0x00000000080089f0                . = ALIGN (0x4)
                0x00000000080089f0                PROVIDE (__init_array_start = .)
 *(SORT_BY_NAME(.init_array.*))
 *(.init_array*)
 .init_array    0x00000000080089f0        0x4 c:/st/stm32cubeide_1.6.1/stm32cubeide/plugins/com.st.stm32cube.ide.mcu.externaltools.gnu-tools-for-stm32.9-2020-q2-update.win32_1.5.0.202011040924/tools/bin/../lib/gcc/arm-none-eabi/9.3.1/thumb/v7e-m+fp/hard/crtbegin.o
                0x00000000080089f4                PROVIDE (__init_array_end = .)
                0x00000000080089f4                . = ALIGN (0x4)

.fini_array     0x00000000080089f4        0x4
                0x00000000080089f4                . = ALIGN (0x4)
                [!provide]                        PROVIDE (__fini_array_start = .)
 *(SORT_BY_NAME(.fini_array.*))
 *(.fini_array*)
 .fini_array    0x00000000080089f4        0x4 c:/st/stm32cubeide_1.6.1/stm32cubeide/plugins/com.st.stm32cube.ide.mcu.externaltools.gnu-tools-for-stm32.9-2020-q2-update.win32_1.5.0.202011040924/tools/bin/../lib/gcc/arm-none-eabi/9.3.1/thumb/v7e-m+fp/hard/crtbegin.o
                [!provide]                        PROVIDE (__fini_array_end = .)
                0x00000000080089f8                . = ALIGN (0x4)
                0x00000000080089f8                _sidata = LOADADDR (.data)

.data           0x0000000020000000       0xdc load address 0x00000000080089f8
                0x0000000020000000                . = ALIGN (0x4)
                0x0000000020000000                _sdata = .
 *(.data)
 *(.data*)
 .data.SystemCoreClock
                0x0000000020000000        0x4 Core/Src/system_stm32f4xx.o
                0x0000000020000000                SystemCoreClock
 .data.uwTickFreq
                0x0000000020000004        0x1 Drivers/STM32F4xx_HAL_Driver/Src/stm32f4xx_hal.o
                0x0000000020000004                uwTickFreq
 *fill*         0x0000000020000005        0x3 
 .data.uxCriticalNesting
                0x0000000020000008        0x4 Middlewares/Third_Party/FreeRTOS/Source/portable/GCC/ARM_CM4F/port.o
 .data.usartSim7600
                0x000000002000000c        0x4 sim7600_driver/src/sim7600_uart_dma.o
                0x000000002000000c                usartSim7600
 .data.serverDomain
                0x0000000020000010       0x64 sim7600_driver/src/sim7600_uart_dma.o
                0x0000000020000010                serverDomain
 .data.serverPort
                0x0000000020000074        0x4 sim7600_driver/src/sim7600_uart_dma.o
                0x0000000020000074                serverPort
 .data._impure_ptr
                0x0000000020000078        0x4 c:/st/stm32cubeide_1.6.1/stm32cubeide/plugins/com.st.stm32cube.ide.mcu.externaltools.gnu-tools-for-stm32.9-2020-q2-update.win32_1.5.0.202011040924/tools/bin/../lib/gcc/arm-none-eabi/9.3.1/../../../../arm-none-eabi/lib/thumb/v7e-m+fp/hard\libc_nano.a(lib_a-impure.o)
                0x0000000020000078                _impure_ptr
 .data.impure_data
                0x000000002000007c       0x60 c:/st/stm32cubeide_1.6.1/stm32cubeide/plugins/com.st.stm32cube.ide.mcu.externaltools.gnu-tools-for-stm32.9-2020-q2-update.win32_1.5.0.202011040924/tools/bin/../lib/gcc/arm-none-eabi/9.3.1/../../../../arm-none-eabi/lib/thumb/v7e-m+fp/hard\libc_nano.a(lib_a-impure.o)
 *(.RamFunc)
 *(.RamFunc*)
                0x00000000200000dc                . = ALIGN (0x4)
                0x00000000200000dc                _edata = .

.igot.plt       0x00000000200000dc        0x0 load address 0x0000000008008ad4
 .igot.plt      0x00000000200000dc        0x0 c:/st/stm32cubeide_1.6.1/stm32cubeide/plugins/com.st.stm32cube.ide.mcu.externaltools.gnu-tools-for-stm32.9-2020-q2-update.win32_1.5.0.202011040924/tools/bin/../lib/gcc/arm-none-eabi/9.3.1/thumb/v7e-m+fp/hard/crtbegin.o
                0x00000000200000dc                . = ALIGN (0x4)

.bss            0x00000000200000dc     0x68b8 load address 0x0000000008008ad4
                0x00000000200000dc                _sbss = .
                0x00000000200000dc                __bss_start__ = _sbss
 *(.bss)
 .bss           0x00000000200000dc       0x1c c:/st/stm32cubeide_1.6.1/stm32cubeide/plugins/com.st.stm32cube.ide.mcu.externaltools.gnu-tools-for-stm32.9-2020-q2-update.win32_1.5.0.202011040924/tools/bin/../lib/gcc/arm-none-eabi/9.3.1/thumb/v7e-m+fp/hard/crtbegin.o
 *(.bss*)
 .bss.xIdleTaskTCBBuffer
                0x00000000200000f8       0x54 Core/Src/freertos.o
 .bss.xIdleStack
                0x000000002000014c      0x200 Core/Src/freertos.o
 .bss.StartTask02_num.13786
                0x000000002000034c        0x4 Core/Src/main.o
 .bss.__sbrk_heap_end
                0x0000000020000350        0x4 Core/Src/sysmem.o
 .bss.pxCurrentTCB
                0x0000000020000354        0x4 Middlewares/Third_Party/FreeRTOS/Source/tasks.o
                0x0000000020000354                pxCurrentTCB
 .bss.pxReadyTasksLists
                0x0000000020000358       0x8c Middlewares/Third_Party/FreeRTOS/Source/tasks.o
 .bss.xDelayedTaskList1
                0x00000000200003e4       0x14 Middlewares/Third_Party/FreeRTOS/Source/tasks.o
 .bss.xDelayedTaskList2
                0x00000000200003f8       0x14 Middlewares/Third_Party/FreeRTOS/Source/tasks.o
 .bss.pxDelayedTaskList
                0x000000002000040c        0x4 Middlewares/Third_Party/FreeRTOS/Source/tasks.o
 .bss.pxOverflowDelayedTaskList
                0x0000000020000410        0x4 Middlewares/Third_Party/FreeRTOS/Source/tasks.o
 .bss.xPendingReadyList
                0x0000000020000414       0x14 Middlewares/Third_Party/FreeRTOS/Source/tasks.o
 .bss.xTasksWaitingTermination
                0x0000000020000428       0x14 Middlewares/Third_Party/FreeRTOS/Source/tasks.o
 .bss.uxDeletedTasksWaitingCleanUp
                0x000000002000043c        0x4 Middlewares/Third_Party/FreeRTOS/Source/tasks.o
 .bss.xSuspendedTaskList
                0x0000000020000440       0x14 Middlewares/Third_Party/FreeRTOS/Source/tasks.o
 .bss.uxCurrentNumberOfTasks
                0x0000000020000454        0x4 Middlewares/Third_Party/FreeRTOS/Source/tasks.o
 .bss.xTickCount
                0x0000000020000458        0x4 Middlewares/Third_Party/FreeRTOS/Source/tasks.o
 .bss.uxTopReadyPriority
                0x000000002000045c        0x4 Middlewares/Third_Party/FreeRTOS/Source/tasks.o
 .bss.xSchedulerRunning
                0x0000000020000460        0x4 Middlewares/Third_Party/FreeRTOS/Source/tasks.o
 .bss.xPendedTicks
                0x0000000020000464        0x4 Middlewares/Third_Party/FreeRTOS/Source/tasks.o
 .bss.xYieldPending
                0x0000000020000468        0x4 Middlewares/Third_Party/FreeRTOS/Source/tasks.o
 .bss.xNumOfOverflows
                0x000000002000046c        0x4 Middlewares/Third_Party/FreeRTOS/Source/tasks.o
 .bss.uxTaskNumber
                0x0000000020000470        0x4 Middlewares/Third_Party/FreeRTOS/Source/tasks.o
 .bss.xNextTaskUnblockTime
                0x0000000020000474        0x4 Middlewares/Third_Party/FreeRTOS/Source/tasks.o
 .bss.xIdleTaskHandle
                0x0000000020000478        0x4 Middlewares/Third_Party/FreeRTOS/Source/tasks.o
 .bss.uxSchedulerSuspended
                0x000000002000047c        0x4 Middlewares/Third_Party/FreeRTOS/Source/tasks.o
 .bss.ucMaxSysCallPriority
                0x0000000020000480        0x1 Middlewares/Third_Party/FreeRTOS/Source/portable/GCC/ARM_CM4F/port.o
 *fill*         0x0000000020000481        0x3 
 .bss.ulMaxPRIGROUPValue
                0x0000000020000484        0x4 Middlewares/Third_Party/FreeRTOS/Source/portable/GCC/ARM_CM4F/port.o
 .bss.ucHeap    0x0000000020000488     0x3c00 Middlewares/Third_Party/FreeRTOS/Source/portable/MemMang/heap_4.o
 .bss.xStart    0x0000000020004088        0x8 Middlewares/Third_Party/FreeRTOS/Source/portable/MemMang/heap_4.o
 .bss.pxEnd     0x0000000020004090        0x4 Middlewares/Third_Party/FreeRTOS/Source/portable/MemMang/heap_4.o
 .bss.xFreeBytesRemaining
                0x0000000020004094        0x4 Middlewares/Third_Party/FreeRTOS/Source/portable/MemMang/heap_4.o
 .bss.xMinimumEverFreeBytesRemaining
                0x0000000020004098        0x4 Middlewares/Third_Party/FreeRTOS/Source/portable/MemMang/heap_4.o
 .bss.xNumberOfSuccessfulAllocations
                0x000000002000409c        0x4 Middlewares/Third_Party/FreeRTOS/Source/portable/MemMang/heap_4.o
 .bss.xNumberOfSuccessfulFrees
                0x00000000200040a0        0x4 Middlewares/Third_Party/FreeRTOS/Source/portable/MemMang/heap_4.o
 .bss.xBlockAllocatedBit
                0x00000000200040a4        0x4 Middlewares/Third_Party/FreeRTOS/Source/portable/MemMang/heap_4.o
 .bss.restartSimstatus
                0x00000000200040a8        0x4 sim7600_driver/src/sim7600_uart_dma.o
                0x00000000200040a8                restartSimstatus
 .bss.sim7600_error
                0x00000000200040ac        0x1 sim7600_driver/src/sim7600_uart_dma.o
                0x00000000200040ac                sim7600_error
 .bss.sim7600_network_IsOpen
                0x00000000200040ad        0x1 sim7600_driver/src/sim7600_uart_dma.o
                0x00000000200040ad                sim7600_network_IsOpen
 .bss.sim7600_tcp_IsOpen
                0x00000000200040ae        0x1 sim7600_driver/src/sim7600_uart_dma.o
                0x00000000200040ae                sim7600_tcp_IsOpen
 .bss.sim7600_udp_IsOpen
                0x00000000200040af        0x1 sim7600_driver/src/sim7600_uart_dma.o
                0x00000000200040af                sim7600_udp_IsOpen
 .bss.HaveCall  0x00000000200040b0        0x1 sim7600_driver/src/sim7600_uart_dma.o
                0x00000000200040b0                HaveCall
 .bss.Sim7600BasicConfigSuccess
                0x00000000200040b1        0x1 sim7600_driver/src/sim7600_uart_dma.o
                0x00000000200040b1                Sim7600BasicConfigSuccess
 *fill*         0x00000000200040b2        0x2 
 .bss.UDPsendStatus
                0x00000000200040b4        0x4 sim7600_driver/src/sim7600_uart_dma.o
                0x00000000200040b4                UDPsendStatus
 .bss.sim7600_open_netStatus
                0x00000000200040b8        0x4 sim7600_driver/src/sim7600_uart_dma.o
                0x00000000200040b8                sim7600_open_netStatus
 .bss.sim7600_open_udp_connectStatus
                0x00000000200040bc        0x4 sim7600_driver/src/sim7600_uart_dma.o
                0x00000000200040bc                sim7600_open_udp_connectStatus
 .bss.sim7600_send_packetStatus
                0x00000000200040c0        0x4 sim7600_driver/src/sim7600_uart_dma.o
                0x00000000200040c0                sim7600_send_packetStatus
 .bss.sim7600_open_tcp_connectStatus
                0x00000000200040c4        0x4 sim7600_driver/src/sim7600_uart_dma.o
                0x00000000200040c4                sim7600_open_tcp_connectStatus
 .bss.cmdSendStatus