core_cm4.h:1676:26:__NVIC_GetPriorityGrouping	4	static
core_cm4.h:1688:22:__NVIC_EnableIRQ	16	static
core_cm4.h:1816:22:__NVIC_SetPriority	16	static
core_cm4.h:1863:26:NVIC_EncodePriority	40	static
core_cm4.h:2064:26:ITM_SendChar	16	static,ignoring_inline_asm
stm32f4xx_ll_dma.h:515:22:LL_DMA_DisableStream	16	static
stm32f4xx_ll_dma.h:535:26:LL_DMA_IsEnabledStream	16	static
stm32f4xx_ll_dma.h:1672:26:LL_DMA_IsActiveFlag_HT2	16	static
stm32f4xx_ll_dma.h:1760:26:LL_DMA_IsActiveFlag_TC2	16	static
stm32f4xx_ll_dma.h:2112:22:LL_DMA_ClearFlag_HT2	16	static
stm32f4xx_ll_dma.h:2200:22:LL_DMA_ClearFlag_TC2	16	static
stm32f4xx_ll_dma.h:2747:26:LL_DMA_IsEnabledIT_HT	16	static
stm32f4xx_ll_dma.h:2787:26:LL_DMA_IsEnabledIT_TC	16	static
stm32f4xx_ll_rcc.h:2951:22:LL_RCC_HSE_Enable	4	static
stm32f4xx_ll_rcc.h:2971:26:LL_RCC_HSE_IsReady	4	static
stm32f4xx_ll_rcc.h:3190:22:LL_RCC_SetSysClkSource	16	static
stm32f4xx_ll_rcc.h:3206:26:LL_RCC_GetSysClkSource	4	static
stm32f4xx_ll_rcc.h:3226:22:LL_RCC_SetAHBPrescaler	16	static
stm32f4xx_ll_rcc.h:3242:22:LL_RCC_SetAPB1Prescaler	16	static
stm32f4xx_ll_rcc.h:3258:22:LL_RCC_SetAPB2Prescaler	16	static
stm32f4xx_ll_rcc.h:4186:22:LL_RCC_PLL_Enable	4	static
stm32f4xx_ll_rcc.h:4207:26:LL_RCC_PLL_IsReady	4	static
stm32f4xx_ll_rcc.h:4306:22:LL_RCC_PLL_ConfigDomain_SYS	24	static
stm32f4xx_ll_bus.h:411:22:LL_AHB1_GRP1_EnableClock	24	static
stm32f4xx_ll_bus.h:1706:22:LL_APB2_GRP1_EnableClock	24	static
stm32f4xx_ll_system.h:670:22:LL_SYSCFG_SetEXTISource	24	static,ignoring_inline_asm
stm32f4xx_ll_system.h:1542:22:LL_FLASH_SetLatency	16	static
stm32f4xx_ll_system.h:1568:26:LL_FLASH_GetLatency	4	static
stm32f4xx_ll_pwr.h:507:22:LL_PWR_SetRegulVoltageScaling	16	static
stm32f4xx_ll_usart.h:409:22:LL_USART_Enable	16	static
stm32f4xx_ll_usart.h:1478:22:LL_USART_ConfigAsyncMode	16	static
stm32f4xx_ll_gpio.h:274:22:LL_GPIO_SetPinMode	40	static,ignoring_inline_asm
stm32f4xx_ll_gpio.h:485:22:LL_GPIO_SetPinPull	40	static,ignoring_inline_asm
stm32f4xx_ll_gpio.h:882:22:LL_GPIO_SetOutputPin	16	static
stm32f4xx_ll_gpio.h:911:22:LL_GPIO_ResetOutputPin	16	static
stm32f4xx_ll_gpio.h:940:22:LL_GPIO_TogglePin	24	static
sim7600_uart_dma.h:89:22:sim7600_pause_rx_uart_dma	16	static
main.c:82:5:_write	32	static
main.c:97:5:main	192	static
main.c:213:6:SystemClock_Config	8	static
main.c:259:13:MX_SPI2_Init	8	static
main.c:297:13:MX_TIM5_Init	32	static
main.c:342:13:MX_USART1_UART_Init	64	static
main.c:391:13:MX_DMA_Init	8	static
main.c:410:13:MX_GPIO_Init	40	static
main.c:479:6:DMA2_Stream2_IRQHandler	8	static
main.c:497:6:HAL_SPI_TxCpltCallback	16	static
main.c:506:6:USART1_IRQHandler	8	static
main.c:511:6:sim7600ErrorTask	16	static
main.c:523:6:usart_rx_dmaTask	32	static
main.c:544:6:startPlayMp3Task	40	static
main.c:561:6:StartDefaultTask	16	static
main.c:589:6:StartTask02	16	static
main.c:617:6:HAL_TIM_PeriodElapsedCallback	16	static
main.c:635:6:Error_Handler	4	static,ignoring_inline_asm
