stm32f4xx_ll_exti.h:835:26:LL_EXTI_IsActiveFlag_0_31	16	static
stm32f4xx_ll_exti.h:911:22:LL_EXTI_ClearFlag_0_31	16	static
stm32f4xx_it.c:73:6:NMI_Handler	4	static
stm32f4xx_it.c:88:6:HardFault_Handler	4	static
stm32f4xx_it.c:103:6:MemManage_Handler	4	static
stm32f4xx_it.c:118:6:BusFault_Handler	4	static
stm32f4xx_it.c:133:6:UsageFault_Handler	4	static
stm32f4xx_it.c:148:6:DebugMon_Handler	4	static
stm32f4xx_it.c:168:6:DMA1_Stream4_IRQHandler	8	static
stm32f4xx_it.c:182:6:EXTI9_5_IRQHandler	8	static
stm32f4xx_it.c:202:6:TIM2_IRQHandler	8	static
