core_cm4.h:1676:26:__NVIC_GetPriorityGrouping	4	static
core_cm4.h:1688:22:__NVIC_EnableIRQ	16	static
core_cm4.h:1816:22:__NVIC_SetPriority	16	static
core_cm4.h:1863:26:NVIC_EncodePriority	40	static
stm32f4xx_ll_dma.h:495:22:LL_DMA_EnableStream	16	static
stm32f4xx_ll_dma.h:515:22:LL_DMA_DisableStream	16	static
stm32f4xx_ll_dma.h:535:26:LL_DMA_IsEnabledStream	16	static
stm32f4xx_ll_dma.h:596:22:LL_DMA_SetDataTransferDirection	24	static
stm32f4xx_ll_dma.h:644:22:LL_DMA_SetMode	24	static
stm32f4xx_ll_dma.h:691:22:LL_DMA_SetPeriphIncMode	24	static
stm32f4xx_ll_dma.h:736:22:LL_DMA_SetMemoryIncMode	24	static
stm32f4xx_ll_dma.h:782:22:LL_DMA_SetPeriphSize	24	static
stm32f4xx_ll_dma.h:829:22:LL_DMA_SetMemorySize	24	static
stm32f4xx_ll_dma.h:922:22:LL_DMA_SetStreamPriorityLevel	24	static
stm32f4xx_ll_dma.h:969:22:LL_DMA_SetDataLength	24	static
stm32f4xx_ll_dma.h:991:26:LL_DMA_GetDataLength	16	static
stm32f4xx_ll_dma.h:1020:22:LL_DMA_SetChannelSelection	24	static
stm32f4xx_ll_dma.h:1277:22:LL_DMA_DisableFifoMode	16	static
stm32f4xx_ll_dma.h:1437:22:LL_DMA_SetMemoryAddress	24	static
stm32f4xx_ll_dma.h:1460:22:LL_DMA_SetPeriphAddress	24	static
stm32f4xx_ll_bus.h:411:22:LL_AHB1_GRP1_EnableClock	24	static
stm32f4xx_ll_bus.h:1706:22:LL_APB2_GRP1_EnableClock	24	static
stm32f4xx_ll_usart.h:409:22:LL_USART_Enable	16	static
stm32f4xx_ll_usart.h:423:22:LL_USART_Disable	16	static
stm32f4xx_ll_usart.h:434:26:LL_USART_IsEnabled	16	static
stm32f4xx_ll_usart.h:890:22:LL_USART_EnableRTSHWFlowCtrl	16	static
stm32f4xx_ll_usart.h:1019:22:LL_USART_SetBaudRate	160	static
stm32f4xx_ll_usart.h:1478:22:LL_USART_ConfigAsyncMode	16	static
stm32f4xx_ll_usart.h:1802:26:LL_USART_IsActiveFlag_TC	16	static
stm32f4xx_ll_usart.h:1813:26:LL_USART_IsActiveFlag_TXE	16	static
stm32f4xx_ll_usart.h:2023:22:LL_USART_EnableIT_IDLE	16	static
stm32f4xx_ll_usart.h:2315:22:LL_USART_EnableDMAReq_RX	16	static
stm32f4xx_ll_usart.h:2425:22:LL_USART_TransmitData8	16	static
stm32f4xx_ll_gpio.h:882:22:LL_GPIO_SetOutputPin	16	static
stm32f4xx_ll_gpio.h:911:22:LL_GPIO_ResetOutputPin	16	static
stm32f4xx_ll_gpio.h:940:22:LL_GPIO_TogglePin	24	static
sim7600_uart_dma.h:134:22:sim7600_delay_ms	16	static
sim7600_uart_dma.c:53:6:sim7600_powerON	8	static
sim7600_uart_dma.c:65:6:sim7600_powerOFF	8	static
sim7600_uart_dma.c:77:6:sim7600_reset	8	static
sim7600_uart_dma.c:89:6:sim7600_gpio_init	32	static
sim7600_uart_dma.c:106:6:sim7600_init	80	static
sim7600_uart_dma.c:213:6:sim7600_config	8	static
sim7600_uart_dma.c:286:6:sim7600_sync_timer_udp	4	static
sim7600_uart_dma.c:317:6:sim7600_update_response	16	static
sim7600_uart_dma.c:328:6:sim7600_open_network	16	static
sim7600_uart_dma.c:361:6:sim7600_open_udp_connect	16	static
sim7600_uart_dma.c:451:6:sim7600_send_packet_ip	40	static
sim7600_uart_dma.c:525:6:sim7600_keepAlive_udp	8	static
sim7600_uart_dma.c:549:6:sim7600_open_tcp_connect	16	static
sim7600_uart_dma.c:587:6:sim7600_get_ipv4	4	static
sim7600_uart_dma.c:596:6:sim7600_handle_error	8	static
sim7600_uart_dma.c:646:6:sim7600_send_cmd	32	static
sim7600_uart_dma.c:677:6:sim7600_usart_send_string	16	static
sim7600_uart_dma.c:694:6:sim7600_usart_send_byte	24	static
sim7600_uart_dma.c:720:6:sim7600_usart_rx_check	8	static
sim7600_uart_dma.c:785:21:check_normal_response	32	static
sim7600_uart_dma.c:825:5:sim7600_handle_received_data	56	static
sim7600_uart_dma.c:1080:6:sim7600_handle_udp_packet	48	static
sim7600_uart_dma.c:1203:6:playMp3DMA	16	static
sim7600_uart_dma.c:1270:10:sim7600_check_sum_data	24	static
sim7600_uart_dma.c:1299:6:CheckSumCMD	24	static
sim7600_uart_dma.c:1308:6:sim7600_handle_tcp_packet	16	static
sim7600_uart_dma.c:1317:6:sim7600_usart_IRQHandler	16	static
sim7600_uart_dma.c:1349:6:sim7600_change_baud	16	static
sim7600_uart_dma.c:1362:6:sim7600_restart	8	static
