core_cm4.h:1676:26:__NVIC_GetPriorityGrouping	4	static
core_cm4.h:1688:22:__NVIC_EnableIRQ	16	static
core_cm4.h:1816:22:__NVIC_SetPriority	16	static
core_cm4.h:1863:26:NVIC_EncodePriority	40	static
stm32f4xx_ll_dma.h:495:22:LL_DMA_EnableStream	16	static
stm32f4xx_ll_dma.h:596:22:LL_DMA_SetDataTransferDirection	24	static
stm32f4xx_ll_dma.h:644:22:LL_DMA_SetMode	24	static
stm32f4xx_ll_dma.h:691:22:LL_DMA_SetPeriphIncMode	24	static
stm32f4xx_ll_dma.h:736:22:LL_DMA_SetMemoryIncMode	24	static
stm32f4xx_ll_dma.h:782:22:LL_DMA_SetPeriphSize	24	static
stm32f4xx_ll_dma.h:829:22:LL_DMA_SetMemorySize	24	static
stm32f4xx_ll_dma.h:922:22:LL_DMA_SetStreamPriorityLevel	24	static
stm32f4xx_ll_dma.h:969:22:LL_DMA_SetDataLength	24	static
stm32f4xx_ll_dma.h:991:26:LL_DMA_GetDataLength	16	static
stm32f4xx_ll_dma.h:1020:22:LL_DMA_SetChannelSelection	24	static
stm32f4xx_ll_dma.h:1277:22:LL_DMA_DisableFifoMode	16	static
stm32f4xx_ll_dma.h:1437:22:LL_DMA_SetMemoryAddress	24	static
stm32f4xx_ll_dma.h:1460:22:LL_DMA_SetPeriphAddress	24	static
stm32f4xx_ll_bus.h:411:22:LL_AHB1_GRP1_EnableClock	24	static
stm32f4xx_ll_bus.h:1706:22:LL_APB2_GRP1_EnableClock	24	static
stm32f4xx_ll_usart.h:409:22:LL_USART_Enable	16	static
stm32f4xx_ll_usart.h:423:22:LL_USART_Disable	16	static
stm32f4xx_ll_usart.h:1019:22:LL_USART_SetBaudRate	160	static
stm32f4xx_ll_usart.h:1478:22:LL_USART_ConfigAsyncMode	16	static
stm32f4xx_ll_usart.h:1802:26:LL_USART_IsActiveFlag_TC	16	static
stm32f4xx_ll_usart.h:1813:26:LL_USART_IsActiveFlag_TXE	16	static
stm32f4xx_ll_usart.h:2023:22:LL_USART_EnableIT_IDLE	16	static
stm32f4xx_ll_usart.h:2315:22:LL_USART_EnableDMAReq_RX	16	static
stm32f4xx_ll_usart.h:2425:22:LL_USART_TransmitData8	16	static
stm32f4xx_ll_gpio.h:882:22:LL_GPIO_SetOutputPin	16	static
stm32f4xx_ll_gpio.h:911:22:LL_GPIO_ResetOutputPin	16	static
stm32f4xx_ll_gpio.h:940:22:LL_GPIO_TogglePin	24	static
sim7600_uart_dma.h:79:22:sim7600_delay_ms	16	static
sim7600_uart_dma.c:46:6:sim7600_powerON	8	static
sim7600_uart_dma.c:58:6:sim7600_powerOFF	8	static
sim7600_uart_dma.c:70:6:sim7600_reset	8	static
sim7600_uart_dma.c:82:6:sim7600_gpio_init	32	static
sim7600_uart_dma.c:99:6:sim7600_init	88	static
sim7600_uart_dma.c:200:6:sim7600_config	8	static
sim7600_uart_dma.c:267:6:sim7600_sync_timer_udp	4	static
sim7600_uart_dma.c:298:6:sim7600_update_response	16	static
sim7600_uart_dma.c:309:6:sim7600_open_network	16	static
sim7600_uart_dma.c:345:6:sim7600_open_udp_connect	16	static
sim7600_uart_dma.c:390:6:sim7600_send_packet_ip	40	static
sim7600_uart_dma.c:446:6:sim7600_keepAlive_udp	8	static
sim7600_uart_dma.c:480:6:sim7600_open_tcp_connect	16	static
sim7600_uart_dma.c:519:6:sim7600_get_ipv4	4	static
sim7600_uart_dma.c:528:6:sim7600_handle_error	8	static
sim7600_uart_dma.c:575:6:sim7600_send_cmd	32	static
sim7600_uart_dma.c:606:6:sim7600_usart_send_string	16	static
sim7600_uart_dma.c:623:6:sim7600_usart_send_byte	24	static
sim7600_uart_dma.c:646:6:sim7600_usart_rx_check	16	static
sim7600_uart_dma.c:688:21:check_normal_response	24	static
sim7600_uart_dma.c:719:5:sim7600_handle_received_data	64	static
sim7600_uart_dma.c:986:6:sim7600_handle_udp_packet	48	static
sim7600_uart_dma.c:1048:6:playMp3DMA	8	static
sim7600_uart_dma.c:1081:10:sim7600_check_sum_data	24	static
sim7600_uart_dma.c:1110:6:CheckSumCMD	24	static
sim7600_uart_dma.c:1119:6:sim7600_handle_tcp_packet	16	static
sim7600_uart_dma.c:1127:6:sim7600_usart_IRQHandler	16	static
sim7600_uart_dma.c:1150:6:sim7600_change_baud	16	static
sim7600_uart_dma.c:1163:6:sim7600_restart	16	static
