Archive member included to satisfy reference by file (symbol)

c:/st/stm32cubeide_1.6.1/stm32cubeide/plugins/com.st.stm32cube.ide.mcu.externaltools.gnu-tools-for-stm32.9-2020-q2-update.win32_1.5.0.202011040924/tools/bin/../lib/gcc/arm-none-eabi/9.3.1/../../../../arm-none-eabi/lib/thumb/v7e-m+fp/hard\libc_nano.a(lib_a-errno.o)
                              Core/Src/syscalls.o (__errno)
c:/st/stm32cubeide_1.6.1/stm32cubeide/plugins/com.st.stm32cube.ide.mcu.externaltools.gnu-tools-for-stm32.9-2020-q2-update.win32_1.5.0.202011040924/tools/bin/../lib/gcc/arm-none-eabi/9.3.1/../../../../arm-none-eabi/lib/thumb/v7e-m+fp/hard\libc_nano.a(lib_a-exit.o)
                              c:/st/stm32cubeide_1.6.1/stm32cubeide/plugins/com.st.stm32cube.ide.mcu.externaltools.gnu-tools-for-stm32.9-2020-q2-update.win32_1.5.0.202011040924/tools/bin/../lib/gcc/arm-none-eabi/9.3.1/../../../../arm-none-eabi/lib/thumb/v7e-m+fp/hard/crt0.o (exit)
c:/st/stm32cubeide_1.6.1/stm32cubeide/plugins/com.st.stm32cube.ide.mcu.externaltools.gnu-tools-for-stm32.9-2020-q2-update.win32_1.5.0.202011040924/tools/bin/../lib/gcc/arm-none-eabi/9.3.1/../../../../arm-none-eabi/lib/thumb/v7e-m+fp/hard\libc_nano.a(lib_a-impure.o)
                              c:/st/stm32cubeide_1.6.1/stm32cubeide/plugins/com.st.stm32cube.ide.mcu.externaltools.gnu-tools-for-stm32.9-2020-q2-update.win32_1.5.0.202011040924/tools/bin/../lib/gcc/arm-none-eabi/9.3.1/../../../../arm-none-eabi/lib/thumb/v7e-m+fp/hard\libc_nano.a(lib_a-exit.o) (_global_impure_ptr)
c:/st/stm32cubeide_1.6.1/stm32cubeide/plugins/com.st.stm32cube.ide.mcu.externaltools.gnu-tools-for-stm32.9-2020-q2-update.win32_1.5.0.202011040924/tools/bin/../lib/gcc/arm-none-eabi/9.3.1/../../../../arm-none-eabi/lib/thumb/v7e-m+fp/hard\libc_nano.a(lib_a-init.o)
                              c:/st/stm32cubeide_1.6.1/stm32cubeide/plugins/com.st.stm32cube.ide.mcu.externaltools.gnu-tools-for-stm32.9-2020-q2-update.win32_1.5.0.202011040924/tools/bin/../lib/gcc/arm-none-eabi/9.3.1/../../../../arm-none-eabi/lib/thumb/v7e-m+fp/hard/crt0.o (__libc_init_array)
c:/st/stm32cubeide_1.6.1/stm32cubeide/plugins/com.st.stm32cube.ide.mcu.externaltools.gnu-tools-for-stm32.9-2020-q2-update.win32_1.5.0.202011040924/tools/bin/../lib/gcc/arm-none-eabi/9.3.1/../../../../arm-none-eabi/lib/thumb/v7e-m+fp/hard\libc_nano.a(lib_a-memcpy-stub.o)
                              Middlewares/Third_Party/FreeRTOS/Source/queue.o (memcpy)
c:/st/stm32cubeide_1.6.1/stm32cubeide/plugins/com.st.stm32cube.ide.mcu.externaltools.gnu-tools-for-stm32.9-2020-q2-update.win32_1.5.0.202011040924/tools/bin/../lib/gcc/arm-none-eabi/9.3.1/../../../../arm-none-eabi/lib/thumb/v7e-m+fp/hard\libc_nano.a(lib_a-memset.o)
                              c:/st/stm32cubeide_1.6.1/stm32cubeide/plugins/com.st.stm32cube.ide.mcu.externaltools.gnu-tools-for-stm32.9-2020-q2-update.win32_1.5.0.202011040924/tools/bin/../lib/gcc/arm-none-eabi/9.3.1/../../../../arm-none-eabi/lib/thumb/v7e-m+fp/hard/crt0.o (memset)
c:/st/stm32cubeide_1.6.1/stm32cubeide/plugins/com.st.stm32cube.ide.mcu.externaltools.gnu-tools-for-stm32.9-2020-q2-update.win32_1.5.0.202011040924/tools/bin/../lib/gcc/arm-none-eabi/9.3.1/../../../../arm-none-eabi/lib/thumb/v7e-m+fp/hard\libc_nano.a(lib_a-sprintf.o)
                              sim7600_driver/src/sim7600_uart_dma.o (sprintf)
c:/st/stm32cubeide_1.6.1/stm32cubeide/plugins/com.st.stm32cube.ide.mcu.externaltools.gnu-tools-for-stm32.9-2020-q2-update.win32_1.5.0.202011040924/tools/bin/../lib/gcc/arm-none-eabi/9.3.1/../../../../arm-none-eabi/lib/thumb/v7e-m+fp/hard\libc_nano.a(lib_a-strlen.o)
                              sim7600_driver/src/sim7600_uart_dma.o (strlen)
c:/st/stm32cubeide_1.6.1/stm32cubeide/plugins/com.st.stm32cube.ide.mcu.externaltools.gnu-tools-for-stm32.9-2020-q2-update.win32_1.5.0.202011040924/tools/bin/../lib/gcc/arm-none-eabi/9.3.1/../../../../arm-none-eabi/lib/thumb/v7e-m+fp/hard\libc_nano.a(lib_a-strstr.o)
                              sim7600_driver/src/sim7600_uart_dma.o (strstr)
c:/st/stm32cubeide_1.6.1/stm32cubeide/plugins/com.st.stm32cube.ide.mcu.externaltools.gnu-tools-for-stm32.9-2020-q2-update.win32_1.5.0.202011040924/tools/bin/../lib/gcc/arm-none-eabi/9.3.1/../../../../arm-none-eabi/lib/thumb/v7e-m+fp/hard\libc_nano.a(lib_a-nano-svfprintf.o)
                              c:/st/stm32cubeide_1.6.1/stm32cubeide/plugins/com.st.stm32cube.ide.mcu.externaltools.gnu-tools-for-stm32.9-2020-q2-update.win32_1.5.0.202011040924/tools/bin/../lib/gcc/arm-none-eabi/9.3.1/../../../../arm-none-eabi/lib/thumb/v7e-m+fp/hard\libc_nano.a(lib_a-sprintf.o) (_svfprintf_r)
c:/st/stm32cubeide_1.6.1/stm32cubeide/plugins/com.st.stm32cube.ide.mcu.externaltools.gnu-tools-for-stm32.9-2020-q2-update.win32_1.5.0.202011040924/tools/bin/../lib/gcc/arm-none-eabi/9.3.1/../../../../arm-none-eabi/lib/thumb/v7e-m+fp/hard\libc_nano.a(lib_a-nano-vfprintf_i.o)
[...]
Memory Configuration

Name             Origin             Length             Attributes
CCMRAM           0x0000000010000000 0x0000000000010000 xrw
RAM              0x0000000020000000 0x0000000000020000 xrw
FLASH            0x0000000008000000 0x0000000000080000 xr
*default*        0x0000000000000000 0xffffffffffffffff

Linker script and memory map

LOAD c:/st/stm32cubeide_1.6.1/stm32cubeide/plugins/com.st.stm32cube.ide.mcu.externaltools.gnu-tools-for-stm32.9-2020-q2-update.win32_1.5.0.202011040924/tools/bin/../lib/gcc/arm-none-eabi/9.3.1/thumb/v7e-m+fp/hard/crti.o
LOAD c:/st/stm32cubeide_1.6.1/stm32cubeide/plugins/com.st.stm32cube.ide.mcu.externaltools.gnu-tools-for-stm32.9-2020-q2-update.win32_1.5.0.202011040924/tools/bin/../lib/gcc/arm-none-eabi/9.3.1/thumb/v7e-m+fp/hard/crtbegin.o
LOAD c:/st/stm32cubeide_1.6.1/stm32cubeide/plugins/com.st.stm32cube.ide.mcu.externaltools.gnu-tools-for-stm32.9-2020-q2-update.win32_1.5.0.202011040924/tools/bin/../lib/gcc/arm-none-eabi/9.3.1/../../../../arm-none-eabi/lib/thumb/v7e-m+fp/hard/crt0.o
LOAD Core/Src/freertos.o
LOAD Core/Src/main.o
LOAD Core/Src/stm32f4xx_hal_msp.o
LOAD Core/Src/stm32f4xx_hal_timebase_tim.o
LOAD Core/Src/stm32f4xx_it.o
LOAD Core/Src/syscalls.o
LOAD Core/Src/sysmem.o
LOAD Core/Src/system_stm32f4xx.o
LOAD Core/Startup/startup_stm32f407vetx.o
LOAD Drivers/STM32F4xx_HAL_Driver/Src/stm32f4xx_hal.o
LOAD Drivers/STM32F4xx_HAL_Driver/Src/stm32f4xx_hal_cortex.o
LOAD Drivers/STM32F4xx_HAL_Driver/Src/stm32f4xx_hal_dma.o
LOAD Drivers/STM32F4xx_HAL_Driver/Src/stm32f4xx_hal_dma_ex.o
LOAD Drivers/STM32F4xx_HAL_Driver/Src/stm32f4xx_hal_exti.o
LOAD Drivers/STM32F4xx_HAL_Driver/Src/stm32f4xx_hal_flash.o
LOAD Drivers/STM32F4xx_HAL_Driver/Src/stm32f4xx_hal_flash_ex.o
LOAD Drivers/STM32F4xx_HAL_Driver/Src/stm32f4xx_hal_flash_ramfunc.o
LOAD Drivers/STM32F4xx_HAL_Driver/Src/stm32f4xx_hal_gpio.o
LOAD Drivers/STM32F4xx_HAL_Driver/Src/stm32f4xx_hal_pwr.o
LOAD Drivers/STM32F4xx_HAL_Driver/Src/stm32f4xx_hal_pwr_ex.o
LOAD Drivers/STM32F4xx_HAL_Driver/Src/stm32f4xx_hal_rcc.o
LOAD Drivers/STM32F4xx_HAL_Driver/Src/stm32f4xx_hal_rcc_ex.o
LOAD Drivers/STM32F4xx_HAL_Driver/Src/stm32f4xx_hal_tim.o
LOAD Drivers/STM32F4xx_HAL_Driver/Src/stm32f4xx_hal_tim_ex.o
LOAD Drivers/STM32F4xx_HAL_Driver/Src/stm32f4xx_ll_dma.o
LOAD Drivers/STM32F4xx_HAL_Driver/Src/stm32f4xx_ll_exti.o
LOAD Drivers/STM32F4xx_HAL_Driver/Src/stm32f4xx_ll_gpio.o
LOAD Drivers/STM32F4xx_HAL_Driver/Src/stm32f4xx_ll_rcc.o
LOAD Drivers/STM32F4xx_HAL_Driver/Src/stm32f4xx_ll_spi.o
LOAD Drivers/STM32F4xx_HAL_Driver/Src/stm32f4xx_ll_tim.o
LOAD Drivers/STM32F4xx_HAL_Driver/Src/stm32f4xx_ll_usart.o
LOAD Drivers/STM32F4xx_HAL_Driver/Src/stm32f4xx_ll_utils.o
LOAD Middlewares/Third_Party/FreeRTOS/Source/CMSIS_RTOS/cmsis_os.o
LOAD Middlewares/Third_Party/FreeRTOS/Source/croutine.o
LOAD Middlewares/Third_Party/FreeRTOS/Source/event_groups.o
LOAD Middlewares/Third_Party/FreeRTOS/Source/list.o
LOAD Middlewares/Third_Party/FreeRTOS/Source/queue.o
LOAD Middlewares/Third_Party/FreeRTOS/Source/stream_buffer.o
LOAD Middlewares/Third_Party/FreeRTOS/Source/tasks.o
LOAD Middlewares/Third_Party/FreeRTOS/Source/timers.o
LOAD Middlewares/Third_Party/FreeRTOS/Source/portable/GCC/ARM_CM4F/port.o
LOAD Middlewares/Third_Party/FreeRTOS/Source/portable/MemMang/heap_4.o
LOAD sim7600_driver/src/LL_GetTick.o
LOAD sim7600_driver/src/sim7600_uart_dma.o
START GROUP
LOAD c:/st/stm32cubeide_1.6.1/stm32cubeide/plugins/com.st.stm32cube.ide.mcu.externaltools.gnu-tools-for-stm32.9-2020-q2-update.win32_1.5.0.202011040924/tools/bin/../lib/gcc/arm-none-eabi/9.3.1/../../../../arm-none-eabi/lib/thumb/v7e-m+fp/hard\libc_nano.a
LOAD c:/st/stm32cubeide_1.6.1/stm32cubeide/plugins/com.st.stm32cube.ide.mcu.externaltools.gnu-tools-for-stm32.9-2020-q2-update.win32_1.5.0.202011040924/tools/bin/../lib/gcc/arm-none-eabi/9.3.1/../../../../arm-none-eabi/lib/thumb/v7e-m+fp/hard\libm.a
END GROUP
START GROUP
LOAD c:/st/stm32cubeide_1.6.1/stm32cubeide/plugins/com.st.stm32cube.ide.mcu.externaltools.gnu-tools-for-stm32.9-2020-q2-update.win32_1.5.0.202011040924/tools/bin/../lib/gcc/arm-none-eabi/9.3.1/thumb/v7e-m+fp/hard\libgcc.a
LOAD c:/st/stm32cubeide_1.6.1/stm32cubeide/plugins/com.st.stm32cube.ide.mcu.externaltools.gnu-tools-for-stm32.9-2020-q2-update.win32_1.5.0.202011040924/tools/bin/../lib/gcc/arm-none-eabi/9.3.1/../../../../arm-none-eabi/lib/thumb/v7e-m+fp/hard\libc_nano.a
END GROUP
START GROUP
LOAD c:/st/stm32cubeide_1.6.1/stm32cubeide/plugins/com.st.stm32cube.ide.mcu.externaltools.gnu-tools-for-stm32.9-2020-q2-update.win32_1.5.0.202011040924/tools/bin/../lib/gcc/arm-none-eabi/9.3.1/thumb/v7e-m+fp/hard\libgcc.a
LOAD c:/st/stm32cubeide_1.6.1/stm32cubeide/plugins/com.st.stm32cube.ide.mcu.externaltools.gnu-tools-for-stm32.9-2020-q2-update.win32_1.5.0.202011040924/tools/bin/../lib/gcc/arm-none-eabi/9.3.1/../../../../arm-none-eabi/lib/thumb/v7e-m+fp/hard\libc_nano.a
LOAD c:/st/stm32cubeide_1.6.1/stm32cubeide/plugins/com.st.stm32cube.ide.mcu.externaltools.gnu-tools-for-stm32.9-2020-q2-update.win32_1.5.0.202011040924/tools/bin/../lib/gcc/arm-none-eabi/9.3.1/../../../../arm-none-eabi/lib/thumb/v7e-m+fp/hard\libnosys.a
END GROUP
START GROUP
LOAD c:/st/stm32cubeide_1.6.1/stm32cubeide/plugins/com.st.stm32cube.ide.mcu.externaltools.gnu-tools-for-stm32.9-2020-q2-update.win32_1.5.0.202011040924/tools/bin/../lib/gcc/arm-none-eabi/9.3.1/thumb/v7e-m+fp/hard\libgcc.a
LOAD c:/st/stm32cubeide_1.6.1/stm32cubeide/plugins/com.st.stm32cube.ide.mcu.externaltools.gnu-tools-for-stm32.9-2020-q2-update.win32_1.5.0.202011040924/tools/bin/../lib/gcc/arm-none-eabi/9.3.1/../../../../arm-none-eabi/lib/thumb/v7e-m+fp/hard\libc_nano.a
LOAD c:/st/stm32cubeide_1.6.1/stm32cubeide/plugins/com.st.stm32cube.ide.mcu.externaltools.gnu-tools-for-stm32.9-2020-q2-update.win32_1.5.0.202011040924/tools/bin/../lib/gcc/arm-none-eabi/9.3.1/../../../../arm-none-eabi/lib/thumb/v7e-m+fp/hard\libnosys.a
END GROUP
LOAD c:/st/stm32cubeide_1.6.1/stm32cubeide/plugins/com.st.stm32cube.ide.mcu.externaltools.gnu-tools-for-stm32.9-2020-q2-update.win32_1.5.0.202011040924/tools/bin/../lib/gcc/arm-none-eabi/9.3.1/thumb/v7e-m+fp/hard/crtend.o
LOAD c:/st/stm32cubeide_1.6.1/stm32cubeide/plugins/com.st.stm32cube.ide.mcu.externaltools.gnu-tools-for-stm32.9-2020-q2-update.win32_1.5.0.202011040924/tools/bin/../lib/gcc/arm-none-eabi/9.3.1/thumb/v7e-m+fp/hard/crtn.o
                0x0000000020020000                _estack = (ORIGIN (RAM) + LENGTH (RAM))
                0x0000000000000200                _Min_Heap_Size = 0x200
                0x0000000000000400                _Min_Stack_Size = 0x400

.isr_vector     0x0000000008000000      0x188
                0x0000000008000000                . = ALIGN (0x4)
 *(.isr_vector)
 .isr_vector    0x0000000008000000      0x188 Core/Startup/startup_stm32f407vetx.o
                0x0000000008000000                g_pfnVectors
                0x0000000008000188                . = ALIGN (0x4)

.text           0x0000000008000190     0x3d30
                0x0000000008000190                . = ALIGN (0x4)
 *(.text)
 .text          0x0000000008000190       0x40 c:/st/stm32cubeide_1.6.1/stm32cubeide/plugins/com.st.stm32cube.ide.mcu.externaltools.gnu-tools-for-stm32.9-2020-q2-update.win32_1.5.0.202011040924/tools/bin/../lib/gcc/arm-none-eabi/9.3.1/thumb/v7e-m+fp/hard/crtbegin.o
 .text          0x00000000080001d0       0x10 c:/st/stm32cubeide_1.6.1/stm32cubeide/plugins/com.st.stm32cube.ide.mcu.externaltools.gnu-tools-for-stm32.9-2020-q2-update.win32_1.5.0.202011040924/tools/bin/../lib/gcc/arm-none-eabi/9.3.1/../../../../arm-none-eabi/lib/thumb/v7e-m+fp/hard\libc_nano.a(lib_a-strlen.o)
                0x00000000080001d0                strlen
 .text          0x00000000080001e0       0xa0 c:/st/stm32cubeide_1.6.1/stm32cubeide/plugins/com.st.stm32cube.ide.mcu.externaltools.gnu-tools-for-stm32.9-2020-q2-update.win32_1.5.0.202011040924/tools/bin/../lib/gcc/arm-none-eabi/9.3.1/../../../../arm-none-eabi/lib/thumb/v7e-m+fp/hard\libc_nano.a(lib_a-memchr.o)
                0x00000000080001e0                memchr
 .text          0x0000000008000280       0x30 c:/st/stm32cubeide_1.6.1/stm32cubeide/plugins/com.st.stm32cube.ide.mcu.externaltools.gnu-tools-for-stm32.9-2020-q2-update.win32_1.5.0.202011040924/tools/bin/../lib/gcc/arm-none-eabi/9.3.1/thumb/v7e-m+fp/hard\libgcc.a(_aeabi_uldivmod.o)
                0x0000000008000280                __aeabi_uldivmod
 .text          0x00000000080002b0      0x2c4 c:/st/stm32cubeide_1.6.1/stm32cubeide/plugins/com.st.stm32cube.ide.mcu.externaltools.gnu-tools-for-stm32.9-2020-q2-update.win32_1.5.0.202011040924/tools/bin/../lib/gcc/arm-none-eabi/9.3.1/thumb/v7e-m+fp/hard\libgcc.a(_udivmoddi4.o)
                0x00000000080002b0                __udivmoddi4
 .text          0x0000000008000574        0x4 c:/st/stm32cubeide_1.6.1/stm32cubeide/plugins/com.st.stm32cube.ide.mcu.externaltools.gnu-tools-for-stm32.9-2020-q2-update.win32_1.5.0.202011040924/tools/bin/../lib/gcc/arm-none-eabi/9.3.1/thumb/v7e-m+fp/hard\libgcc.a(_dvmd_tls.o)
                0x0000000008000574                __aeabi_idiv0
                0x0000000008000574                __aeabi_ldiv0
 *(.text*)
 .text.vApplicationGetIdleTaskMemory
                0x0000000008000578       0x18 Core/Src/freertos.o
                0x0000000008000578                vApplicationGetIdleTaskMemory
 .text.LL_AHB1_GRP1_EnableClock
                0x0000000008000590       0x1c Core/Src/main.o
 .text.sim7600ErrorTask
                0x00000000080005ac       0x10 Core/Src/main.o
                0x00000000080005ac                sim7600ErrorTask
 .text.StartDefaultTask
                0x00000000080005bc       0x38 Core/Src/main.o
                0x00000000080005bc                StartDefaultTask
 .text.SystemClock_Config
                0x00000000080005f4       0xbc Core/Src/main.o
                0x00000000080005f4                SystemClock_Config
 .text.startup.main
                0x00000000080006b0       0x98 Core/Src/main.o
                0x00000000080006b0                main
 .text.TIM8_TRG_COM_TIM14_IRQHandler
                0x0000000008000748        0x4 Core/Src/main.o
                0x0000000008000748                TIM8_TRG_COM_TIM14_IRQHandler
 .text.USART1_IRQHandler
                0x000000000800074c        0x4 Core/Src/main.o
                0x000000000800074c                USART1_IRQHandler
 .text.HAL_TIM_PeriodElapsedCallback
                0x0000000008000750        0xe Core/Src/main.o
                0x0000000008000750                HAL_TIM_PeriodElapsedCallback
 *fill*         0x000000000800075e        0x2 
 .text.HAL_MspInit
                0x0000000008000760       0x40 Core/Src/stm32f4xx_hal_msp.o
                0x0000000008000760                HAL_MspInit
 .text.HAL_InitTick
                0x00000000080007a0       0x78 Core/Src/stm32f4xx_hal_timebase_tim.o
                0x00000000080007a0                HAL_InitTick
 .text.NMI_Handler
                0x0000000008000818        0x2 Core/Src/stm32f4xx_it.o
                0x0000000008000818                NMI_Handler
 .text.HardFault_Handler
                0x000000000800081a        0x2 Core/Src/stm32f4xx_it.o
                0x000000000800081a                HardFault_Handler
 .text.MemManage_Handler
                0x000000000800081c        0x2 Core/Src/stm32f4xx_it.o
                0x000000000800081c                MemManage_Handler
 .text.BusFault_Handler
                0x000000000800081e        0x2 Core/Src/stm32f4xx_it.o
                0x000000000800081e                BusFault_Handler
 .text.UsageFault_Handler
                0x0000000008000820        0x2 Core/Src/stm32f4xx_it.o
                0x0000000008000820                UsageFault_Handler
 .text.DebugMon_Handler
                0x0000000008000822        0x2 Core/Src/stm32f4xx_it.o
                0x0000000008000822                DebugMon_Handler
 .text.DMA1_Stream5_IRQHandler
                0x0000000008000824        0x2 Core/Src/stm32f4xx_it.o
                0x0000000008000824                DMA1_Stream5_IRQHandler
 *fill*         0x0000000008000826        0x2 
 .text.TIM2_IRQHandler
                0x0000000008000828        0xc Core/Src/stm32f4xx_it.o
                0x0000000008000828                TIM2_IRQHandler
 .text._sbrk    0x0000000008000834       0x40 Core/Src/sysmem.o
                0x0000000008000834                _sbrk
 .text.SystemInit
                0x0000000008000874       0x14 Core/Src/system_stm32f4xx.o
                0x0000000008000874                SystemInit
 .text.Reset_Handler
                0x0000000008000888       0x50 Core/Startup/startup_stm32f407vetx.o
                0x0000000008000888                Reset_Handler
 .text.Default_Handler
                0x00000000080008d8        0x2 Core/Startup/startup_stm32f407vetx.o
                0x00000000080008d8                RTC_Alarm_IRQHandler
                0x00000000080008d8                HASH_RNG_IRQHandler
                0x00000000080008d8                EXTI2_IRQHandler
                0x00000000080008d8                TIM8_CC_IRQHandler
                0x00000000080008d8                TIM1_CC_IRQHandler
                0x00000000080008d8                DMA2_Stream5_IRQHandler
                0x00000000080008d8                PVD_IRQHandler
                0x00000000080008d8                SDIO_IRQHandler
                0x00000000080008d8                TAMP_STAMP_IRQHandler
                0x00000000080008d8                CAN2_RX1_IRQHandler
                0x00000000080008d8                EXTI3_IRQHandler
                0x00000000080008d8                TIM1_UP_TIM10_IRQHandler
                0x00000000080008d8                TIM8_UP_TIM13_IRQHandler
                0x00000000080008d8                I2C3_ER_IRQHandler
                0x00000000080008d8                EXTI0_IRQHandler
                0x00000000080008d8                I2C2_EV_IRQHandler
                0x00000000080008d8                DMA1_Stream2_IRQHandler
                0x00000000080008d8                CAN1_RX0_IRQHandler
                0x00000000080008d8                FPU_IRQHandler
                0x00000000080008d8                OTG_HS_WKUP_IRQHandler
                0x00000000080008d8                CAN2_SCE_IRQHandler
                0x00000000080008d8                DMA2_Stream2_IRQHandler
                0x00000000080008d8                SPI1_IRQHandler
                0x00000000080008d8                TIM6_DAC_IRQHandler
                0x00000000080008d8                TIM1_BRK_TIM9_IRQHandler
                0x00000000080008d8                DCMI_IRQHandler
                0x00000000080008d8                CAN2_RX0_IRQHandler
                0x00000000080008d8                DMA2_Stream3_IRQHandler
                0x00000000080008d8                USART6_IRQHandler
                0x00000000080008d8                USART3_IRQHandler
                0x00000000080008d8                CAN1_RX1_IRQHandler
                0x00000000080008d8                UART5_IRQHandler
                0x00000000080008d8                DMA2_Stream0_IRQHandler
                0x00000000080008d8                TIM4_IRQHandler
                0x00000000080008d8                I2C1_EV_IRQHandler
                0x00000000080008d8                DMA1_Stream6_IRQHandler
                0x00000000080008d8                DMA1_Stream1_IRQHandler
                0x00000000080008d8                UART4_IRQHandler
                0x00000000080008d8                TIM3_IRQHandler
                0x00000000080008d8                RCC_IRQHandler
                0x00000000080008d8                TIM8_BRK_TIM12_IRQHandler
                0x00000000080008d8                Default_Handler
                0x00000000080008d8                EXTI15_10_IRQHandler
                0x00000000080008d8                ADC_IRQHandler
                0x00000000080008d8                DMA1_Stream7_IRQHandler
                0x00000000080008d8                TIM7_IRQHandler
                0x00000000080008d8                CAN2_TX_IRQHandler
                0x00000000080008d8                TIM5_IRQHandler
                0x00000000080008d8                DMA2_Stream7_IRQHandler
                0x00000000080008d8                I2C3_EV_IRQHandler
                0x00000000080008d8                EXTI9_5_IRQHandler
                0x00000000080008d8                RTC_WKUP_IRQHandler
                0x00000000080008d8                ETH_WKUP_IRQHandler
                0x00000000080008d8                SPI2_IRQHandler
                0x00000000080008d8                OTG_HS_EP1_IN_IRQHandler
                0x00000000080008d8                DMA1_Stream0_IRQHandler
                0x00000000080008d8                CAN1_TX_IRQHandler
                0x00000000080008d8                EXTI4_IRQHandler
                0x00000000080008d8                FSMC_IRQHandler
                0x00000000080008d8                ETH_IRQHandler
                0x00000000080008d8                OTG_HS_EP1_OUT_IRQHandler
                0x00000000080008d8                WWDG_IRQHandler
                0x00000000080008d8                OTG_FS_WKUP_IRQHandler
                0x00000000080008d8                TIM1_TRG_COM_TIM11_IRQHandler
                0x00000000080008d8                OTG_HS_IRQHandler
                0x00000000080008d8                EXTI1_IRQHandler
                0x00000000080008d8                USART2_IRQHandler
                0x00000000080008d8                I2C2_ER_IRQHandler
                0x00000000080008d8                DMA2_Stream1_IRQHandler
                0x00000000080008d8                CAN1_SCE_IRQHandler
                0x00000000080008d8                FLASH_IRQHandler
                0x00000000080008d8                DMA2_Stream4_IRQHandler
                0x00000000080008d8                OTG_FS_IRQHandler
                0x00000000080008d8                SPI3_IRQHandler
                0x00000000080008d8                DMA1_Stream4_IRQHandler
                0x00000000080008d8                I2C1_ER_IRQHandler
                0x00000000080008d8                DMA2_Stream6_IRQHandler
                0x00000000080008d8                DMA1_Stream3_IRQHandler
 *fill*         0x00000000080008da        0x2 
 .text.HAL_Init
                0x00000000080008dc       0x34 Drivers/STM32F4xx_HAL_Driver/Src/stm32f4xx_hal.o
                0x00000000080008dc                HAL_Init
 .text.HAL_IncTick
                0x0000000008000910       0x18 Drivers/STM32F4xx_HAL_Driver/Src/stm32f4xx_hal.o
                0x0000000008000910                HAL_IncTick
 .text.HAL_NVIC_SetPriorityGrouping
                0x0000000008000928       0x24 Drivers/STM32F4xx_HAL_Driver/Src/stm32f4xx_hal_cortex.o
                0x0000000008000928                HAL_NVIC_SetPriorityGrouping
 .text.HAL_NVIC_SetPriority
                0x000000000800094c       0x64 Drivers/STM32F4xx_HAL_Driver/Src/stm32f4xx_hal_cortex.o
                0x000000000800094c                HAL_NVIC_SetPriority
 .text.HAL_NVIC_EnableIRQ
                0x00000000080009b0       0x1c Drivers/STM32F4xx_HAL_Driver/Src/stm32f4xx_hal_cortex.o
                0x00000000080009b0                HAL_NVIC_EnableIRQ
 .text.HAL_RCC_GetPCLK1Freq
                0x00000000080009cc       0x20 Drivers/STM32F4xx_HAL_Driver/Src/stm32f4xx_hal_rcc.o
                0x00000000080009cc                HAL_RCC_GetPCLK1Freq
 .text.HAL_RCC_GetClockConfig
                0x00000000080009ec       0x3c Drivers/STM32F4xx_HAL_Driver/Src/stm32f4xx_hal_rcc.o
                0x00000000080009ec                HAL_RCC_GetClockConfig
 .text.HAL_TIM_Base_MspInit
                0x0000000008000a28        0x2 Drivers/STM32F4xx_HAL_Driver/Src/stm32f4xx_hal_tim.o
                0x0000000008000a28                HAL_TIM_Base_MspInit
 *fill*         0x0000000008000a2a        0x2 
 .text.HAL_TIM_Base_Start_IT
                0x0000000008000a2c       0x74 Drivers/STM32F4xx_HAL_Driver/Src/stm32f4xx_hal_tim.o
                0x0000000008000a2c                HAL_TIM_Base_Start_IT
 .text.HAL_TIM_OC_DelayElapsedCallback
                0x0000000008000aa0        0x2 Drivers/STM32F4xx_HAL_Driver/Src/stm32f4xx_hal_tim.o
                0x0000000008000aa0                HAL_TIM_OC_DelayElapsedCallback
 .text.HAL_TIM_IC_CaptureCallback
                0x0000000008000aa2        0x2 Drivers/STM32F4xx_HAL_Driver/Src/stm32f4xx_hal_tim.o
                0x0000000008000aa2                HAL_TIM_IC_CaptureCallback
 .text.HAL_TIM_PWM_PulseFinishedCallback
                0x0000000008000aa4        0x2 Drivers/STM32F4xx_HAL_Driver/Src/stm32f4xx_hal_tim.o
                0x0000000008000aa4                HAL_TIM_PWM_PulseFinishedCallback
 .text.HAL_TIM_TriggerCallback
                0x0000000008000aa6        0x2 Drivers/STM32F4xx_HAL_Driver/Src/stm32f4xx_hal_tim.o
                0x0000000008000aa6                HAL_TIM_TriggerCallback
 .text.HAL_TIM_IRQHandler
                0x0000000008000aa8      0x144 Drivers/STM32F4xx_HAL_Driver/Src/stm32f4xx_hal_tim.o
                0x0000000008000aa8                HAL_TIM_IRQHandler
 .text.TIM_Base_SetConfig
                0x0000000008000bec       0xcc Drivers/STM32F4xx_HAL_Driver/Src/stm32f4xx_hal_tim.o
                0x0000000008000bec                TIM_Base_SetConfig
 .text.HAL_TIM_Base_Init
                0x0000000008000cb8       0x58 Drivers/STM32F4xx_HAL_Driver/Src/stm32f4xx_hal_tim.o
                0x0000000008000cb8                HAL_TIM_Base_Init
 .text.HAL_TIMEx_CommutCallback
                0x0000000008000d10        0x2 Drivers/STM32F4xx_HAL_Driver/Src/stm32f4xx_hal_tim_ex.o
                0x0000000008000d10                HAL_TIMEx_CommutCallback
 .text.HAL_TIMEx_BreakCallback
                0x0000000008000d12        0x2 Drivers/STM32F4xx_HAL_Driver/Src/stm32f4xx_hal_tim_ex.o
                0x0000000008000d12                HAL_TIMEx_BreakCallback
 .text.LL_GPIO_Init
                0x0000000008000d14      0x13c Drivers/STM32F4xx_HAL_Driver/Src/stm32f4xx_ll_gpio.o
                0x0000000008000d14                LL_GPIO_Init
 .text.RCC_GetHCLKClockFreq
                0x0000000008000e50       0x18 Drivers/STM32F4xx_HAL_Driver/Src/stm32f4xx_ll_rcc.o
                0x0000000008000e50                RCC_GetHCLKClockFreq
 .text.RCC_GetPCLK1ClockFreq
                0x0000000008000e68       0x18 Drivers/STM32F4xx_HAL_Driver/Src/stm32f4xx_ll_rcc.o
                0x0000000008000e68                RCC_GetPCLK1ClockFreq
 .text.RCC_GetPCLK2ClockFreq
                0x0000000008000e80       0x18 Drivers/STM32F4xx_HAL_Driver/Src/stm32f4xx_ll_rcc.o
                0x0000000008000e80                RCC_GetPCLK2ClockFreq
 .text.RCC_PLL_GetFreqDomain_SYS
                0x0000000008000e98       0x48 Drivers/STM32F4xx_HAL_Driver/Src/stm32f4xx_ll_rcc.o
                0x0000000008000e98                RCC_PLL_GetFreqDomain_SYS
 .text.RCC_GetSystemClockFreq
                0x0000000008000ee0       0x28 Drivers/STM32F4xx_HAL_Driver/Src/stm32f4xx_ll_rcc.o
                0x0000000008000ee0                RCC_GetSystemClockFreq
 .text.LL_RCC_GetSystemClocksFreq
                0x0000000008000f08       0x20 Drivers/STM32F4xx_HAL_Driver/Src/stm32f4xx_ll_rcc.o
                0x0000000008000f08                LL_RCC_GetSystemClocksFreq
 .text.LL_TIM_Init
                0x0000000008000f28       0xc8 Drivers/STM32F4xx_HAL_Driver/Src/stm32f4xx_ll_tim.o
                0x0000000008000f28                LL_TIM_Init
 .text.LL_USART_Init
                0x0000000008000ff0       0xfc Drivers/STM32F4xx_HAL_Driver/Src/stm32f4xx_ll_usart.o
                0x0000000008000ff0                LL_USART_Init
 .text.LL_SetSystemCoreClock
                0x00000000080010ec        0xc Drivers/STM32F4xx_HAL_Driver/Src/stm32f4xx_ll_utils.o
                0x00000000080010ec                LL_SetSystemCoreClock
 .text.osKernelStart
                0x00000000080010f8        0xa Middlewares/Third_Party/FreeRTOS/Source/CMSIS_RTOS/cmsis_os.o
                0x00000000080010f8                osKernelStart
 .text.osThreadCreate
                0x0000000008001102       0x50 Middlewares/Third_Party/FreeRTOS/Source/CMSIS_RTOS/cmsis_os.o
                0x0000000008001102                osThreadCreate
 .text.osThreadTerminate
                0x0000000008001152        0xa Middlewares/Third_Party/FreeRTOS/Source/CMSIS_RTOS/cmsis_os.o
                0x0000000008001152                osThreadTerminate
 .text.osDelay  0x000000000800115c       0x10 Middlewares/Third_Party/FreeRTOS/Source/CMSIS_RTOS/cmsis_os.o
                0x000000000800115c                osDelay
 .text.osMutexRelease
                0x000000000800116c       0x48 Middlewares/Third_Party/FreeRTOS/Source/CMSIS_RTOS/cmsis_os.o
                0x000000000800116c                osMutexRelease
 .text.osSemaphoreCreate
                0x00000000080011b4       0x48 Middlewares/Third_Party/FreeRTOS/Source/CMSIS_RTOS/cmsis_os.o
                0x00000000080011b4                osSemaphoreCreate
 .text.osSemaphoreWait
                0x00000000080011fc       0x4c Middlewares/Third_Party/FreeRTOS/Source/CMSIS_RTOS/cmsis_os.o
                0x00000000080011fc                osSemaphoreWait
 .text.osSemaphoreRelease
                0x0000000008001248        0x4 Middlewares/Third_Party/FreeRTOS/Source/CMSIS_RTOS/cmsis_os.o
                0x0000000008001248                osSemaphoreRelease
 .text.osThreadResume
                0x000000000800124c       0x30 Middlewares/Third_Party/FreeRTOS/Source/CMSIS_RTOS/cmsis_os.o
                0x000000000800124c                osThreadResume
 .text.vListInitialise
                0x000000000800127c       0x16 Middlewares/Third_Party/FreeRTOS/Source/list.o
                0x000000000800127c                vListInitialise
 .text.vListInitialiseItem
                0x0000000008001292        0x6 Middlewares/Third_Party/FreeRTOS/Source/list.o
                0x0000000008001292                vListInitialiseItem
 .text.vListInsertEnd
                0x0000000008001298       0x18 Middlewares/Third_Party/FreeRTOS/Source/list.o
                0x0000000008001298                vListInsertEnd
 .text.vListInsert
                0x00000000080012b0       0x2e Middlewares/Third_Party/FreeRTOS/Source/list.o
                0x00000000080012b0                vListInsert
 .text.uxListRemove
                0x00000000080012de       0x20 Middlewares/Third_Party/FreeRTOS/Source/list.o
                0x00000000080012de                uxListRemove
 .text.prvIsQueueEmpty
                0x00000000080012fe       0x16 Middlewares/Third_Party/FreeRTOS/Source/queue.o
 .text.prvCopyDataToQueue
                0x0000000008001314       0x6a Middlewares/Third_Party/FreeRTOS/Source/queue.o
 .text.prvCopyDataFromQueue
                0x000000000800137e       0x2c Middlewares/Third_Party/FreeRTOS/Source/queue.o
 .text.prvUnlockQueue
                0x00000000080013aa       0x70 Middlewares/Third_Party/FreeRTOS/Source/queue.o
 *fill*         0x000000000800141a        0x2 
 .text.xQueueGenericReset
                0x000000000800141c       0x80 Middlewares/Third_Party/FreeRTOS/Source/queue.o
                0x000000000800141c                xQueueGenericReset
 .text.xQueueGenericCreate.part.0
                0x000000000800149c       0x34 Middlewares/Third_Party/FreeRTOS/Source/queue.o
 .text.xQueueGenericCreateStatic
                0x00000000080014d0       0x94 Middlewares/Third_Party/FreeRTOS/Source/queue.o
                0x00000000080014d0                xQueueGenericCreateStatic
 .text.xQueueGenericCreate
                0x0000000008001564       0x18 Middlewares/Third_Party/FreeRTOS/Source/queue.o
                0x0000000008001564                xQueueGenericCreate
 .text.xQueueGenericSend
                0x000000000800157c      0x164 Middlewares/Third_Party/FreeRTOS/Source/queue.o
                0x000000000800157c                xQueueGenericSend
 .text.xQueueGiveFromISR
                0x00000000080016e0       0xa8 Middlewares/Third_Party/FreeRTOS/Source/queue.o
                0x00000000080016e0                xQueueGiveFromISR
 .text.xQueueSemaphoreTake
                0x0000000008001788      0x188 Middlewares/Third_Party/FreeRTOS/Source/queue.o
                0x0000000008001788                xQueueSemaphoreTake
 .text.xQueueReceiveFromISR
                0x0000000008001910       0x9e Middlewares/Third_Party/FreeRTOS/Source/queue.o
                0x0000000008001910                xQueueReceiveFromISR
 *fill*         0x00000000080019ae        0x2 
 .text.prvAddNewTaskToReadyList
                0x00000000080019b0      0x12c Middlewares/Third_Party/FreeRTOS/Source/tasks.o
 .text.prvTaskIsTaskSuspended
                0x0000000008001adc       0x38 Middlewares/Third_Party/FreeRTOS/Source/tasks.o
 .text.prvResetNextTaskUnblockTime
                0x0000000008001b14       0x24 Middlewares/Third_Party/FreeRTOS/Source/tasks.o
 .text.prvInitialiseNewTask.isra.0
                0x0000000008001b38       0x8a Middlewares/Third_Party/FreeRTOS/Source/tasks.o
 .text.prvDeleteTCB
                0x0000000008001bc2       0x36 Middlewares/Third_Party/FreeRTOS/Source/tasks.o
 .text.prvIdleTask
                0x0000000008001bf8       0x64 Middlewares/Third_Party/FreeRTOS/Source/tasks.o
 .text.prvAddCurrentTaskToDelayedList
                0x0000000008001c5c       0x8c Middlewares/Third_Party/FreeRTOS/Source/tasks.o
 .text.xTaskCreateStatic
                0x0000000008001ce8       0x70 Middlewares/Third_Party/FreeRTOS/Source/tasks.o
                0x0000000008001ce8                xTaskCreateStatic
 .text.xTaskCreate
                0x0000000008001d58       0x5a Middlewares/Third_Party/FreeRTOS/Source/tasks.o
                0x0000000008001d58                xTaskCreate
 *fill*         0x0000000008001db2        0x2 
 .text.vTaskDelete
                0x0000000008001db4       0xd4 Middlewares/Third_Party/FreeRTOS/Source/tasks.o
                0x0000000008001db4                vTaskDelete
 .text.vTaskResume
                0x0000000008001e88       0x8c Middlewares/Third_Party/FreeRTOS/Source/tasks.o
                0x0000000008001e88                vTaskResume
 .text.xTaskResumeFromISR
                0x0000000008001f14       0xa4 Middlewares/Third_Party/FreeRTOS/Source/tasks.o
                0x0000000008001f14                xTaskResumeFromISR
 .text.vTaskStartScheduler
                0x0000000008001fb8       0x6c Middlewares/Third_Party/FreeRTOS/Source/tasks.o
                0x0000000008001fb8                vTaskStartScheduler
 .text.vTaskSuspendAll
                0x0000000008002024       0x10 Middlewares/Third_Party/FreeRTOS/Source/tasks.o
                0x0000000008002024                vTaskSuspendAll
 .text.xTaskIncrementTick
                0x0000000008002034      0x130 Middlewares/Third_Party/FreeRTOS/Source/tasks.o
                0x0000000008002034                xTaskIncrementTick
 .text.xTaskResumeAll
                0x0000000008002164       0xf0 Middlewares/Third_Party/FreeRTOS/Source/tasks.o
                0x0000000008002164                xTaskResumeAll
 .text.vTaskDelay
                0x0000000008002254       0x48 Middlewares/Third_Party/FreeRTOS/Source/tasks.o
                0x0000000008002254                vTaskDelay
 .text.vTaskSwitchContext
                0x000000000800229c       0x74 Middlewares/Third_Party/FreeRTOS/Source/tasks.o
                0x000000000800229c                vTaskSwitchContext
 .text.vTaskPlaceOnEventList
                0x0000000008002310       0x34 Middlewares/Third_Party/FreeRTOS/Source/tasks.o
                0x0000000008002310                vTaskPlaceOnEventList
 .text.xTaskRemoveFromEventList
                0x0000000008002344       0x88 Middlewares/Third_Party/FreeRTOS/Source/tasks.o
                0x0000000008002344                xTaskRemoveFromEventList
 .text.vTaskInternalSetTimeOutState
                0x00000000080023cc       0x18 Middlewares/Third_Party/FreeRTOS/Source/tasks.o
                0x00000000080023cc                vTaskInternalSetTimeOutState
 .text.xTaskCheckForTimeOut
                0x00000000080023e4       0x78 Middlewares/Third_Party/FreeRTOS/Source/tasks.o
                0x00000000080023e4                xTaskCheckForTimeOut
 .text.vTaskMissedYield
                0x000000000800245c        0xc Middlewares/Third_Party/FreeRTOS/Source/tasks.o
                0x000000000800245c                vTaskMissedYield
 .text.xTaskGetSchedulerState
                0x0000000008002468       0x20 Middlewares/Third_Party/FreeRTOS/Source/tasks.o
                0x0000000008002468                xTaskGetSchedulerState
 .text.xTaskPriorityInherit
                0x0000000008002488       0x9c Middlewares/Third_Party/FreeRTOS/Source/tasks.o
                0x0000000008002488                xTaskPriorityInherit
 .text.xTaskPriorityDisinherit
                0x0000000008002524       0xa4 Middlewares/Third_Party/FreeRTOS/Source/tasks.o
                0x0000000008002524                xTaskPriorityDisinherit
 .text.vTaskPriorityDisinheritAfterTimeout
                0x00000000080025c8       0xb0 Middlewares/Third_Party/FreeRTOS/Source/tasks.o
                0x00000000080025c8                vTaskPriorityDisinheritAfterTimeout
 .text.pvTaskIncrementMutexHeldCount
                0x0000000008002678       0x18 Middlewares/Third_Party/FreeRTOS/Source/tasks.o
                0x0000000008002678                pvTaskIncrementMutexHeldCount
 .text.prvPortStartFirstTask
                0x0000000008002690       0x28 Middlewares/Third_Party/FreeRTOS/Source/portable/GCC/ARM_CM4F/port.o
 .text.vPortEnableVFP
                0x00000000080026b8       0x14 Middlewares/Third_Party/FreeRTOS/Source/portable/GCC/ARM_CM4F/port.o
 .text.prvTaskExitError
                0x00000000080026cc       0x40 Middlewares/Third_Party/FreeRTOS/Source/portable/GCC/ARM_CM4F/port.o
 .text.pxPortInitialiseStack
                0x000000000800270c       0x2c Middlewares/Third_Party/FreeRTOS/Source/portable/GCC/ARM_CM4F/port.o
                0x000000000800270c                pxPortInitialiseStack
 *fill*         0x0000000008002738        0x8 
 .text.SVC_Handler
                0x0000000008002740       0x24 Middlewares/Third_Party/FreeRTOS/Source/portable/GCC/ARM_CM4F/port.o
                0x0000000008002740                SVC_Handler
 .text.vPortEnterCritical
                0x0000000008002764       0x44 Middlewares/Third_Party/FreeRTOS/Source/portable/GCC/ARM_CM4F/port.o
                0x0000000008002764                vPortEnterCritical
 .text.vPortExitCritical
                0x00000000080027a8       0x28 Middlewares/Third_Party/FreeRTOS/Source/portable/GCC/ARM_CM4F/port.o
                0x00000000080027a8                vPortExitCritical
 .text.PendSV_Handler
                0x00000000080027d0       0x64 Middlewares/Third_Party/FreeRTOS/Source/portable/GCC/ARM_CM4F/port.o
                0x00000000080027d0                PendSV_Handler
 .text.SysTick_Handler
                0x0000000008002834       0x2c Middlewares/Third_Party/FreeRTOS/Source/portable/GCC/ARM_CM4F/port.o
                0x0000000008002834                SysTick_Handler
 .text.vPortSetupTimerInterrupt
                0x0000000008002860       0x34 Middlewares/Third_Party/FreeRTOS/Source/portable/GCC/ARM_CM4F/port.o
                0x0000000008002860                vPortSetupTimerInterrupt
 .text.xPortStartScheduler
                0x0000000008002894      0x108 Middlewares/Third_Party/FreeRTOS/Source/portable/GCC/ARM_CM4F/port.o
                0x0000000008002894                xPortStartScheduler
 .text.vPortValidateInterruptPriority
                0x000000000800299c       0x5c Middlewares/Third_Party/FreeRTOS/Source/portable/GCC/ARM_CM4F/port.o
                0x000000000800299c                vPortValidateInterruptPriority
 .text.prvInsertBlockIntoFreeList
                0x00000000080029f8       0x48 Middlewares/Third_Party/FreeRTOS/Source/portable/MemMang/heap_4.o
 .text.pvPortMalloc
                0x0000000008002a40      0x124 Middlewares/Third_Party/FreeRTOS/Source/portable/MemMang/heap_4.o
                0x0000000008002a40                pvPortMalloc
 .text.vPortFree
                0x0000000008002b64       0x7c Middlewares/Third_Party/FreeRTOS/Source/portable/MemMang/heap_4.o
                0x0000000008002b64                vPortFree
 .text.Init_LL_GetTick
                0x0000000008002be0       0x80 sim7600_driver/src/LL_GetTick.o
                0x0000000008002be0                Init_LL_GetTick
 .text.IRQ_Tim_LL_GetTick
                0x0000000008002c60       0x34 sim7600_driver/src/LL_GetTick.o
                0x0000000008002c60                IRQ_Tim_LL_GetTick
 .text.LL_GetTick_ms
                0x0000000008002c94       0x38 sim7600_driver/src/LL_GetTick.o
                0x0000000008002c94                LL_GetTick_ms
 .text.LL_AHB1_GRP1_EnableClock
                0x0000000008002ccc       0x1c sim7600_driver/src/sim7600_uart_dma.o
 .text.stringContain.constprop.0
                0x0000000008002ce8       0x18 sim7600_driver/src/sim7600_uart_dma.o
 .text.sim7600_gpio_init
                0x0000000008002d00       0x38 sim7600_driver/src/sim7600_uart_dma.o
                0x0000000008002d00                sim7600_gpio_init
 .text.sim7600_powerON
                0x0000000008002d38       0x34 sim7600_driver/src/sim7600_uart_dma.o
                0x0000000008002d38                sim7600_powerON
 .text.sim7600_init
                0x0000000008002d6c      0x1a8 sim7600_driver/src/sim7600_uart_dma.o
                0x0000000008002d6c                sim7600_init
 .text.sim7600_powerOFF
                0x0000000008002f14       0x34 sim7600_driver/src/sim7600_uart_dma.o
                0x0000000008002f14                sim7600_powerOFF
 .text.sim7600_reset
                0x0000000008002f48       0x34 sim7600_driver/src/sim7600_uart_dma.o
                0x0000000008002f48                sim7600_reset
 .text.sim7600_update_response
                0x0000000008002f7c       0x30 sim7600_driver/src/sim7600_uart_dma.o
                0x0000000008002f7c                sim7600_update_response
 .text.sim7600_uart_send_byte
                0x0000000008002fac       0x28 sim7600_driver/src/sim7600_uart_dma.o
                0x0000000008002fac                sim7600_uart_send_byte
 .text.sim7600_usart_send_string
                0x0000000008002fd4       0x14 sim7600_driver/src/sim7600_uart_dma.o
                0x0000000008002fd4                sim7600_usart_send_string
 .text.sim7600_open_tcp_connect
                0x0000000008002fe8       0xd0 sim7600_driver/src/sim7600_uart_dma.o
                0x0000000008002fe8                sim7600_open_tcp_connect
 .text.sim7600_send_cmd
                0x00000000080030b8       0x80 sim7600_driver/src/sim7600_uart_dma.o
                0x00000000080030b8                sim7600_send_cmd
 .text.sim7600_handle_received_data
                0x0000000008003138      0x194 sim7600_driver/src/sim7600_uart_dma.o
                0x0000000008003138                sim7600_handle_received_data
 .text.sim7600_usart_rx_check
                0x00000000080032cc       0x88 sim7600_driver/src/sim7600_uart_dma.o
                0x00000000080032cc                sim7600_usart_rx_check
 .text.sim7600_usart_IRQHandler
                0x0000000008003354       0x2c sim7600_driver/src/sim7600_uart_dma.o
                0x0000000008003354                sim7600_usart_IRQHandler
 .text.sim7600_change_baud
                0x0000000008003380       0x4c sim7600_driver/src/sim7600_uart_dma.o
                0x0000000008003380                sim7600_change_baud
 .text.sim7600_config
                0x00000000080033cc      0x11c sim7600_driver/src/sim7600_uart_dma.o
                0x00000000080033cc                sim7600_config
 .text.sim7600_restart
                0x00000000080034e8       0x54 sim7600_driver/src/sim7600_uart_dma.o
                0x00000000080034e8                sim7600_restart
 .text.sim7600_handle_error
                0x000000000800353c       0x80 sim7600_driver/src/sim7600_uart_dma.o
                0x000000000800353c                sim7600_handle_error
 .text.__errno  0x00000000080035bc        0xc c:/st/stm32cubeide_1.6.1/stm32cubeide/plugins/com.st.stm32cube.ide.mcu.externaltools.gnu-tools-for-stm32.9-2020-q2-update.win32_1.5.0.202011040924/tools/bin/../lib/gcc/arm-none-eabi/9.3.1/../../../../arm-none-eabi/lib/thumb/v7e-m+fp/hard\libc_nano.a(lib_a-errno.o)
                0x00000000080035bc                __errno
 .text.__libc_init_array
                0x00000000080035c8       0x48 c:/st/stm32cubeide_1.6.1/stm32cubeide/plugins/com.st.stm32cube.ide.mcu.externaltools.gnu-tools-for-stm32.9-2020-q2-update.win32_1.5.0.202011040924/tools/bin/../lib/gcc/arm-none-eabi/9.3.1/../../../../arm-none-eabi/lib/thumb/v7e-m+fp/hard\libc_nano.a(lib_a-init.o)
                0x00000000080035c8                __libc_init_array
 .text.memcpy   0x0000000008003610       0x1c c:/st/stm32cubeide_1.6.1/stm32cubeide/plugins/com.st.stm32cube.ide.mcu.externaltools.gnu-tools-for-stm32.9-2020-q2-update.win32_1.5.0.202011040924/tools/bin/../lib/gcc/arm-none-eabi/9.3.1/../../../../arm-none-eabi/lib/thumb/v7e-m+fp/hard\libc_nano.a(lib_a-memcpy-stub.o)
                0x0000000008003610                memcpy
 .text.memset   0x000000000800362c       0x10 c:/st/stm32cubeide_1.6.1/stm32cubeide/plugins/com.st.stm32cube.ide.mcu.externaltools.gnu-tools-for-stm32.9-2020-q2-update.win32_1.5.0.202011040924/tools/bin/../lib/gcc/arm-none-eabi/9.3.1/../../../../arm-none-eabi/lib/thumb/v7e-m+fp/hard\libc_nano.a(lib_a-memset.o)
                0x000000000800362c                memset
 .text.sprintf  0x000000000800363c       0x40 c:/st/stm32cubeide_1.6.1/stm32cubeide/plugins/com.st.stm32cube.ide.mcu.externaltools.gnu-tools-for-stm32.9-2020-q2-update.win32_1.5.0.202011040924/tools/bin/../lib/gcc/arm-none-eabi/9.3.1/../../../../arm-none-eabi/lib/thumb/v7e-m+fp/hard\libc_nano.a(lib_a-sprintf.o)
                0x000000000800363c                siprintf
                0x000000000800363c                sprintf
 .text.strstr   0x000000000800367c       0x2e c:/st/stm32cubeide_1.6.1/stm32cubeide/plugins/com.st.stm32cube.ide.mcu.externaltools.gnu-tools-for-stm32.9-2020-q2-update.win32_1.5.0.202011040924/tools/bin/../lib/gcc/arm-none-eabi/9.3.1/../../../../arm-none-eabi/lib/thumb/v7e-m+fp/hard\libc_nano.a(lib_a-strstr.o)
                0x000000000800367c                strstr
 .text.__ssputs_r
                0x00000000080036aa       0xb6 c:/st/stm32cubeide_1.6.1/stm32cubeide/plugins/com.st.stm32cube.ide.mcu.externaltools.gnu-tools-for-stm32.9-2020-q2-update.win32_1.5.0.202011040924/tools/bin/../lib/gcc/arm-none-eabi/9.3.1/../../../../arm-none-eabi/lib/thumb/v7e-m+fp/hard\libc_nano.a(lib_a-nano-svfprintf.o)
                0x00000000080036aa                __ssputs_r
 .text._svfprintf_r
                0x0000000008003760      0x200 c:/st/stm32cubeide_1.6.1/stm32cubeide/plugins/com.st.stm32cube.ide.mcu.externaltools.gnu-tools-for-stm32.9-2020-q2-update.win32_1.5.0.202011040924/tools/bin/../lib/gcc/arm-none-eabi/9.3.1/../../../../arm-none-eabi/lib/thumb/v7e-m+fp/hard\libc_nano.a(lib_a-nano-svfprintf.o)
                0x0000000008003760                _svfiprintf_r
                0x0000000008003760                _svfprintf_r
 .text._printf_common
                0x0000000008003960       0xda c:/st/stm32cubeide_1.6.1/stm32cubeide/plugins/com.st.stm32cube.ide.mcu.externaltools.gnu-tools-for-stm32.9-2020-q2-update.win32_1.5.0.202011040924/tools/bin/../lib/gcc/arm-none-eabi/9.3.1/../../../../arm-none-eabi/lib/thumb/v7e-m+fp/hard\libc_nano.a(lib_a-nano-vfprintf_i.o)
                0x0000000008003960                _printf_common
 *fill*         0x0000000008003a3a        0x2 
 .text._printf_i
                0x0000000008003a3c      0x24c c:/st/stm32cubeide_1.6.1/stm32cubeide/plugins/com.st.stm32cube.ide.mcu.externaltools.gnu-tools-for-stm32.9-2020-q2-update.win32_1.5.0.202011040924/tools/bin/../lib/gcc/arm-none-eabi/9.3.1/../../../../arm-none-eabi/lib/thumb/v7e-m+fp/hard\libc_nano.a(lib_a-nano-vfprintf_i.o)
                0x0000000008003a3c                _printf_i
 .text.memmove  0x0000000008003c88       0x34 c:/st/stm32cubeide_1.6.1/stm32cubeide/plugins/com.st.stm32cube.ide.mcu.externaltools.gnu-tools-for-stm32.9-2020-q2-update.win32_1.5.0.202011040924/tools/bin/../lib/gcc/arm-none-eabi/9.3.1/../../../../arm-none-eabi/lib/thumb/v7e-m+fp/hard\libc_nano.a(lib_a-memmove.o)
                0x0000000008003c88                memmove
 .text._free_r  0x0000000008003cbc       0xa0 c:/st/stm32cubeide_1.6.1/stm32cubeide/plugins/com.st.stm32cube.ide.mcu.externaltools.gnu-tools-for-stm32.9-2020-q2-update.win32_1.5.0.202011040924/tools/bin/../lib/gcc/arm-none-eabi/9.3.1/../../../../arm-none-eabi/lib/thumb/v7e-m+fp/hard\libc_nano.a(lib_a-nano-freer.o)
                0x0000000008003cbc                _free_r
 .text._malloc_r
                0x0000000008003d5c       0xb4 c:/st/stm32cubeide_1.6.1/stm32cubeide/plugins/com.st.stm32cube.ide.mcu.externaltools.gnu-tools-for-stm32.9-2020-q2-update.win32_1.5.0.202011040924/tools/bin/../lib/gcc/arm-none-eabi/9.3.1/../../../../arm-none-eabi/lib/thumb/v7e-m+fp/hard\libc_nano.a(lib_a-nano-mallocr.o)
                0x0000000008003d5c                _malloc_r
 .text._realloc_r
                0x0000000008003e10       0x4c c:/st/stm32cubeide_1.6.1/stm32cubeide/plugins/com.st.stm32cube.ide.mcu.externaltools.gnu-tools-for-stm32.9-2020-q2-update.win32_1.5.0.202011040924/tools/bin/../lib/gcc/arm-none-eabi/9.3.1/../../../../arm-none-eabi/lib/thumb/v7e-m+fp/hard\libc_nano.a(lib_a-nano-reallocr.o)
                0x0000000008003e10                _realloc_r
 .text._sbrk_r  0x0000000008003e5c       0x20 c:/st/stm32cubeide_1.6.1/stm32cubeide/plugins/com.st.stm32cube.ide.mcu.externaltools.gnu-tools-for-stm32.9-2020-q2-update.win32_1.5.0.202011040924/tools/bin/../lib/gcc/arm-none-eabi/9.3.1/../../../../arm-none-eabi/lib/thumb/v7e-m+fp/hard\libc_nano.a(lib_a-sbrkr.o)
                0x0000000008003e5c                _sbrk_r
 .text.__malloc_lock
                0x0000000008003e7c        0xc c:/st/stm32cubeide_1.6.1/stm32cubeide/plugins/com.st.stm32cube.ide.mcu.externaltools.gnu-tools-for-stm32.9-2020-q2-update.win32_1.5.0.202011040924/tools/bin/../lib/gcc/arm-none-eabi/9.3.1/../../../../arm-none-eabi/lib/thumb/v7e-m+fp/hard\libc_nano.a(lib_a-mlock.o)
                0x0000000008003e7c                __malloc_lock
 .text.__malloc_unlock
                0x0000000008003e88        0xc c:/st/stm32cubeide_1.6.1/stm32cubeide/plugins/com.st.stm32cube.ide.mcu.externaltools.gnu-tools-for-stm32.9-2020-q2-update.win32_1.5.0.202011040924/tools/bin/../lib/gcc/arm-none-eabi/9.3.1/../../../../arm-none-eabi/lib/thumb/v7e-m+fp/hard\libc_nano.a(lib_a-mlock.o)
                0x0000000008003e88                __malloc_unlock
 .text._malloc_usable_size_r
                0x0000000008003e94       0x10 c:/st/stm32cubeide_1.6.1/stm32cubeide/plugins/com.st.stm32cube.ide.mcu.externaltools.gnu-tools-for-stm32.9-2020-q2-update.win32_1.5.0.202011040924/tools/bin/../lib/gcc/arm-none-eabi/9.3.1/../../../../arm-none-eabi/lib/thumb/v7e-m+fp/hard\libc_nano.a(lib_a-nano-msizer.o)
                0x0000000008003e94                _malloc_usable_size_r
 .text.__retarget_lock_acquire_recursive
                0x0000000008003ea4        0x2 c:/st/stm32cubeide_1.6.1/stm32cubeide/plugins/com.st.stm32cube.ide.mcu.externaltools.gnu-tools-for-stm32.9-2020-q2-update.win32_1.5.0.202011040924/tools/bin/../lib/gcc/arm-none-eabi/9.3.1/../../../../arm-none-eabi/lib/thumb/v7e-m+fp/hard\libc_nano.a(lib_a-lock.o)
                0x0000000008003ea4                __retarget_lock_acquire_recursive
 .text.__retarget_lock_release_recursive
                0x0000000008003ea6        0x2 c:/st/stm32cubeide_1.6.1/stm32cubeide/plugins/com.st.stm32cube.ide.mcu.externaltools.gnu-tools-for-stm32.9-2020-q2-update.win32_1.5.0.202011040924/tools/bin/../lib/gcc/arm-none-eabi/9.3.1/../../../../arm-none-eabi/lib/thumb/v7e-m+fp/hard\libc_nano.a(lib_a-lock.o)
                0x0000000008003ea6                __retarget_lock_release_recursive
 *(.glue_7)
 .glue_7        0x0000000008003ea8        0x0 linker stubs
 *(.glue_7t)
 .glue_7t       0x0000000008003ea8        0x0 linker stubs
 *(.eh_frame)
 .eh_frame      0x0000000008003ea8        0x0 c:/st/stm32cubeide_1.6.1/stm32cubeide/plugins/com.st.stm32cube.ide.mcu.externaltools.gnu-tools-for-stm32.9-2020-q2-update.win32_1.5.0.202011040924/tools/bin/../lib/gcc/arm-none-eabi/9.3.1/thumb/v7e-m+fp/hard/crtbegin.o
 *(.init)
 .init          0x0000000008003ea8        0x4 c:/st/stm32cubeide_1.6.1/stm32cubeide/plugins/com.st.stm32cube.ide.mcu.externaltools.gnu-tools-for-stm32.9-2020-q2-update.win32_1.5.0.202011040924/tools/bin/../lib/gcc/arm-none-eabi/9.3.1/thumb/v7e-m+fp/hard/crti.o
                0x0000000008003ea8                _init
 .init          0x0000000008003eac        0x8 c:/st/stm32cubeide_1.6.1/stm32cubeide/plugins/com.st.stm32cube.ide.mcu.externaltools.gnu-tools-for-stm32.9-2020-q2-update.win32_1.5.0.202011040924/tools/bin/../lib/gcc/arm-none-eabi/9.3.1/thumb/v7e-m+fp/hard/crtn.o
 *(.fini)
 .fini          0x0000000008003eb4        0x4 c:/st/stm32cubeide_1.6.1/stm32cubeide/plugins/com.st.stm32cube.ide.mcu.externaltools.gnu-tools-for-stm32.9-2020-q2-update.win32_1.5.0.202011040924/tools/bin/../lib/gcc/arm-none-eabi/9.3.1/thumb/v7e-m+fp/hard/crti.o
                0x0000000008003eb4                _fini
 .fini          0x0000000008003eb8        0x8 c:/st/stm32cubeide_1.6.1/stm32cubeide/plugins/com.st.stm32cube.ide.mcu.externaltools.gnu-tools-for-stm32.9-2020-q2-update.win32_1.5.0.202011040924/tools/bin/../lib/gcc/arm-none-eabi/9.3.1/thumb/v7e-m+fp/hard/crtn.o
                0x0000000008003ec0                . = ALIGN (0x4)
                0x0000000008003ec0                _etext = .

.vfp11_veneer   0x0000000008003ec0        0x0
 .vfp11_veneer  0x0000000008003ec0        0x0 linker stubs

.v4_bx          0x0000000008003ec0        0x0
 .v4_bx         0x0000000008003ec0        0x0 linker stubs

.iplt           0x0000000008003ec0        0x0
 .iplt          0x0000000008003ec0        0x0 c:/st/stm32cubeide_1.6.1/stm32cubeide/plugins/com.st.stm32cube.ide.mcu.externaltools.gnu-tools-for-stm32.9-2020-q2-update.win32_1.5.0.202011040924/tools/bin/../lib/gcc/arm-none-eabi/9.3.1/thumb/v7e-m+fp/hard/crtbegin.o

.rodata         0x0000000008003ec0      0x210
                0x0000000008003ec0                . = ALIGN (0x4)
 *(.rodata)
 .rodata        0x0000000008003ec0       0x38 Core/Src/main.o
 *(.rodata*)
 .rodata.str1.1
                0x0000000008003ef8       0x19 Core/Src/main.o
 .rodata.AHBPrescTable
                0x0000000008003f11       0x10 Core/Src/system_stm32f4xx.o
                0x0000000008003f11                AHBPrescTable
 .rodata.APBPrescTable
                0x0000000008003f21        0x8 Core/Src/system_stm32f4xx.o
                0x0000000008003f21                APBPrescTable
 .rodata.vTaskStartScheduler.str1.1
                0x0000000008003f29        0x5 Middlewares/Third_Party/FreeRTOS/Source/tasks.o
 .rodata.sim7600_open_tcp_connect.str1.1
                0x0000000008003f2e       0x39 sim7600_driver/src/sim7600_uart_dma.o
 .rodata.sim7600_handle_received_data.str1.1
                0x0000000008003f67       0x5e sim7600_driver/src/sim7600_uart_dma.o
 .rodata.sim7600_config.str1.1
                0x0000000008003fc5       0xd5 sim7600_driver/src/sim7600_uart_dma.o
                                         0xd6 (size before relaxing)
 .rodata._svfprintf_r.str1.1
                0x000000000800409a       0x11 c:/st/stm32cubeide_1.6.1/stm32cubeide/plugins/com.st.stm32cube.ide.mcu.externaltools.gnu-tools-for-stm32.9-2020-q2-update.win32_1.5.0.202011040924/tools/bin/../lib/gcc/arm-none-eabi/9.3.1/../../../../arm-none-eabi/lib/thumb/v7e-m+fp/hard\libc_nano.a(lib_a-nano-svfprintf.o)
 .rodata._printf_i.str1.1
                0x00000000080040ab       0x22 c:/st/stm32cubeide_1.6.1/stm32cubeide/plugins/com.st.stm32cube.ide.mcu.externaltools.gnu-tools-for-stm32.9-2020-q2-update.win32_1.5.0.202011040924/tools/bin/../lib/gcc/arm-none-eabi/9.3.1/../../../../arm-none-eabi/lib/thumb/v7e-m+fp/hard\libc_nano.a(lib_a-nano-vfprintf_i.o)
                0x00000000080040d0                . = ALIGN (0x4)
 *fill*         0x00000000080040cd        0x3 

.ARM.extab      0x00000000080040d0        0x0
                0x00000000080040d0                . = ALIGN (0x4)
 *(.ARM.extab* .gnu.linkonce.armextab.*)
                0x00000000080040d0                . = ALIGN (0x4)

.ARM            0x00000000080040d0        0x8
                0x00000000080040d0                . = ALIGN (0x4)
                0x00000000080040d0                __exidx_start = .
 *(.ARM.exidx*)
 .ARM.exidx     0x00000000080040d0        0x8 c:/st/stm32cubeide_1.6.1/stm32cubeide/plugins/com.st.stm32cube.ide.mcu.externaltools.gnu-tools-for-stm32.9-2020-q2-update.win32_1.5.0.202011040924/tools/bin/../lib/gcc/arm-none-eabi/9.3.1/thumb/v7e-m+fp/hard\libgcc.a(_udivmoddi4.o)
                0x00000000080040d8                __exidx_end = .
                0x00000000080040d8                . = ALIGN (0x4)

.rel.dyn        0x00000000080040d8        0x0
 .rel.iplt      0x00000000080040d8        0x0 c:/st/stm32cubeide_1.6.1/stm32cubeide/plugins/com.st.stm32cube.ide.mcu.externaltools.gnu-tools-for-stm32.9-2020-q2-update.win32_1.5.0.202011040924/tools/bin/../lib/gcc/arm-none-eabi/9.3.1/thumb/v7e-m+fp/hard/crtbegin.o

.preinit_array  0x00000000080040d8        0x0
                0x00000000080040d8                . = ALIGN (0x4)
                0x00000000080040d8                PROVIDE (__preinit_array_start = .)
 *(.preinit_array*)
                0x00000000080040d8                PROVIDE (__preinit_array_end = .)
                0x00000000080040d8                . = ALIGN (0x4)

.init_array     0x00000000080040d8        0x4
                0x00000000080040d8                . = ALIGN (0x4)
                0x00000000080040d8                PROVIDE (__init_array_start = .)
 *(SORT_BY_NAME(.init_array.*))
 *(.init_array*)
 .init_array    0x00000000080040d8        0x4 c:/st/stm32cubeide_1.6.1/stm32cubeide/plugins/com.st.stm32cube.ide.mcu.externaltools.gnu-tools-for-stm32.9-2020-q2-update.win32_1.5.0.202011040924/tools/bin/../lib/gcc/arm-none-eabi/9.3.1/thumb/v7e-m+fp/hard/crtbegin.o
                0x00000000080040dc                PROVIDE (__init_array_end = .)
                0x00000000080040dc                . = ALIGN (0x4)

.fini_array     0x00000000080040dc        0x4
                0x00000000080040dc                . = ALIGN (0x4)
                [!provide]                        PROVIDE (__fini_array_start = .)
 *(SORT_BY_NAME(.fini_array.*))
 *(.fini_array*)
 .fini_array    0x00000000080040dc        0x4 c:/st/stm32cubeide_1.6.1/stm32cubeide/plugins/com.st.stm32cube.ide.mcu.externaltools.gnu-tools-for-stm32.9-2020-q2-update.win32_1.5.0.202011040924/tools/bin/../lib/gcc/arm-none-eabi/9.3.1/thumb/v7e-m+fp/hard/crtbegin.o
                [!provide]                        PROVIDE (__fini_array_end = .)
                0x00000000080040e0                . = ALIGN (0x4)
                0x00000000080040e0                _sidata = LOADADDR (.data)

.data           0x0000000020000000       0xdc load address 0x00000000080040e0
                0x0000000020000000                . = ALIGN (0x4)
                0x0000000020000000                _sdata = .
 *(.data)
 *(.data*)
 .data.SystemCoreClock
                0x0000000020000000        0x4 Core/Src/system_stm32f4xx.o
                0x0000000020000000                SystemCoreClock
 .data.uwTickFreq
                0x0000000020000004        0x1 Drivers/STM32F4xx_HAL_Driver/Src/stm32f4xx_hal.o
                0x0000000020000004                uwTickFreq
 *fill*         0x0000000020000005        0x3 
 .data.uxCriticalNesting
                0x0000000020000008        0x4 Middlewares/Third_Party/FreeRTOS/Source/portable/GCC/ARM_CM4F/port.o
 .data.serverDomain
                0x000000002000000c       0x64 sim7600_driver/src/sim7600_uart_dma.o
                0x000000002000000c                serverDomain
 .data.serverPort
                0x0000000020000070        0x4 sim7600_driver/src/sim7600_uart_dma.o
                0x0000000020000070                serverPort
 .data.usartSim7600
                0x0000000020000074        0x4 sim7600_driver/src/sim7600_uart_dma.o
                0x0000000020000074                usartSim7600
 .data._impure_ptr
                0x0000000020000078        0x4 c:/st/stm32cubeide_1.6.1/stm32cubeide/plugins/com.st.stm32cube.ide.mcu.externaltools.gnu-tools-for-stm32.9-2020-q2-update.win32_1.5.0.202011040924/tools/bin/../lib/gcc/arm-none-eabi/9.3.1/../../../../arm-none-eabi/lib/thumb/v7e-m+fp/hard\libc_nano.a(lib_a-impure.o)
                0x0000000020000078                _impure_ptr
 .data.impure_data
                0x000000002000007c       0x60 c:/st/stm32cubeide_1.6.1/stm32cubeide/plugins/com.st.stm32cube.ide.mcu.externaltools.gnu-tools-for-stm32.9-2020-q2-update.win32_1.5.0.202011040924/tools/bin/../lib/gcc/arm-none-eabi/9.3.1/../../../../arm-none-eabi/lib/thumb/v7e-m+fp/hard\libc_nano.a(lib_a-impure.o)
 *(.RamFunc)
 *(.RamFunc*)
                0x00000000200000dc                . = ALIGN (0x4)
                0x00000000200000dc                _edata = .

.igot.plt       0x00000000200000dc        0x0 load address 0x00000000080041bc
 .igot.plt      0x00000000200000dc        0x0 c:/st/stm32cubeide_1.6.1/stm32cubeide/plugins/com.st.stm32cube.ide.mcu.externaltools.gnu-tools-for-stm32.9-2020-q2-update.win32_1.5.0.202011040924/tools/bin/../lib/gcc/arm-none-eabi/9.3.1/thumb/v7e-m+fp/hard/crtbegin.o
                0x00000000200000dc                . = ALIGN (0x4)

.bss            0x00000000200000e0     0xa018 load address 0x00000000080041bc
                0x00000000200000e0                _sbss = .
                0x00000000200000e0                __bss_start__ = _sbss
 *(.bss)
 .bss           0x00000000200000e0       0x1c c:/st/stm32cubeide_1.6.1/stm32cubeide/plugins/com.st.stm32cube.ide.mcu.externaltools.gnu-tools-for-stm32.9-2020-q2-update.win32_1.5.0.202011040924/tools/bin/../lib/gcc/arm-none-eabi/9.3.1/thumb/v7e-m+fp/hard/crtbegin.o
 *(.bss*)
 .bss.xIdleStack
                0x00000000200000fc      0x200 Core/Src/freertos.o
 .bss.xIdleTaskTCBBuffer
                0x00000000200002fc       0x54 Core/Src/freertos.o
 .bss.__sbrk_heap_end
                0x0000000020000350        0x4 Core/Src/sysmem.o
 .bss.pxCurrentTCB
                0x0000000020000354        0x4 Middlewares/Third_Party/FreeRTOS/Source/tasks.o
                0x0000000020000354                pxCurrentTCB
 .bss.pxDelayedTaskList
                0x0000000020000358        0x4 Middlewares/Third_Party/FreeRTOS/Source/tasks.o
 .bss.pxOverflowDelayedTaskList
                0x000000002000035c        0x4 Middlewares/Third_Party/FreeRTOS/Source/tasks.o
 .bss.pxReadyTasksLists
                0x0000000020000360       0x8c Middlewares/Third_Party/FreeRTOS/Source/tasks.o
 .bss.uxCurrentNumberOfTasks
                0x00000000200003ec        0x4 Middlewares/Third_Party/FreeRTOS/Source/tasks.o
 .bss.uxDeletedTasksWaitingCleanUp
                0x00000000200003f0        0x4 Middlewares/Third_Party/FreeRTOS/Source/tasks.o
 .bss.uxSchedulerSuspended
                0x00000000200003f4        0x4 Middlewares/Third_Party/FreeRTOS/Source/tasks.o
 .bss.uxTaskNumber
                0x00000000200003f8        0x4 Middlewares/Third_Party/FreeRTOS/Source/tasks.o
 .bss.uxTopReadyPriority
                0x00000000200003fc        0x4 Middlewares/Third_Party/FreeRTOS/Source/tasks.o
 .bss.xDelayedTaskList1
                0x0000000020000400       0x14 Middlewares/Third_Party/FreeRTOS/Source/tasks.o
 .bss.xDelayedTaskList2
                0x0000000020000414       0x14 Middlewares/Third_Party/FreeRTOS/Source/tasks.o
 .bss.xNextTaskUnblockTime
                0x0000000020000428        0x4 Middlewares/Third_Party/FreeRTOS/Source/tasks.o
 .bss.xNumOfOverflows
                0x000000002000042c        0x4 Middlewares/Third_Party/FreeRTOS/Source/tasks.o
 .bss.xPendedTicks
                0x0000000020000430        0x4 Middlewares/Third_Party/FreeRTOS/Source/tasks.o
 .bss.xPendingReadyList
                0x0000000020000434       0x14 Middlewares/Third_Party/FreeRTOS/Source/tasks.o
 .bss.xSchedulerRunning
                0x0000000020000448        0x4 Middlewares/Third_Party/FreeRTOS/Source/tasks.o
 .bss.xSuspendedTaskList
                0x000000002000044c       0x14 Middlewares/Third_Party/FreeRTOS/Source/tasks.o
 .bss.xTasksWaitingTermination
                0x0000000020000460       0x14 Middlewares/Third_Party/FreeRTOS/Source/tasks.o
 .bss.xTickCount
                0x0000000020000474        0x4 Middlewares/Third_Party/FreeRTOS/Source/tasks.o
 .bss.xYieldPending
                0x0000000020000478        0x4 Middlewares/Third_Party/FreeRTOS/Source/tasks.o
 .bss.ucMaxSysCallPriority
                0x000000002000047c        0x1 Middlewares/Third_Party/FreeRTOS/Source/portable/GCC/ARM_CM4F/port.o
 *fill*         0x000000002000047d        0x3 
 .bss.ulMaxPRIGROUPValue
                0x0000000020000480        0x4 Middlewares/Third_Party/FreeRTOS/Source/portable/GCC/ARM_CM4F/port.o
 .bss.pxEnd     0x0000000020000484        0x4 Middlewares/Third_Party/FreeRTOS/Source/portable/MemMang/heap_4.o
 .bss.ucHeap    0x0000000020000488     0x3c00 Middlewares/Third_Party/FreeRTOS/Source/portable/MemMang/heap_4.o
 .bss.xBlockAllocatedBit
                0x0000000020004088        0x4 Middlewares/Third_Party/FreeRTOS/Source/portable/MemMang/heap_4.o
 .bss.xFreeBytesRemaining
                0x000000002000408c        0x4 Middlewares/Third_Party/FreeRTOS/Source/portable/MemMang/heap_4.o
 .bss.xMinimumEverFreeBytesRemaining
                0x0000000020004090        0x4 Middlewares/Third_Party/FreeRTOS/Source/portable/MemMang/heap_4.o
 .bss.xNumberOfSuccessfulAllocations
                0x0000000020004094        0x4 Middlewares/Third_Party/FreeRTOS/Source/portable/MemMang/heap_4.o
 .bss.xNumberOfSuccessfulFrees
                0x0000000020004098        0x4 Middlewares/Third_Party/FreeRTOS/Source/portable/MemMang/heap_4.o
 .bss.xStart    0x000000002000409c        0x8 Middlewares/Third_Party/FreeRTOS/Source/portable/MemMang/heap_4.o
 *fill*         0x00000000200040a4        0x4 
 .bss.totalTime_ms_LL_GetTick
                0x00000000200040a8        0x8 sim7600_driver/src/LL_GetTick.o
                0x00000000200040a8                totalTime_ms_LL_GetTick
 .bss.Sim7600BasicConfigSuccess
                0x00000000200040b0        0x1 sim7600_driver/src/sim7600_uart_dma.o
                0x00000000200040b0                Sim7600BasicConfigSuccess
 *fill*         0x00000000200040b1        0x3 
 .bss.UDPsendStatus
                0x00000000200040b4        0x4 sim7600_driver/src/sim7600_uart_dma.o
                0x00000000200040b4                UDPsendStatus
 .bss.cmdSendStatus
                0x00000000200040b8        0x4 sim7600_driver/src/sim7600_uart_dma.o
                0x00000000200040b8                cmdSendStatus
 .bss.memRxOffset.12952
                0x00000000200040bc        0x4 sim7600_driver/src/sim7600_uart_dma.o
 .bss.old_pos.12951
                0x00000000200040c0        0x4 sim7600_driver/src/sim7600_uart_dma.o
 .bss.restartSimstatus
                0x00000000200040c4        0x4 sim7600_driver/src/sim7600_uart_dma.o
                0x00000000200040c4                restartSimstatus
 .bss.sim7600_error
                0x00000000200040c8        0x1 sim7600_driver/src/sim7600_uart_dma.o
                0x00000000200040c8                sim7600_error
 .bss.sim7600_network_IsOpen
                0x00000000200040c9        0x1 sim7600_driver/src/sim7600_uart_dma.o
                0x00000000200040c9                sim7600_network_IsOpen
 *fill*         0x00000000200040ca        0x2 
 .bss.sim7600_open_tcp_connectStatus
                0x00000000200040cc        0x4 sim7600_driver/src/sim7600_uart_dma.o
                0x00000000200040cc                sim7600_open_tcp_connectStatus
 .bss.__malloc_free_list
                0x00000000200040d0        0x4 c:/st/stm32cubeide_1.6.1/stm32cubeide/plugins/com.st.stm32cube.ide.mcu.externaltools.gnu-tools-for-stm32.9-2020-q2-update.win32_1.5.0.202011040924/tools/bin/../lib/gcc/arm-none-eabi/9.3.1/../../../../arm-none-eabi/lib/thumb/v7e-m+fp/hard\libc_nano.a(lib_a-nano-mallocr.o)
                0x00000000200040d0                __malloc_free_list
 .bss.__malloc_sbrk_start
                0x00000000200040d4        0x4 c:/st/stm32cubeide_1.6.1/stm32cubeide/plugins/com.st.stm32cube.ide.mcu.externaltools.gnu-tools-for-stm32.9-2020-q2-update.win32_1.5.0.202011040924/tools/bin/../lib/gcc/arm-none-eabi/9.3.1/../../../../arm-none-eabi/lib/thumb/v7e-m+fp/hard\libc_nano.a(lib_a-nano-mallocr.o)
                0x00000000200040d4                __malloc_sbrk_start
 *(COMMON)
 COMMON         0x00000000200040d8       0x24 Core/Src/main.o
                0x00000000200040d8                defaultTaskHandle
                0x00000000200040dc                playTime
                0x00000000200040e0                sim7600ErrorHandle
                0x00000000200040e4                res2
                0x00000000200040e8                res1
                0x00000000200040ec                res1Length
                0x00000000200040f0                res2Length
                0x00000000200040f4                statusPlay
                0x00000000200040f8                offsetTimer
 COMMON         0x00000000200040fc       0x48 Core/Src/stm32f4xx_hal_timebase_tim.o
                0x00000000200040fc                htim2
 COMMON         0x0000000020004144        0x4 Drivers/STM32F4xx_HAL_Driver/Src/stm32f4xx_hal.o
                0x0000000020004144                uwTick
 COMMON         0x0000000020004148     0x5fa0 sim7600_driver/src/sim7600_uart_dma.o
                0x0000000020004148                sim7600_cmd_buff
                0x00000000200041ac                sim_dma_buffer
                0x0000000020004e2c                sim_buff_length
                0x0000000020004e30                remainDataInApacket
                0x0000000020004e34                BinSemsim7600UpdateResHandle
                0x0000000020004e38                BinSemsim7600UartTxHandle
                0x0000000020004e3c                mp3Packet
                0x0000000020009aa4                remainBytesInApacket
                0x0000000020009aa8                sim_buff
 COMMON         0x000000002000a0e8        0x4 c:/st/stm32cubeide_1.6.1/stm32cubeide/plugins/com.st.stm32cube.ide.mcu.externaltools.gnu-tools-for-stm32.9-2020-q2-update.win32_1.5.0.202011040924/tools/bin/../lib/gcc/arm-none-eabi/9.3.1/../../../../arm-none-eabi/lib/thumb/v7e-m+fp/hard\libc_nano.a(lib_a-reent.o)
                0x000000002000a0e8                errno
 COMMON         0x000000002000a0ec        0x9 c:/st/stm32cubeide_1.6.1/stm32cubeide/plugins/com.st.stm32cube.ide.mcu.externaltools.gnu-tools-for-stm32.9-2020-q2-update.win32_1.5.0.202011040924/tools/bin/../lib/gcc/arm-none-eabi/9.3.1/../../../../arm-none-eabi/lib/thumb/v7e-m+fp/hard\libc_nano.a(lib_a-lock.o)
                0x000000002000a0ec                __lock___atexit_recursive_mutex
                0x000000002000a0ed                __lock___arc4random_mutex
                0x000000002000a0ee                __lock___env_recursive_mutex
                0x000000002000a0ef                __lock___sinit_recursive_mutex
                0x000000002000a0f0                __lock___malloc_recursive_mutex
                0x000000002000a0f1                __lock___at_quick_exit_mutex
                0x000000002000a0f2                __lock___dd_hash_mutex
                0x000000002000a0f3                __lock___tz_mutex
                0x000000002000a0f4                __lock___sfp_recursive_mutex
                0x000000002000a0f8                . = ALIGN (0x4)
 *fill*         0x000000002000a0f5        0x3 
                0x000000002000a0f8                _ebss = .
                0x000000002000a0f8                __bss_end__ = _ebss

._user_heap_stack
                0x000000002000a0f8      0x600 load address 0x00000000080041bc
                0x000000002000a0f8                . = ALIGN (0x8)
                [!provide]                        PROVIDE (end = .)
                0x000000002000a0f8                PROVIDE (_end = .)
                0x000000002000a2f8                . = (. + _Min_Heap_Size)
 *fill*         0x000000002000a0f8      0x200 
                0x000000002000a6f8                . = (. + _Min_Stack_Size)
 *fill*         0x000000002000a2f8      0x400 
                0x000000002000a6f8                . = ALIGN (0x8)

/DISCARD/
 libc.a(*)
 libm.a(*)
 libgcc.a(*)

.ARM.attributes
                0x0000000000000000       0x30
 *(.ARM.attributes)
 .ARM.attributes
                0x0000000000000000       0x1e c:/st/stm32cubeide_1.6.1/stm32cubeide/plugins/com.st.stm32cube.ide.mcu.externaltools.gnu-tools-for-stm32.9-2020-q2-update.win32_1.5.0.202011040924/tools/bin/../lib/gcc/arm-none-eabi/9.3.1/thumb/v7e-m+fp/hard/crti.o
 .ARM.attributes
                0x000000000000001e       0x34 c:/st/stm32cubeide_1.6.1/stm32cubeide/plugins/com.st.stm32cube.ide.mcu.externaltools.gnu-tools-for-stm32.9-2020-q2-update.win32_1.5.0.202011040924/tools/bin/../lib/gcc/arm-none-eabi/9.3.1/thumb/v7e-m+fp/hard/crtbegin.o
 .ARM.attributes
                0x0000000000000052       0x34 Core/Src/freertos.o
 .ARM.attributes
                0x0000000000000086       0x34 Core/Src/main.o
 .ARM.attributes
                0x00000000000000ba       0x34 Core/Src/stm32f4xx_hal_msp.o
 .ARM.attributes
                0x00000000000000ee       0x34 Core/Src/stm32f4xx_hal_timebase_tim.o
 .ARM.attributes
                0x0000000000000122       0x34 Core/Src/stm32f4xx_it.o
 .ARM.attributes
                0x0000000000000156       0x34 Core/Src/sysmem.o
 .ARM.attributes
                0x000000000000018a       0x34 Core/Src/system_stm32f4xx.o
 .ARM.attributes
                0x00000000000001be       0x21 Core/Startup/startup_stm32f407vetx.o
 .ARM.attributes
                0x00000000000001df       0x34 Drivers/STM32F4xx_HAL_Driver/Src/stm32f4xx_hal.o
 .ARM.attributes
                0x0000000000000213       0x34 Drivers/STM32F4xx_HAL_Driver/Src/stm32f4xx_hal_cortex.o
 .ARM.attributes
                0x0000000000000247       0x34 Drivers/STM32F4xx_HAL_Driver/Src/stm32f4xx_hal_rcc.o
 .ARM.attributes
                0x000000000000027b       0x34 Drivers/STM32F4xx_HAL_Driver/Src/stm32f4xx_hal_tim.o
 .ARM.attributes
                0x00000000000002af       0x34 Drivers/STM32F4xx_HAL_Driver/Src/stm32f4xx_hal_tim_ex.o
 .ARM.attributes
                0x00000000000002e3       0x34 Drivers/STM32F4xx_HAL_Driver/Src/stm32f4xx_ll_gpio.o
 .ARM.attributes
                0x0000000000000317       0x34 Drivers/STM32F4xx_HAL_Driver/Src/stm32f4xx_ll_rcc.o
 .ARM.attributes
                0x000000000000034b       0x34 Drivers/STM32F4xx_HAL_Driver/Src/stm32f4xx_ll_tim.o
 .ARM.attributes
                0x000000000000037f       0x34 Drivers/STM32F4xx_HAL_Driver/Src/stm32f4xx_ll_usart.o
 .ARM.attributes
                0x00000000000003b3       0x34 Drivers/STM32F4xx_HAL_Driver/Src/stm32f4xx_ll_utils.o
 .ARM.attributes
                0x00000000000003e7       0x34 Middlewares/Third_Party/FreeRTOS/Source/CMSIS_RTOS/cmsis_os.o
 .ARM.attributes
                0x000000000000041b       0x34 Middlewares/Third_Party/FreeRTOS/Source/list.o
 .ARM.attributes
                0x000000000000044f       0x34 Middlewares/Third_Party/FreeRTOS/Source/queue.o
 .ARM.attributes
                0x0000000000000483       0x34 Middlewares/Third_Party/FreeRTOS/Source/tasks.o
 .ARM.attributes
                0x00000000000004b7       0x34 Middlewares/Third_Party/FreeRTOS/Source/portable/GCC/ARM_CM4F/port.o
 .ARM.attributes
                0x00000000000004eb       0x34 Middlewares/Third_Party/FreeRTOS/Source/portable/MemMang/heap_4.o
 .ARM.attributes
                0x000000000000051f       0x34 sim7600_driver/src/LL_GetTick.o
 .ARM.attributes
                0x0000000000000553       0x34 sim7600_driver/src/sim7600_uart_dma.o
 .ARM.attributes
                0x0000000000000587       0x34 c:/st/stm32cubeide_1.6.1/stm32cubeide/plugins/com.st.stm32cube.ide.mcu.externaltools.gnu-tools-for-stm32.9-2020-q2-update.win32_1.5.0.202011040924/tools/bin/../lib/gcc/arm-none-eabi/9.3.1/../../../../arm-none-eabi/lib/thumb/v7e-m+fp/hard\libc_nano.a(lib_a-errno.o)
 .ARM.attributes
                0x00000000000005bb       0x32 c:/st/stm32cubeide_1.6.1/stm32cubeide/plugins/com.st.stm32cube.ide.mcu.externaltools.gnu-tools-for-stm32.9-2020-q2-update.win32_1.5.0.202011040924/tools/bin/../lib/gcc/arm-none-eabi/9.3.1/../../../../arm-none-eabi/lib/thumb/v7e-m+fp/hard\libc_nano.a(lib_a-impure.o)
 .ARM.attributes
                0x00000000000005ed       0x34 c:/st/stm32cubeide_1.6.1/stm32cubeide/plugins/com.st.stm32cube.ide.mcu.externaltools.gnu-tools-for-stm32.9-2020-q2-update.win32_1.5.0.202011040924/tools/bin/../lib/gcc/arm-none-eabi/9.3.1/../../../../arm-none-eabi/lib/thumb/v7e-m+fp/hard\libc_nano.a(lib_a-init.o)
 .ARM.attributes
                0x0000000000000621       0x34 c:/st/stm32cubeide_1.6.1/stm32cubeide/plugins/com.st.stm32cube.ide.mcu.externaltools.gnu-tools-for-stm32.9-2020-q2-update.win32_1.5.0.202011040924/tools/bin/../lib/gcc/arm-none-eabi/9.3.1/../../../../arm-none-eabi/lib/thumb/v7e-m+fp/hard\libc_nano.a(lib_a-memcpy-stub.o)
 .ARM.attributes
                0x0000000000000655       0x34 c:/st/stm32cubeide_1.6.1/stm32cubeide/plugins/com.st.stm32cube.ide.mcu.externaltools.gnu-tools-for-stm32.9-2020-q2-update.win32_1.5.0.202011040924/tools/bin/../lib/gcc/arm-none-eabi/9.3.1/../../../../arm-none-eabi/lib/thumb/v7e-m+fp/hard\libc_nano.a(lib_a-memset.o)
 .ARM.attributes
                0x0000000000000689       0x34 c:/st/stm32cubeide_1.6.1/stm32cubeide/plugins/com.st.stm32cube.ide.mcu.externaltools.gnu-tools-for-stm32.9-2020-q2-update.win32_1.5.0.202011040924/tools/bin/../lib/gcc/arm-none-eabi/9.3.1/../../../../arm-none-eabi/lib/thumb/v7e-m+fp/hard\libc_nano.a(lib_a-sprintf.o)
 .ARM.attributes
                0x00000000000006bd       0x17 c:/st/stm32cubeide_1.6.1/stm32cubeide/plugins/com.st.stm32cube.ide.mcu.externaltools.gnu-tools-for-stm32.9-2020-q2-update.win32_1.5.0.202011040924/tools/bin/../lib/gcc/arm-none-eabi/9.3.1/../../../../arm-none-eabi/lib/thumb/v7e-m+fp/hard\libc_nano.a(lib_a-strlen.o)
 .ARM.attributes
                0x00000000000006d4       0x34 c:/st/stm32cubeide_1.6.1/stm32cubeide/plugins/com.st.stm32cube.ide.mcu.externaltools.gnu-tools-for-stm32.9-2020-q2-update.win32_1.5.0.202011040924/tools/bin/../lib/gcc/arm-none-eabi/9.3.1/../../../../arm-none-eabi/lib/thumb/v7e-m+fp/hard\libc_nano.a(lib_a-strstr.o)
 .ARM.attributes
                0x0000000000000708       0x34 c:/st/stm32cubeide_1.6.1/stm32cubeide/plugins/com.st.stm32cube.ide.mcu.externaltools.gnu-tools-for-stm32.9-2020-q2-update.win32_1.5.0.202011040924/tools/bin/../lib/gcc/arm-none-eabi/9.3.1/../../../../arm-none-eabi/lib/thumb/v7e-m+fp/hard\libc_nano.a(lib_a-nano-svfprintf.o)
 .ARM.attributes
                0x000000000000073c       0x34 c:/st/stm32cubeide_1.6.1/stm32cubeide/plugins/com.st.stm32cube.ide.mcu.externaltools.gnu-tools-for-stm32.9-2020-q2-update.win32_1.5.0.202011040924/tools/bin/../lib/gcc/arm-none-eabi/9.3.1/../../../../arm-none-eabi/lib/thumb/v7e-m+fp/hard\libc_nano.a(lib_a-nano-vfprintf_i.o)
 .ARM.attributes
                0x0000000000000770       0x1c c:/st/stm32cubeide_1.6.1/stm32cubeide/plugins/com.st.stm32cube.ide.mcu.externaltools.gnu-tools-for-stm32.9-2020-q2-update.win32_1.5.0.202011040924/tools/bin/../lib/gcc/arm-none-eabi/9.3.1/../../../../arm-none-eabi/lib/thumb/v7e-m+fp/hard\libc_nano.a(lib_a-memchr.o)
 .ARM.attributes
                0x000000000000078c       0x34 c:/st/stm32cubeide_1.6.1/stm32cubeide/plugins/com.st.stm32cube.ide.mcu.externaltools.gnu-tools-for-stm32.9-2020-q2-update.win32_1.5.0.202011040924/tools/bin/../lib/gcc/arm-none-eabi/9.3.1/../../../../arm-none-eabi/lib/thumb/v7e-m+fp/hard\libc_nano.a(lib_a-memmove.o)
 .ARM.attributes
                0x00000000000007c0       0x34 c:/st/stm32cubeide_1.6.1/stm32cubeide/plugins/com.st.stm32cube.ide.mcu.externaltools.gnu-tools-for-stm32.9-2020-q2-update.win32_1.5.0.202011040924/tools/bin/../lib/gcc/arm-none-eabi/9.3.1/../../../../arm-none-eabi/lib/thumb/v7e-m+fp/hard\libc_nano.a(lib_a-nano-freer.o)
 .ARM.attributes
                0x00000000000007f4       0x34 c:/st/stm32cubeide_1.6.1/stm32cubeide/plugins/com.st.stm32cube.ide.mcu.externaltools.gnu-tools-for-stm32.9-2020-q2-update.win32_1.5.0.202011040924/tools/bin/../lib/gcc/arm-none-eabi/9.3.1/../../../../arm-none-eabi/lib/thumb/v7e-m+fp/hard\libc_nano.a(lib_a-nano-mallocr.o)
 .ARM.attributes
                0x0000000000000828       0x34 c:/st/stm32cubeide_1.6.1/stm32cubeide/plugins/com.st.stm32cube.ide.mcu.externaltools.gnu-tools-for-stm32.9-2020-q2-update.win32_1.5.0.202011040924/tools/bin/../lib/gcc/arm-none-eabi/9.3.1/../../../../arm-none-eabi/lib/thumb/v7e-m+fp/hard\libc_nano.a(lib_a-nano-reallocr.o)
 .ARM.attributes
                0x000000000000085c       0x34 c:/st/stm32cubeide_1.6.1/stm32cubeide/plugins/com.st.stm32cube.ide.mcu.externaltools.gnu-tools-for-stm32.9-2020-q2-update.win32_1.5.0.202011040924/tools/bin/../lib/gcc/arm-none-eabi/9.3.1/../../../../arm-none-eabi/lib/thumb/v7e-m+fp/hard\libc_nano.a(lib_a-sbrkr.o)
 .ARM.attributes
                0x0000000000000890       0x34 c:/st/stm32cubeide_1.6.1/stm32cubeide/plugins/com.st.stm32cube.ide.mcu.externaltools.gnu-tools-for-stm32.9-2020-q2-update.win32_1.5.0.202011040924/tools/bin/../lib/gcc/arm-none-eabi/9.3.1/../../../../arm-none-eabi/lib/thumb/v7e-m+fp/hard\libc_nano.a(lib_a-mlock.o)
 .ARM.attributes
                0x00000000000008c4       0x34 c:/st/stm32cubeide_1.6.1/stm32cubeide/plugins/com.st.stm32cube.ide.mcu.externaltools.gnu-tools-for-stm32.9-2020-q2-update.win32_1.5.0.202011040924/tools/bin/../lib/gcc/arm-none-eabi/9.3.1/../../../../arm-none-eabi/lib/thumb/v7e-m+fp/hard\libc_nano.a(lib_a-nano-msizer.o)
 .ARM.attributes
                0x00000000000008f8       0x34 c:/st/stm32cubeide_1.6.1/stm32cubeide/plugins/com.st.stm32cube.ide.mcu.externaltools.gnu-tools-for-stm32.9-2020-q2-update.win32_1.5.0.202011040924/tools/bin/../lib/gcc/arm-none-eabi/9.3.1/../../../../arm-none-eabi/lib/thumb/v7e-m+fp/hard\libc_nano.a(lib_a-reent.o)
 .ARM.attributes
                0x000000000000092c       0x34 c:/st/stm32cubeide_1.6.1/stm32cubeide/plugins/com.st.stm32cube.ide.mcu.externaltools.gnu-tools-for-stm32.9-2020-q2-update.win32_1.5.0.202011040924/tools/bin/../lib/gcc/arm-none-eabi/9.3.1/../../../../arm-none-eabi/lib/thumb/v7e-m+fp/hard\libc_nano.a(lib_a-lock.o)
 .ARM.attributes
                0x0000000000000960       0x1e c:/st/stm32cubeide_1.6.1/stm32cubeide/plugins/com.st.stm32cube.ide.mcu.externaltools.gnu-tools-for-stm32.9-2020-q2-update.win32_1.5.0.202011040924/tools/bin/../lib/gcc/arm-none-eabi/9.3.1/thumb/v7e-m+fp/hard\libgcc.a(_aeabi_uldivmod.o)
 .ARM.attributes
                0x000000000000097e       0x34 c:/st/stm32cubeide_1.6.1/stm32cubeide/plugins/com.st.stm32cube.ide.mcu.externaltools.gnu-tools-for-stm32.9-2020-q2-update.win32_1.5.0.202011040924/tools/bin/../lib/gcc/arm-none-eabi/9.3.1/thumb/v7e-m+fp/hard\libgcc.a(_udivmoddi4.o)
 .ARM.attributes
                0x00000000000009b2       0x1e c:/st/stm32cubeide_1.6.1/stm32cubeide/plugins/com.st.stm32cube.ide.mcu.externaltools.gnu-tools-for-stm32.9-2020-q2-update.win32_1.5.0.202011040924/tools/bin/../lib/gcc/arm-none-eabi/9.3.1/thumb/v7e-m+fp/hard\libgcc.a(_dvmd_tls.o)
 .ARM.attributes
                0x00000000000009d0       0x1e c:/st/stm32cubeide_1.6.1/stm32cubeide/plugins/com.st.stm32cube.ide.mcu.externaltools.gnu-tools-for-stm32.9-2020-q2-update.win32_1.5.0.202011040924/tools/bin/../lib/gcc/arm-none-eabi/9.3.1/thumb/v7e-m+fp/hard/crtn.o
OUTPUT(sim7600LL.elf elf32-littlearm)
LOAD linker stubs
LOAD c:/st/stm32cubeide_1.6.1/stm32cubeide/plugins/com.st.stm32cube.ide.mcu.externaltools.gnu-tools-for-stm32.9-2020-q2-update.win32_1.5.0.202011040924/tools/bin/../lib/gcc/arm-none-eabi/9.3.1/../../../../arm-none-eabi/lib/thumb/v7e-m+fp/hard\libc.a
LOAD c:/st/stm32cubeide_1.6.1/stm32cubeide/plugins/com.st.stm32cube.ide.mcu.externaltools.gnu-tools-for-stm32.9-2020-q2-update.win32_1.5.0.202011040924/tools/bin/../lib/gcc/arm-none-eabi/9.3.1/../../../../arm-none-eabi/lib/thumb/v7e-m+fp/hard\libm.a
LOAD c:/st/stm32cubeide_1.6.1/stm32cubeide/plugins/com.st.stm32cube.ide.mcu.externaltools.gnu-tools-for-stm32.9-2020-q2-update.win32_1.5.0.202011040924/tools/bin/../lib/gcc/arm-none-eabi/9.3.1/thumb/v7e-m+fp/hard\libgcc.a

.comment        0x0000000000000000       0x53
 .comment       0x0000000000000000       0x53 Core/Src/freertos.o
                                         0x54 (size before relaxing)
 .comment       0x0000000000000053       0x54 Core/Src/main.o
 .comment       0x0000000000000053       0x54 Core/Src/stm32f4xx_hal_msp.o
 .comment       0x0000000000000053       0x54 Core/Src/stm32f4xx_hal_timebase_tim.o
 .comment       0x0000000000000053       0x54 Core/Src/stm32f4xx_it.o
 .comment       0x0000000000000053       0x54 Core/Src/sysmem.o
 .comment       0x0000000000000053       0x54 Core/Src/system_stm32f4xx.o
 .comment       0x0000000000000053       0x54 Drivers/STM32F4xx_HAL_Driver/Src/stm32f4xx_hal.o
 .comment       0x0000000000000053       0x54 Drivers/STM32F4xx_HAL_Driver/Src/stm32f4xx_hal_cortex.o
 .comment       0x0000000000000053       0x54 Drivers/STM32F4xx_HAL_Driver/Src/stm32f4xx_hal_rcc.o
 .comment       0x0000000000000053       0x54 Drivers/STM32F4xx_HAL_Driver/Src/stm32f4xx_hal_tim.o
 .comment       0x0000000000000053       0x54 Drivers/STM32F4xx_HAL_Driver/Src/stm32f4xx_hal_tim_ex.o
 .comment       0x0000000000000053       0x54 Drivers/STM32F4xx_HAL_Driver/Src/stm32f4xx_ll_gpio.o
 .comment       0x0000000000000053       0x54 Drivers/STM32F4xx_HAL_Driver/Src/stm32f4xx_ll_rcc.o
 .comment       0x0000000000000053       0x54 Drivers/STM32F4xx_HAL_Driver/Src/stm32f4xx_ll_tim.o
 .comment       0x0000000000000053       0x54 Drivers/STM32F4xx_HAL_Driver/Src/stm32f4xx_ll_usart.o
 .comment       0x0000000000000053       0x54 Drivers/STM32F4xx_HAL_Driver/Src/stm32f4xx_ll_utils.o
 .comment       0x0000000000000053       0x54 Middlewares/Third_Party/FreeRTOS/Source/CMSIS_RTOS/cmsis_os.o
 .comment       0x0000000000000053       0x54 Middlewares/Third_Party/FreeRTOS/Source/list.o
 .comment       0x0000000000000053       0x54 Middlewares/Third_Party/FreeRTOS/Source/queue.o
 .comment       0x0000000000000053       0x54 Middlewares/Third_Party/FreeRTOS/Source/tasks.o
 .comment       0x0000000000000053       0x54 Middlewares/Third_Party/FreeRTOS/Source/portable/GCC/ARM_CM4F/port.o
 .comment       0x0000000000000053       0x54 Middlewares/Third_Party/FreeRTOS/Source/portable/MemMang/heap_4.o
 .comment       0x0000000000000053       0x54 sim7600_driver/src/LL_GetTick.o
 .comment       0x0000000000000053       0x54 sim7600_driver/src/sim7600_uart_dma.o

.debug_frame    0x0000000000000000      0x4d4
 .debug_frame   0x0000000000000000       0x20 c:/st/stm32cubeide_1.6.1/stm32cubeide/plugins/com.st.stm32cube.ide.mcu.externaltools.gnu-tools-for-stm32.9-2020-q2-update.win32_1.5.0.202011040924/tools/bin/../lib/gcc/arm-none-eabi/9.3.1/../../../../arm-none-eabi/lib/thumb/v7e-m+fp/hard\libc_nano.a(lib_a-errno.o)
 .debug_frame   0x0000000000000020       0x2c c:/st/stm32cubeide_1.6.1/stm32cubeide/plugins/com.st.stm32cube.ide.mcu.externaltools.gnu-tools-for-stm32.9-2020-q2-update.win32_1.5.0.202011040924/tools/bin/../lib/gcc/arm-none-eabi/9.3.1/../../../../arm-none-eabi/lib/thumb/v7e-m+fp/hard\libc_nano.a(lib_a-init.o)
 .debug_frame   0x000000000000004c       0x28 c:/st/stm32cubeide_1.6.1/stm32cubeide/plugins/com.st.stm32cube.ide.mcu.externaltools.gnu-tools-for-stm32.9-2020-q2-update.win32_1.5.0.202011040924/tools/bin/../lib/gcc/arm-none-eabi/9.3.1/../../../../arm-none-eabi/lib/thumb/v7e-m+fp/hard\libc_nano.a(lib_a-memcpy-stub.o)
 .debug_frame   0x0000000000000074       0x20 c:/st/stm32cubeide_1.6.1/stm32cubeide/plugins/com.st.stm32cube.ide.mcu.externaltools.gnu-tools-for-stm32.9-2020-q2-update.win32_1.5.0.202011040924/tools/bin/../lib/gcc/arm-none-eabi/9.3.1/../../../../arm-none-eabi/lib/thumb/v7e-m+fp/hard\libc_nano.a(lib_a-memset.o)
 .debug_frame   0x0000000000000094       0x6c c:/st/stm32cubeide_1.6.1/stm32cubeide/plugins/com.st.stm32cube.ide.mcu.externaltools.gnu-tools-for-stm32.9-2020-q2-update.win32_1.5.0.202011040924/tools/bin/../lib/gcc/arm-none-eabi/9.3.1/../../../../arm-none-eabi/lib/thumb/v7e-m+fp/hard\libc_nano.a(lib_a-sprintf.o)
 .debug_frame   0x0000000000000100       0x30 c:/st/stm32cubeide_1.6.1/stm32cubeide/plugins/com.st.stm32cube.ide.mcu.externaltools.gnu-tools-for-stm32.9-2020-q2-update.win32_1.5.0.202011040924/tools/bin/../lib/gcc/arm-none-eabi/9.3.1/../../../../arm-none-eabi/lib/thumb/v7e-m+fp/hard\libc_nano.a(lib_a-strstr.o)
 .debug_frame   0x0000000000000130       0x90 c:/st/stm32cubeide_1.6.1/stm32cubeide/plugins/com.st.stm32cube.ide.mcu.externaltools.gnu-tools-for-stm32.9-2020-q2-update.win32_1.5.0.202011040924/tools/bin/../lib/gcc/arm-none-eabi/9.3.1/../../../../arm-none-eabi/lib/thumb/v7e-m+fp/hard\libc_nano.a(lib_a-nano-svfprintf.o)
 .debug_frame   0x00000000000001c0       0x60 c:/st/stm32cubeide_1.6.1/stm32cubeide/plugins/com.st.stm32cube.ide.mcu.externaltools.gnu-tools-for-stm32.9-2020-q2-update.win32_1.5.0.202011040924/tools/bin/../lib/gcc/arm-none-eabi/9.3.1/../../../../arm-none-eabi/lib/thumb/v7e-m+fp/hard\libc_nano.a(lib_a-nano-vfprintf_i.o)
 .debug_frame   0x0000000000000220       0x28 c:/st/stm32cubeide_1.6.1/stm32cubeide/plugins/com.st.stm32cube.ide.mcu.externaltools.gnu-tools-for-stm32.9-2020-q2-update.win32_1.5.0.202011040924/tools/bin/../lib/gcc/arm-none-eabi/9.3.1/../../../../arm-none-eabi/lib/thumb/v7e-m+fp/hard\libc_nano.a(lib_a-memmove.o)
 .debug_frame   0x0000000000000248       0x38 c:/st/stm32cubeide_1.6.1/stm32cubeide/plugins/com.st.stm32cube.ide.mcu.externaltools.gnu-tools-for-stm32.9-2020-q2-update.win32_1.5.0.202011040924/tools/bin/../lib/gcc/arm-none-eabi/9.3.1/../../../../arm-none-eabi/lib/thumb/v7e-m+fp/hard\libc_nano.a(lib_a-nano-freer.o)
 .debug_frame   0x0000000000000280       0x30 c:/st/stm32cubeide_1.6.1/stm32cubeide/plugins/com.st.stm32cube.ide.mcu.externaltools.gnu-tools-for-stm32.9-2020-q2-update.win32_1.5.0.202011040924/tools/bin/../lib/gcc/arm-none-eabi/9.3.1/../../../../arm-none-eabi/lib/thumb/v7e-m+fp/hard\libc_nano.a(lib_a-nano-mallocr.o)
 .debug_frame   0x00000000000002b0       0x3c c:/st/stm32cubeide_1.6.1/stm32cubeide/plugins/com.st.stm32cube.ide.mcu.externaltools.gnu-tools-for-stm32.9-2020-q2-update.win32_1.5.0.202011040924/tools/bin/../lib/gcc/arm-none-eabi/9.3.1/../../../../arm-none-eabi/lib/thumb/v7e-m+fp/hard\libc_nano.a(lib_a-nano-reallocr.o)
 .debug_frame   0x00000000000002ec       0x2c c:/st/stm32cubeide_1.6.1/stm32cubeide/plugins/com.st.stm32cube.ide.mcu.externaltools.gnu-tools-for-stm32.9-2020-q2-update.win32_1.5.0.202011040924/tools/bin/../lib/gcc/arm-none-eabi/9.3.1/../../../../arm-none-eabi/lib/thumb/v7e-m+fp/hard\libc_nano.a(lib_a-sbrkr.o)
 .debug_frame   0x0000000000000318       0x30 c:/st/stm32cubeide_1.6.1/stm32cubeide/plugins/com.st.stm32cube.ide.mcu.externaltools.gnu-tools-for-stm32.9-2020-q2-update.win32_1.5.0.202011040924/tools/bin/../lib/gcc/arm-none-eabi/9.3.1/../../../../arm-none-eabi/lib/thumb/v7e-m+fp/hard\libc_nano.a(lib_a-mlock.o)
 .debug_frame   0x0000000000000348       0x20 c:/st/stm32cubeide_1.6.1/stm32cubeide/plugins/com.st.stm32cube.ide.mcu.externaltools.gnu-tools-for-stm32.9-2020-q2-update.win32_1.5.0.202011040924/tools/bin/../lib/gcc/arm-none-eabi/9.3.1/../../../../arm-none-eabi/lib/thumb/v7e-m+fp/hard\libc_nano.a(lib_a-nano-msizer.o)
 .debug_frame   0x0000000000000368       0x5c c:/st/stm32cubeide_1.6.1/stm32cubeide/plugins/com.st.stm32cube.ide.mcu.externaltools.gnu-tools-for-stm32.9-2020-q2-update.win32_1.5.0.202011040924/tools/bin/../lib/gcc/arm-none-eabi/9.3.1/../../../../arm-none-eabi/lib/thumb/v7e-m+fp/hard\libc_nano.a(lib_a-reent.o)
 .debug_frame   0x00000000000003c4       0xb0 c:/st/stm32cubeide_1.6.1/stm32cubeide/plugins/com.st.stm32cube.ide.mcu.externaltools.gnu-tools-for-stm32.9-2020-q2-update.win32_1.5.0.202011040924/tools/bin/../lib/gcc/arm-none-eabi/9.3.1/../../../../arm-none-eabi/lib/thumb/v7e-m+fp/hard\libc_nano.a(lib_a-lock.o)
 .debug_frame   0x0000000000000474       0x2c c:/st/stm32cubeide_1.6.1/stm32cubeide/plugins/com.st.stm32cube.ide.mcu.externaltools.gnu-tools-for-stm32.9-2020-q2-update.win32_1.5.0.202011040924/tools/bin/../lib/gcc/arm-none-eabi/9.3.1/thumb/v7e-m+fp/hard\libgcc.a(_aeabi_uldivmod.o)
 .debug_frame   0x00000000000004a0       0x34 c:/st/stm32cubeide_1.6.1/stm32cubeide/plugins/com.st.stm32cube.ide.mcu.externaltools.gnu-tools-for-stm32.9-2020-q2-update.win32_1.5.0.202011040924/tools/bin/../lib/gcc/arm-none-eabi/9.3.1/thumb/v7e-m+fp/hard\libgcc.a(_udivmoddi4.o)
