vs1003.c:51:16:VS1003_SPI_ReadByte	16	static
vs1003.c:65:16:VS1003_SPI_WriteByte	24	static
vs1003.c:80:6:VS1003_Init	8	static
vs1003.c:95:6:VS1003_WriteReg	16	static
vs1003.c:113:10:VS1003_ReadReg	24	static
vs1003.c:140:6:VS1003_ResetDecodeTime	8	static
vs1003.c:148:10:VS1003_GetDecodeTime	8	static
vs1003.c:155:6:VS1003_SoftReset	8	static
vs1003.c:184:6:VS1003_SetVol	16	static
vs1003.c:191:6:VS1003_Record_Init	16	static
vs1003.c:304:6:VS1003_PlayBeep_DMA	8	static
vs1003.c:312:6:VS1003_Play_Data_DMA	16	static
vs1003.c:319:6:VS1003_Play_1frameMute_DMA	8	static
vs1003.c:326:6:DREQ_VS1003_IRQhandler	8	static
vs1003.c:340:6:VS1003_PlayBeep	16	static
