vs1003.c:51:16:VS1003_SPI_ReadByte	16	static
vs1003.c:65:16:VS1003_SPI_WriteByte	24	static
vs1003.c:80:6:VS1003_Init	8	static
vs1003.c:93:6:VS1003_WriteReg	16	static
vs1003.c:111:10:VS1003_ReadReg	24	static
vs1003.c:138:6:VS1003_ResetDecodeTime	8	static
vs1003.c:146:10:VS1003_GetDecodeTime	8	static
vs1003.c:153:6:VS1003_SoftReset	8	static
vs1003.c:182:6:VS1003_SetVol	16	static
vs1003.c:189:6:VS1003_Record_Init	16	static
vs1003.c:302:6:VS1003_PlayBeep_DMA	8	static
vs1003.c:310:6:VS1003_Play_Data_DMA	16	static
vs1003.c:317:6:VS1003_Play_1frameMute_DMA	8	static
vs1003.c:324:6:DREQ_VS1003_IRQhandler	8	static
vs1003.c:338:6:VS1003_PlayBeep	16	static
