core_cm4.h:1676:26:__NVIC_GetPriorityGrouping	4	static
core_cm4.h:1688:22:__NVIC_EnableIRQ	16	static
core_cm4.h:1816:22:__NVIC_SetPriority	16	static
core_cm4.h:1863:26:NVIC_EncodePriority	40	static
stm32f4xx_ll_dma.h:596:22:LL_DMA_SetDataTransferDirection	24	static
stm32f4xx_ll_dma.h:644:22:LL_DMA_SetMode	24	static
stm32f4xx_ll_dma.h:691:22:LL_DMA_SetPeriphIncMode	24	static
stm32f4xx_ll_dma.h:736:22:LL_DMA_SetMemoryIncMode	24	static
stm32f4xx_ll_dma.h:782:22:LL_DMA_SetPeriphSize	24	static
stm32f4xx_ll_dma.h:829:22:LL_DMA_SetMemorySize	24	static
stm32f4xx_ll_dma.h:922:22:LL_DMA_SetStreamPriorityLevel	24	static
stm32f4xx_ll_dma.h:1020:22:LL_DMA_SetChannelSelection	24	static
stm32f4xx_ll_dma.h:1277:22:LL_DMA_DisableFifoMode	16	static
stm32f4xx_ll_dma.h:1460:22:LL_DMA_SetPeriphAddress	24	static
stm32f4xx_ll_dma.h:2587:22:LL_DMA_EnableIT_TC	16	static
stm32f4xx_ll_bus.h:411:22:LL_AHB1_GRP1_EnableClock	24	static
stm32f4xx_ll_bus.h:1187:22:LL_APB1_GRP1_EnableClock	24	static
stm32f4xx_ll_system.h:670:22:LL_SYSCFG_SetEXTISource	24	static,ignoring_inline_asm
stm32f4xx_ll_spi.h:298:22:LL_SPI_Enable	16	static
stm32f4xx_ll_spi.h:366:22:LL_SPI_SetStandard	16	static
stm32f4xx_ll_spi.h:732:26:LL_SPI_IsActiveFlag_RXNE	16	static
stm32f4xx_ll_spi.h:743:26:LL_SPI_IsActiveFlag_TXE	16	static
stm32f4xx_ll_spi.h:776:26:LL_SPI_IsActiveFlag_OVR	16	static
stm32f4xx_ll_spi.h:1024:22:LL_SPI_EnableDMAReq_TX	16	static
stm32f4xx_ll_gpio.h:274:22:LL_GPIO_SetPinMode	40	static,ignoring_inline_asm
stm32f4xx_ll_gpio.h:485:22:LL_GPIO_SetPinPull	40	static,ignoring_inline_asm
stm32f4xx_ll_gpio.h:772:26:LL_GPIO_ReadInputPort	16	static
stm32f4xx_ll_gpio.h:882:22:LL_GPIO_SetOutputPin	16	static
stm32f4xx_ll_gpio.h:911:22:LL_GPIO_ResetOutputPin	16	static
vs1003.c:26:16:VS1003_SPI_ReadByte	16	static
vs1003.c:71:13:VS1003_SPI_WriteByte	24	static
vs1003.c:102:6:vs1003_gpio_init	40	static
vs1003.c:147:6:vs1003_spi_init	72	static
vs1003.c:221:6:VS1003_Init	8	static
vs1003.c:235:6:VS1003_WriteReg	16	static
vs1003.c:253:10:VS1003_ReadReg	24	static
vs1003.c:279:6:VS1003_ResetDecodeTime	8	static
vs1003.c:287:10:VS1003_GetDecodeTime	8	static
vs1003.c:294:6:VS1003_SoftReset	16	static
vs1003.c:321:6:VS1003_SetVol	16	static
vs1003.c:361:6:VS1003_PlayBeep	16	static
vs1003.c:378:6:VS1003_PlayBeep_DMA	8	static
vs1003.c:385:6:VS1003_PlayMute_DMA	8	static
