vs1003.c:51:16:VS1003_SPI_ReadByte	16	static
vs1003.c:65:16:VS1003_SPI_WriteByte	24	static
vs1003.c:80:6:VS1003_Init	8	static
vs1003.c:93:6:VS1003_WriteReg	16	static
vs1003.c:110:10:VS1003_ReadReg	24	static
vs1003.c:136:6:VS1003_ResetDecodeTime	8	static
vs1003.c:144:10:VS1003_GetDecodeTime	8	static
vs1003.c:151:6:VS1003_SoftReset	16	static
vs1003.c:180:6:VS1003_SineTest	8	static
vs1003.c:259:6:VS1003_RamTest	8	static
vs1003.c:283:6:VS1003_SetVol	16	static
vs1003.c:290:6:VS1003_Record_Init	16	static
vs1003.c:403:6:VS1003_PlayBeep_DMA	8	static
vs1003.c:411:6:VS1003_Play_Data_DMA	16	static
vs1003.c:418:6:VS1003_Play_1frameMute_DMA	8	static
vs1003.c:425:6:DREQ_VS1003_IRQhandler	8	static
vs1003.c:439:6:VS1003_PlayBeep	16	static
